Component: ARM Compiler 5.06 update 6 (build 750) Tool: armlink [4d35ed]

==============================================================================

Section Cross References

    main.o(i.main) refers to sys.o(i.Cache_Enable) for Cache_Enable
    main.o(i.main) refers to mpu.o(i.MPU_Memory_Protection) for MPU_Memory_Protection
    main.o(i.main) refers to stm32f7xx_hal.o(i.HAL_Init) for HAL_Init
    main.o(i.main) refers to sys.o(i.Stm32_Clock_Init) for Stm32_Clock_Init
    main.o(i.main) refers to delay.o(i.delay_init) for delay_init
    main.o(i.main) refers to usart.o(i.uart_init) for uart_init
    main.o(i.main) refers to led.o(i.LED_Init) for LED_Init
    main.o(i.main) refers to key.o(i.KEY_Init) for KEY_Init
    main.o(i.main) refers to io.o(i.IO_Init) for IO_Init
    main.o(i.main) refers to rs485.o(i.RS485_Init) for RS485_Init
    main.o(i.main) refers to sdram.o(i.SDRAM_Init) for SDRAM_Init
    main.o(i.main) refers to timer.o(i.TIM3_Init) for TIM3_Init
    main.o(i.main) refers to lcd.o(i.LCD_Init) for LCD_Init
    main.o(i.main) refers to lcd.o(i.LCD_Display_Dir) for LCD_Display_Dir
    main.o(i.main) refers to lv_obj.o(i.lv_init) for lv_init
    main.o(i.main) refers to lv_port_disp.o(i.lv_port_disp_init) for lv_port_disp_init
    main.o(i.main) refers to lv_port_indev.o(i.lv_port_indev_init) for lv_port_indev_init
    main.o(i.main) refers to lv_btnm_test.o(i.lv_btnm_test_start) for lv_btnm_test_start
    main.o(i.main) refers to lv_task.o(i.lv_task_handler) for lv_task_handler
    main.o(i.main) refers to ltdc.o(.bss) for lcdltdc
    main.o(i.main) refers to touch.o(.data) for tp_dev
    stm32f7xx_it.o(i.SysTick_Handler) refers to stm32f7xx_hal.o(i.HAL_IncTick) for HAL_IncTick
    system_stm32f7xx.o(i.SystemCoreClockUpdate) refers to system_stm32f7xx.o(.data) for SystemCoreClock
    system_stm32f7xx.o(i.SystemCoreClockUpdate) refers to system_stm32f7xx.o(.constdata) for AHBPrescTable
    startup_stm32f767xx.o(STACK) refers (Special) to heapauxi.o(.text) for __use_two_region_memory
    startup_stm32f767xx.o(HEAP) refers (Special) to heapauxi.o(.text) for __use_two_region_memory
    startup_stm32f767xx.o(RESET) refers (Special) to heapauxi.o(.text) for __use_two_region_memory
    startup_stm32f767xx.o(RESET) refers to startup_stm32f767xx.o(STACK) for __initial_sp
    startup_stm32f767xx.o(RESET) refers to startup_stm32f767xx.o(.text) for Reset_Handler
    startup_stm32f767xx.o(RESET) refers to stm32f7xx_it.o(i.NMI_Handler) for NMI_Handler
    startup_stm32f767xx.o(RESET) refers to stm32f7xx_it.o(i.HardFault_Handler) for HardFault_Handler
    startup_stm32f767xx.o(RESET) refers to mpu.o(i.MemManage_Handler) for MemManage_Handler
    startup_stm32f767xx.o(RESET) refers to stm32f7xx_it.o(i.BusFault_Handler) for BusFault_Handler
    startup_stm32f767xx.o(RESET) refers to stm32f7xx_it.o(i.UsageFault_Handler) for UsageFault_Handler
    startup_stm32f767xx.o(RESET) refers to stm32f7xx_it.o(i.SVC_Handler) for SVC_Handler
    startup_stm32f767xx.o(RESET) refers to stm32f7xx_it.o(i.DebugMon_Handler) for DebugMon_Handler
    startup_stm32f767xx.o(RESET) refers to stm32f7xx_it.o(i.PendSV_Handler) for PendSV_Handler
    startup_stm32f767xx.o(RESET) refers to stm32f7xx_it.o(i.SysTick_Handler) for SysTick_Handler
    startup_stm32f767xx.o(RESET) refers to timer.o(i.TIM3_IRQHandler) for TIM3_IRQHandler
    startup_stm32f767xx.o(RESET) refers to usart.o(i.USART1_IRQHandler) for USART1_IRQHandler
    startup_stm32f767xx.o(RESET) refers to rs485.o(i.USART2_IRQHandler) for USART2_IRQHandler
    startup_stm32f767xx.o(.text) refers (Special) to heapauxi.o(.text) for __use_two_region_memory
    startup_stm32f767xx.o(.text) refers to system_stm32f7xx.o(i.SystemInit) for SystemInit
    startup_stm32f767xx.o(.text) refers to __main.o(!!!main) for __main
    startup_stm32f767xx.o(.text) refers to startup_stm32f767xx.o(HEAP) for Heap_Mem
    startup_stm32f767xx.o(.text) refers to startup_stm32f767xx.o(STACK) for Stack_Mem
    stm32f7xx_hal.o(i.HAL_DeInit) refers to stm32f7xx_hal.o(i.HAL_MspDeInit) for HAL_MspDeInit
    stm32f7xx_hal.o(i.HAL_Delay) refers to stm32f7xx_hal.o(i.HAL_GetTick) for HAL_GetTick
    stm32f7xx_hal.o(i.HAL_GetTick) refers to stm32f7xx_hal.o(.data) for uwTick
    stm32f7xx_hal.o(i.HAL_IncTick) refers to stm32f7xx_hal.o(.data) for uwTick
    stm32f7xx_hal.o(i.HAL_Init) refers to stm32f7xx_hal_cortex.o(i.HAL_NVIC_SetPriorityGrouping) for HAL_NVIC_SetPriorityGrouping
    stm32f7xx_hal.o(i.HAL_Init) refers to stm32f7xx_hal.o(i.HAL_InitTick) for HAL_InitTick
    stm32f7xx_hal.o(i.HAL_Init) refers to stm32f7xx_hal.o(i.HAL_MspInit) for HAL_MspInit
    stm32f7xx_hal.o(i.HAL_InitTick) refers to stm32f7xx_hal_cortex.o(i.HAL_SYSTICK_Config) for HAL_SYSTICK_Config
    stm32f7xx_hal.o(i.HAL_InitTick) refers to stm32f7xx_hal_cortex.o(i.HAL_NVIC_SetPriority) for HAL_NVIC_SetPriority
    stm32f7xx_hal.o(i.HAL_InitTick) refers to system_stm32f7xx.o(.data) for SystemCoreClock
[...]
    lv_task_set_prio                         0x08014dd1   Thumb Code    94  lv_task.o(i.lv_task_set_prio)
    lv_theme_get_current                     0x08014e35   Thumb Code    14  lv_theme.o(i.lv_theme_get_current)
    lv_tick_elaps                            0x08014e4d   Thumb Code    26  lv_hal_tick.o(i.lv_tick_elaps)
    lv_tick_get                              0x08014e69   Thumb Code    22  lv_hal_tick.o(i.lv_tick_get)
    lv_tick_inc                              0x08014e89   Thumb Code    18  lv_hal_tick.o(i.lv_tick_inc)
    lv_txt_get_next_line                     0x08014ea5   Thumb Code   272  lv_txt.o(i.lv_txt_get_next_line)
    lv_txt_get_size                          0x08014fc5   Thumb Code   204  lv_txt.o(i.lv_txt_get_size)
    lv_txt_get_width                         0x08015091   Thumb Code   140  lv_txt.o(i.lv_txt_get_width)
    lv_txt_is_cmd                            0x08015121   Thumb Code    66  lv_txt.o(i.lv_txt_is_cmd)
    lv_utils_bsearch                         0x080154a9   Thumb Code    84  lv_utils.o(i.lv_utils_bsearch)
    main                                     0x080154fd   Thumb Code   128  main.o(i.main)
    uart_init                                0x080158c9   Thumb Code    34  usart.o(i.uart_init)
    _fp_init                                 0x080158ff   Thumb Code    10  fpinit.o(x$fpl$fpinit)
    __fplib_config_fpu_vfp                   0x08015907   Thumb Code     0  fpinit.o(x$fpl$fpinit)
    __fplib_config_pureend_doubles           0x08015907   Thumb Code     0  fpinit.o(x$fpl$fpinit)
    AHBPrescTable                            0x08015908   Data          16  system_stm32f7xx.o(.constdata)
    __I$use$fp                               0x08015908   Number         0  usenofp.o(x$fpl$usenofp)
    APBPrescTable                            0x08015918   Data           8  system_stm32f7xx.o(.constdata)
    asc2_1206                                0x08015920   Data        1140  lcd.o(.constdata)
    asc2_1608                                0x08015d94   Data        1520  lcd.o(.constdata)
    asc2_2412                                0x08016384   Data        3420  lcd.o(.constdata)
    asc2_3216                                0x080170e0   Data       12160  lcd.o(.constdata)
    FT5206_TPX_TBL                           0x0801a060   Data          10  ft5206.o(.constdata)
    GT9147_CFG_TBL                           0x0801a06a   Data         184  gt9147.o(.constdata)
    GT9147_TPX_TBL                           0x0801a122   Data          10  gt9147.o(.constdata)
    GT9271_CFG_TBL                           0x0801a12c   Data         186  gt9271.o(.constdata)
    GT9271_TPX_TBL                           0x0801a1e6   Data          20  gt9271.o(.constdata)
    OTT_TPX_TBL                              0x0801a1fa   Data          10  ott2001a.o(.constdata)
    TP_REMIND_MSG_TBL                        0x0801a204   Data           4  touch.o(.constdata)
    btnm1_ctrl_map                           0x0801d060   Data          32  lv_btnm_test.o(.constdata)
    cmd1                                     0x0801d080   Data           8  lv_btnm_test.o(.constdata)
    Region$$Table$$Base                      0x0801d1d0   Number         0  anon$$obj.o(Region$$Table)
    Region$$Table$$Limit                     0x0801d1f0   Number         0  anon$$obj.o(Region$$Table)
    SystemCoreClock                          0x20020000   Data           4  system_stm32f7xx.o(.data)
    uwTick                                   0x20020004   Data           4  stm32f7xx_hal.o(.data)
    __stdout                                 0x2002000c   Data           4  usart.o(.data)
    USART_RX_STA                             0x20020010   Data           2  usart.o(.data)
    aRxBuffer                                0x20020012   Data           1  usart.o(.data)
    POINT_COLOR                              0x20020014   Data           4  lcd.o(.data)
    BACK_COLOR                               0x20020018   Data           4  lcd.o(.data)
    ltdc_framebuf                            0x2002001c   Data           8  ltdc.o(.data)
    tp_dev                                   0x20020028   Data          72  touch.o(.data)
    CMD_RDX                                  0x20020070   Data           1  touch.o(.data)
    CMD_RDY                                  0x20020071   Data           1  touch.o(.data)
    RS485_RX_CNT                             0x20020072   Data           1  rs485.o(.data)
    lv_font_roboto_16                        0x200200d4   Data          16  lv_font_roboto_16.o(.data)
    _lv_img_cache_array                      0x200200f8   Data           4  lv_gc.o(.data)
    _lv_task_act                             0x200200fc   Data           4  lv_gc.o(.data)
    _lv_draw_buf                             0x20020100   Data           4  lv_gc.o(.data)
    lv_txt_encoded_size                      0x20020120   Data           4  lv_txt.o(.data)
    lv_txt_unicode_to_encoded                0x20020124   Data           4  lv_txt.o(.data)
    lv_txt_encoded_conv_wc                   0x20020128   Data           4  lv_txt.o(.data)
    lv_txt_encoded_next                      0x2002012c   Data           4  lv_txt.o(.data)
    lv_txt_encoded_prev                      0x20020130   Data           4  lv_txt.o(.data)
    lv_txt_encoded_get_byte_id               0x20020134   Data           4  lv_txt.o(.data)
    lv_encoded_get_char_id                   0x20020138   Data           4  lv_txt.o(.data)
    lv_txt_get_encoded_length                0x2002013c   Data           4  lv_txt.o(.data)
    btnm1                                    0x20020170   Data           4  lv_btnm_test.o(.data)
    label1                                   0x20020174   Data           4  lv_btnm_test.o(.data)
    btn_title                                0x20020178   Data           4  lv_btnm_test.o(.data)
    btn_id                                   0x2002017c   Data           2  lv_btnm_test.o(.data)
    USART_RX_BUF                             0x20020180   Data         200  usart.o(.bss)
    UART1_Handler                            0x20020248   Data         112  usart.o(.bss)
    SDRAM_Handler                            0x200202b8   Data          52  sdram.o(.bss)
    SRAM_Handler                             0x200202ec   Data          76  lcd.o(.bss)
    lcddev                                   0x20020338   Data          14  lcd.o(.bss)
    LTDC_Handler                             0x20020348   Data         168  ltdc.o(.bss)
    DMA2D_Handler                            0x200203f0   Data          88  ltdc.o(.bss)
    lcdltdc                                  0x20020448   Data          32  ltdc.o(.bss)
    TIM3_Handler                             0x20020468   Data          60  timer.o(.bss)
    USART2_RS485Handler                      0x200204a4   Data         112  rs485.o(.bss)
    RS485_RX_BUF                             0x20020514   Data          64  rs485.o(.bss)
    lv_style_scr                             0x20020554   Data          60  lv_style.o(.bss)
    lv_style_transp                          0x20020590   Data          60  lv_style.o(.bss)
    lv_style_transp_fit                      0x200205cc   Data          60  lv_style.o(.bss)
    lv_style_transp_tight                    0x20020608   Data          60  lv_style.o(.bss)
    lv_style_plain                           0x20020644   Data          60  lv_style.o(.bss)
    lv_style_plain_color                     0x20020680   Data          60  lv_style.o(.bss)
    lv_style_pretty                          0x200206bc   Data          60  lv_style.o(.bss)
    lv_style_pretty_color                    0x200206f8   Data          60  lv_style.o(.bss)
    lv_style_btn_rel                         0x20020734   Data          60  lv_style.o(.bss)
    lv_style_btn_pr                          0x20020770   Data          60  lv_style.o(.bss)
    lv_style_btn_tgl_rel                     0x200207ac   Data          60  lv_style.o(.bss)
    lv_style_btn_tgl_pr                      0x200207e8   Data          60  lv_style.o(.bss)
    lv_style_btn_ina                         0x20020824   Data          60  lv_style.o(.bss)
    _lv_task_ll                              0x20020860   Data          12  lv_gc.o(.bss)
    _lv_disp_ll                              0x2002086c   Data          12  lv_gc.o(.bss)
    _lv_indev_ll                             0x20020878   Data          12  lv_gc.o(.bss)
    _lv_drv_ll                               0x20020884   Data          12  lv_gc.o(.bss)
    _lv_file_ll                              0x20020890   Data          12  lv_gc.o(.bss)
    _lv_anim_ll                              0x2002089c   Data          12  lv_gc.o(.bss)
    _lv_group_ll                             0x200208a8   Data          12  lv_gc.o(.bss)
    _lv_img_defoder_ll                       0x200208b4   Data          12  lv_gc.o(.bss)
    bg_style                                 0x20026364   Data          60  lv_btnm_test.o(.bss)
    buff                                     0x200263a0   Data         100  lv_btnm_test.o(.bss)
    __libspace_start                         0x20026404   Data          96  libspace.o(.bss)
    __temporary_stack_top$libspace           0x20026464   Data           0  libspace.o(.bss)
    ltdc_lcd_framebuf                        0xc0000000   Data       2048000  ltdc.o(.ARM.__AT_0xC0000000)



==============================================================================

Memory Map of the image

  Image Entry point : 0x080001f9

  Load Region LR_IROM1 (Base: 0x08000000, Size: 0x0001d370, Max: 0x00100000, ABSOLUTE, COMPRESSED[0x0001d27c])

    Execution Region ER_IROM1 (Exec base: 0x08000000, Load base: 0x08000000, Size: 0x0001d1f0, Max: 0x00100000, ABSOLUTE)

    Exec Addr    Load Addr    Size         Type   Attr      Idx    E Section Name        Object

    0x08000000   0x08000000   0x000001f8   Data   RO          804    RESET               startup_stm32f767xx.o
    0x080001f8   0x080001f8   0x00000008   Code   RO        16359  * !!!main             c_w.l(__main.o)
    0x08000200   0x08000200   0x00000034   Code   RO        16553    !!!scatter          c_w.l(__scatter.o)
    0x08000234   0x08000234   0x0000005a   Code   RO        16551    !!dczerorl2         c_w.l(__dczerorl2.o)
    0x0800028e   0x0800028e   0x00000002   PAD
    0x08000290   0x08000290   0x0000001c   Code   RO        16555    !!handler_zi        c_w.l(__scatter_zi.o)
    0x080002ac   0x080002ac   0x00000000   Code   RO        16340    .ARM.Collect$$_printf_percent$$00000000  c_w.l(_printf_percent.o)
    0x080002ac   0x080002ac   0x00000006   Code   RO        16339    .ARM.Collect$$_printf_percent$$00000009  c_w.l(_printf_d.o)
    0x080002b2   0x080002b2   0x00000006   Code   RO        16338    .ARM.Collect$$_printf_percent$$0000000C  c_w.l(_printf_x.o)
    0x080002b8   0x080002b8   0x00000006   Code   RO        16337    .ARM.Collect$$_printf_percent$$00000014  c_w.l(_printf_s.o)
    0x080002be   0x080002be   0x00000004   Code   RO        16388    .ARM.Collect$$_printf_percent$$00000017  c_w.l(_printf_percent_end.o)
    0x080002c2   0x080002c2   0x00000002   Code   RO        16428    .ARM.Collect$$libinit$$00000000  c_w.l(libinit.o)
    0x080002c4   0x080002c4   0x00000004   Code   RO        16431    .ARM.Collect$$libinit$$00000001  c_w.l(libinit2.o)
    0x080002c8   0x080002c8   0x00000000   Code   RO        16434    .ARM.Collect$$libinit$$00000004  c_w.l(libinit2.o)
    0x080002c8   0x080002c8   0x00000000   Code   RO        16437    .ARM.Collect$$libinit$$0000000A  c_w.l(libinit2.o)
    0x080002c8   0x080002c8   0x00000000   Code   RO        16439    .ARM.Collect$$libinit$$0000000C  c_w.l(libinit2.o)
    0x080002c8   0x080002c8   0x00000000   Code   RO        16441    .ARM.Collect$$libinit$$0000000E  c_w.l(libinit2.o)
    0x080002c8   0x080002c8   0x00000000   Code   RO        16444    .ARM.Collect$$libinit$$00000011  c_w.l(libinit2.o)
    0x080002c8   0x080002c8   0x00000000   Code   RO        16446    .ARM.Collect$$libinit$$00000013  c_w.l(libinit2.o)
    0x080002c8   0x080002c8   0x00000000   Code   RO        16448    .ARM.Collect$$libinit$$00000015  c_w.l(libinit2.o)
    0x080002c8   0x080002c8   0x00000000   Code   RO        16450    .ARM.Collect$$libinit$$00000017  c_w.l(libinit2.o)
    0x080002c8   0x080002c8   0x00000000   Code   RO        16452    .ARM.Collect$$libinit$$00000019  c_w.l(libinit2.o)
    0x080002c8   0x080002c8   0x00000000   Code   RO        16454    .ARM.Collect$$libinit$$0000001B  c_w.l(libinit2.o)
    0x080002c8   0x080002c8   0x00000000   Code   RO        16456    .ARM.Collect$$libinit$$0000001D  c_w.l(libinit2.o)
    0x080002c8   0x080002c8   0x00000000   Code   RO        16458    .ARM.Collect$$libinit$$0000001F  c_w.l(libinit2.o)
    0x080002c8   0x080002c8   0x00000000   Code   RO        16460    .ARM.Collect$$libinit$$00000021  c_w.l(libinit2.o)
    0x080002c8   0x080002c8   0x00000000   Code   RO        16462    .ARM.Collect$$libinit$$00000023  c_w.l(libinit2.o)
    0x080002c8   0x080002c8   0x00000000   Code   RO        16464    .ARM.Collect$$libinit$$00000025  c_w.l(libinit2.o)
    0x080002c8   0x080002c8   0x00000000   Code   RO        16468    .ARM.Collect$$libinit$$0000002C  c_w.l(libinit2.o)
    0x080002c8   0x080002c8   0x00000000   Code   RO        16470    .ARM.Collect$$libinit$$0000002E  c_w.l(libinit2.o)
    0x080002c8   0x080002c8   0x00000000   Code   RO        16472    .ARM.Collect$$libinit$$00000030  c_w.l(libinit2.o)
    0x080002c8   0x080002c8   0x00000000   Code   RO        16474    .ARM.Collect$$libinit$$00000032  c_w.l(libinit2.o)
    0x080002c8   0x080002c8   0x00000002   Code   RO        16475    .ARM.Collect$$libinit$$00000033  c_w.l(libinit2.o)
    0x080002ca   0x080002ca   0x00000002   Code   RO        16493    .ARM.Collect$$libshutdown$$00000000  c_w.l(libshutdown.o)
    0x080002cc   0x080002cc   0x00000000   Code   RO        16503    .ARM.Collect$$libshutdown$$00000002  c_w.l(libshutdown2.o)
    0x080002cc   0x080002cc   0x00000000   Code   RO        16505    .ARM.Collect$$libshutdown$$00000004  c_w.l(libshutdown2.o)
    0x080002cc   0x080002cc   0x00000000   Code   RO        16508    .ARM.Collect$$libshutdown$$00000007  c_w.l(libshutdown2.o)
    0x080002cc   0x080002cc   0x00000000   Code   RO        16511    .ARM.Collect$$libshutdown$$0000000A  c_w.l(libshutdown2.o)
    0x080002cc   0x080002cc   0x00000000   Code   RO        16513    .ARM.Collect$$libshutdown$$0000000C  c_w.l(libshutdown2.o)
    0x080002cc   0x080002cc   0x00000000   Code   RO        16516    .ARM.Collect$$libshutdown$$0000000F  c_w.l(libshutdown2.o)
    0x080002cc   0x080002cc   0x00000002   Code   RO        16517    .ARM.Collect$$libshutdown$$00000010  c_w.l(libshutdown2.o)
    0x080002ce   0x080002ce   0x00000000   Code   RO        16375    .ARM.Collect$$rtentry$$00000000  c_w.l(__rtentry.o)
    0x080002ce   0x080002ce   0x00000000   Code   RO        16391    .ARM.Collect$$rtentry$$00000002  c_w.l(__rtentry2.o)
    0x080002ce   0x080002ce   0x00000006   Code   RO        16403    .ARM.Collect$$rtentry$$00000004  c_w.l(__rtentry4.o)
    0x080002d4   0x080002d4   0x00000000   Code   RO        16393    .ARM.Collect$$rtentry$$00000009  c_w.l(__rtentry2.o)
    0x080002d4   0x080002d4   0x00000004   Code   RO        16394    .ARM.Collect$$rtentry$$0000000A  c_w.l(__rtentry2.o)
    0x080002d8   0x080002d8   0x00000000   Code   RO        16396    .ARM.Collect$$rtentry$$0000000C  c_w.l(__rtentry2.o)
    0x080002d8   0x080002d8   0x00000008   Code   RO        16397    .ARM.Collect$$rtentry$$0000000D  c_w.l(__rtentry2.o)
    0x080002e0   0x080002e0   0x00000002   Code   RO        16429    .ARM.Collect$$rtexit$$00000000  c_w.l(rtexit.o)
    0x080002e2   0x080002e2   0x00000000   Code   RO        16477    .ARM.Collect$$rtexit$$00000002  c_w.l(rtexit2.o)
    0x080002e2   0x080002e2   0x00000004   Code   RO        16478    .ARM.Collect$$rtexit$$00000003  c_w.l(rtexit2.o)
    0x080002e6   0x080002e6   0x00000006   Code   RO        16479    .ARM.Collect$$rtexit$$00000004  c_w.l(rtexit2.o)
    0x080002ec   0x080002ec   0x00000040   Code   RO          805    .text               startup_stm32f767xx.o
    0x0800032c   0x0800032c   0x00000002   Code   RO        16280    .text               c_w.l(use_no_semi_2.o)
    0x0800032e   0x0800032e   0x00000002   PAD
    0x08000330   0x08000330   0x00000018   Code   RO        16286    .text               c_w.l(noretval__2printf.o)
    0x08000348   0x08000348   0x00000028   Code   RO        16288    .text               c_w.l(noretval__2sprintf.o)
    0x08000370   0x08000370   0x00000068   Code   RO        16290    .text               c_w.l(__printf.o)
    0x080003d8   0x080003d8   0x00000052   Code   RO        16292    .text               c_w.l(_printf_str.o)
    0x0800042a   0x0800042a   0x00000002   PAD
    0x0800042c   0x0800042c   0x00000078   Code   RO        16294    .text               c_w.l(_printf_dec.o)
    0x080004a4   0x080004a4   0x00000058   Code   RO        16299    .text               c_w.l(_printf_hex_int.o)
    0x080004fc   0x080004fc   0x00000048   Code   RO        16341    .text               c_w.l(strcpy.o)
    0x08000544   0x08000544   0x0000003e   Code   RO        16343    .text               c_w.l(strlen.o)
    0x08000582   0x08000582   0x0000008a   Code   RO        16345    .text               c_w.l(rt_memcpy_v6.o)
    0x0800060c   0x0800060c   0x00000064   Code   RO        16347    .text               c_w.l(rt_memcpy_w.o)
    0x08000670   0x08000670   0x00000010   Code   RO        16349    .text               c_w.l(aeabi_memset.o)
    0x08000680   0x08000680   0x00000044   Code   RO        16351    .text               c_w.l(rt_memclr.o)
    0x080006c4   0x080006c4   0x0000004e   Code   RO        16353    .text               c_w.l(rt_memclr_w.o)
    0x08000712   0x08000712   0x00000002   PAD
    0x08000714   0x08000714   0x00000068   Code   RO        16355    .text               c_w.l(strcmpv7m_pel.o)
    0x0800077c   0x0800077c   0x00000006   Code   RO        16357    .text               c_w.l(heapauxi.o)
    0x08000782   0x08000782   0x00000002   Code   RO        16373    .text               c_w.l(use_no_semi.o)
    0x08000784   0x08000784   0x00000016   Code   RO        16376    .text               c_w.l(_rserrno.o)
    0x0800079a   0x0800079a   0x000000b2   Code   RO        16378    .text               c_w.l(_printf_intcommon.o)
    0x0800084c   0x0800084c   0x00000030   Code   RO        16380    .text               c_w.l(_printf_char_common.o)
    0x0800087c   0x0800087c   0x0000000a   Code   RO        16382    .text               c_w.l(_sputc.o)
    0x08000886   0x08000886   0x0000002c   Code   RO        16384    .text               c_w.l(_printf_char.o)
    0x080008b2   0x080008b2   0x00000002   PAD
    0x080008b4   0x080008b4   0x00000024   Code   RO        16386    .text               c_w.l(_printf_char_file.o)
    0x080008d8   0x080008d8   0x00000008   Code   RO        16408    .text               c_w.l(rt_errno_addr_intlibspace.o)
    0x080008e0   0x080008e0   0x00000008   Code   RO        16412    .text               c_w.l(ferror.o)
    0x080008e8   0x080008e8   0x00000008   Code   RO        16416    .text               c_w.l(libspace.o)
    0x080008f0   0x080008f0   0x0000004a   Code   RO        16419    .text               c_w.l(sys_stackheap_outer.o)
    0x0800093a   0x0800093a   0x00000012   Code   RO        16421    .text               c_w.l(exit.o)
    0x0800094c   0x0800094c   0x00000008   Code   RO         4910    i.AT24CXX_Init      24cxx.o
    0x08000954   0x08000954   0x0000002c   Code   RO         4912    i.AT24CXX_ReadLenByte  24cxx.o
    0x08000980   0x08000980   0x00000058   Code   RO         4913    i.AT24CXX_ReadOneByte  24cxx.o
    0x080009d8   0x080009d8   0x0000002a   Code   RO         4915    i.AT24CXX_WriteLenByte  24cxx.o
    0x08000a02   0x08000a02   0x00000050   Code   RO         4916    i.AT24CXX_WriteOneByte  24cxx.o
    0x08000a52   0x08000a52   0x00000004   Code   RO          575    i.BusFault_Handler  stm32f7xx_it.o
    0x08000a56   0x08000a56   0x0000000a   Code   RO         4978    i.CT_Delay          ctiic.o
    0x08000a60   0x08000a60   0x00000058   Code   RO         4979    i.CT_IIC_Ack        ctiic.o
    0x08000ab8   0x08000ab8   0x0000006c   Code   RO         4980    i.CT_IIC_Init       ctiic.o
    0x08000b24   0x08000b24   0x00000058   Code   RO         4981    i.CT_IIC_NAck       ctiic.o
    0x08000b7c   0x08000b7c   0x0000006c   Code   RO         4982    i.CT_IIC_Read_Byte  ctiic.o
    0x08000be8   0x08000be8   0x00000078   Code   RO         4983    i.CT_IIC_Send_Byte  ctiic.o
    0x08000c60   0x08000c60   0x00000054   Code   RO         4984    i.CT_IIC_Start      ctiic.o
    0x08000cb4   0x08000cb4   0x0000004c   Code   RO         4985    i.CT_IIC_Stop       ctiic.o
    0x08000d00   0x08000d00   0x00000068   Code   RO         4986    i.CT_IIC_Wait_Ack   ctiic.o
    0x08000d68   0x08000d68   0x00000078   Code   RO         4266    i.Cache_Enable      sys.o
    0x08000de0   0x08000de0   0x00000002   Code   RO          576    i.DebugMon_Handler  stm32f7xx_it.o
    0x08000de2   0x08000de2   0x00000002   PAD
    0x08000de4   0x08000de4   0x00000048   Code   RO         3148    i.FMC_NORSRAM_Extended_Timing_Init  stm32f7xx_ll_fmc.o
    0x08000e2c   0x08000e2c   0x00000080   Code   RO         3149    i.FMC_NORSRAM_Init  stm32f7xx_ll_fmc.o
    0x08000eac   0x08000eac   0x0000005e   Code   RO         3150    i.FMC_NORSRAM_Timing_Init  stm32f7xx_ll_fmc.o
    0x08000f0a   0x08000f0a   0x00000074   Code   RO         3155    i.FMC_SDRAM_Init    stm32f7xx_ll_fmc.o
    0x08000f7e   0x08000f7e   0x0000000e   Code   RO         3156    i.FMC_SDRAM_ProgramRefreshRate  stm32f7xx_ll_fmc.o
    0x08000f8c   0x08000f8c   0x00000052   Code   RO         3157    i.FMC_SDRAM_SendCommand  stm32f7xx_ll_fmc.o
    0x08000fde   0x08000fde   0x00000002   PAD
    0x08000fe0   0x08000fe0   0x0000009c   Code   RO         3159    i.FMC_SDRAM_Timing_Init  stm32f7xx_ll_fmc.o
    0x0800107c   0x0800107c   0x00000120   Code   RO         5053    i.FT5206_Init       ft5206.o
    0x0800119c   0x0800119c   0x00000058   Code   RO         5054    i.FT5206_RD_Reg     ft5206.o
    0x080011f4   0x080011f4   0x0000019c   Code   RO         5055    i.FT5206_Scan       ft5206.o
    0x08001390   0x08001390   0x00000052   Code   RO         5056    i.FT5206_WR_Reg     ft5206.o
    0x080013e2   0x080013e2   0x00000002   PAD
    0x080013e4   0x080013e4   0x00000168   Code   RO         5099    i.GT9147_Init       gt9147.o
    0x0800154c   0x0800154c   0x00000062   Code   RO         5100    i.GT9147_RD_Reg     gt9147.o
    0x080015ae   0x080015ae   0x00000002   PAD
    0x080015b0   0x080015b0   0x00000278   Code   RO         5101    i.GT9147_Scan       gt9147.o
    0x08001828   0x08001828   0x0000005c   Code   RO         5102    i.GT9147_Send_Cfg   gt9147.o
    0x08001884   0x08001884   0x0000005c   Code   RO         5103    i.GT9147_WR_Reg     gt9147.o
    0x080018e0   0x080018e0   0x0000015c   Code   RO         5151    i.GT9271_Init       gt9271.o
    0x08001a3c   0x08001a3c   0x00000062   Code   RO         5152    i.GT9271_RD_Reg     gt9271.o
    0x08001a9e   0x08001a9e   0x00000002   PAD
    0x08001aa0   0x08001aa0   0x00000210   Code   RO         5153    i.GT9271_Scan       gt9271.o
    0x08001cb0   0x08001cb0   0x0000005c   Code   RO         5154    i.GT9271_Send_Cfg   gt9271.o
    0x08001d0c   0x08001d0c   0x0000005c   Code   RO         5155    i.GT9271_WR_Reg     gt9271.o
    0x08001d68   0x08001d68   0x00000028   Code   RO         1115    i.HAL_DMA_Abort_IT  stm32f7xx_hal_dma.o
    0x08001d90   0x08001d90   0x00000218   Code   RO         1261    i.HAL_GPIO_Init     stm32f7xx_hal_gpio.o
    0x08001fa8   0x08001fa8   0x00000010   Code   RO         1263    i.HAL_GPIO_ReadPin  stm32f7xx_hal_gpio.o
    0x08001fb8   0x08001fb8   0x00000008   Code   RO         1264    i.HAL_GPIO_TogglePin  stm32f7xx_hal_gpio.o
    0x08001fc0   0x08001fc0   0x0000000c   Code   RO         1265    i.HAL_GPIO_WritePin  stm32f7xx_hal_gpio.o
    0x08001fcc   0x08001fcc   0x0000000c   Code   RO          829    i.HAL_GetTick       stm32f7xx_hal.o
    0x08001fd8   0x08001fd8   0x00000010   Code   RO          830    i.HAL_IncTick       stm32f7xx_hal.o
    0x08001fe8   0x08001fe8   0x00000028   Code   RO          831    i.HAL_Init          stm32f7xx_hal.o
    0x08002010   0x08002010   0x00000028   Code   RO          832    i.HAL_InitTick      stm32f7xx_hal.o
    0x08002038   0x08002038   0x0000005e   Code   RO         3569    i.HAL_LTDC_ConfigLayer  stm32f7xx_hal_ltdc.o
    0x08002096   0x08002096   0x00000002   PAD
    0x08002098   0x08002098   0x00000128   Code   RO         3586    i.HAL_LTDC_Init     stm32f7xx_hal_ltdc.o
    0x080021c0   0x080021c0   0x00000140   Code   RO         4724    i.HAL_LTDC_MspInit  ltdc.o
    0x08002300   0x08002300   0x0000006c   Code   RO         3601    i.HAL_LTDC_SetWindowPosition  stm32f7xx_hal_ltdc.o
    0x0800236c   0x0800236c   0x00000074   Code   RO         3603    i.HAL_LTDC_SetWindowSize  stm32f7xx_hal_ltdc.o
    0x080023e0   0x080023e0   0x0000005c   Code   RO          983    i.HAL_MPU_ConfigRegion  stm32f7xx_hal_cortex.o
    0x0800243c   0x0800243c   0x00000002   Code   RO          834    i.HAL_MspInit       stm32f7xx_hal.o
    0x0800243e   0x0800243e   0x0000001a   Code   RO          986    i.HAL_NVIC_EnableIRQ  stm32f7xx_hal_cortex.o
    0x08002458   0x08002458   0x0000007c   Code   RO          992    i.HAL_NVIC_SetPriority  stm32f7xx_hal_cortex.o
    0x080024d4   0x080024d4   0x00000028   Code   RO          993    i.HAL_NVIC_SetPriorityGrouping  stm32f7xx_hal_cortex.o
    0x080024fc   0x080024fc   0x00000090   Code   RO         1454    i.HAL_PWREx_EnableOverDrive  stm32f7xx_hal_pwr_ex.o
    0x0800258c   0x0800258c   0x00000980   Code   RO         1644    i.HAL_RCCEx_PeriphCLKConfig  stm32f7xx_hal_rcc_ex.o
    0x08002f0c   0x08002f0c   0x000001b4   Code   RO         1541    i.HAL_RCC_ClockConfig  stm32f7xx_hal_rcc.o
    0x080030c0   0x080030c0   0x0000000c   Code   RO         1546    i.HAL_RCC_GetHCLKFreq  stm32f7xx_hal_rcc.o
    0x080030cc   0x080030cc   0x0000002c   Code   RO         1548    i.HAL_RCC_GetPCLK1Freq  stm32f7xx_hal_rcc.o
    0x080030f8   0x080030f8   0x0000002c   Code   RO         1549    i.HAL_RCC_GetPCLK2Freq  stm32f7xx_hal_rcc.o
    0x08003124   0x08003124   0x000000b4   Code   RO         1550    i.HAL_RCC_GetSysClockFreq  stm32f7xx_hal_rcc.o
    0x080031d8   0x080031d8   0x000004d0   Code   RO         1645    i.HAL_RCC_OscConfig  stm32f7xx_hal_rcc_ex.o
    0x080036a8   0x080036a8   0x00000040   Code   RO         3416    i.HAL_SDRAM_Init    stm32f7xx_hal_sdram.o
    0x080036e8   0x080036e8   0x0000011c   Code   RO         4436    i.HAL_SDRAM_MspInit  sdram.o
    0x08003804   0x08003804   0x00000028   Code   RO         3419    i.HAL_SDRAM_ProgramRefreshRate  stm32f7xx_hal_sdram.o
    0x0800382c   0x0800382c   0x0000003a   Code   RO         3425    i.HAL_SDRAM_SendCommand  stm32f7xx_hal_sdram.o
    0x08003866   0x08003866   0x00000058   Code   RO         3294    i.HAL_SRAM_Init     stm32f7xx_hal_sram.o
    0x080038be   0x080038be   0x00000002   PAD
    0x080038c0   0x080038c0   0x00000098   Code   RO         4494    i.HAL_SRAM_MspInit  lcd.o
    0x08003958   0x08003958   0x00000028   Code   RO          995    i.HAL_SYSTICK_CLKSourceConfig  stm32f7xx_hal_cortex.o
    0x08003980   0x08003980   0x00000034   Code   RO          997    i.HAL_SYSTICK_Config  stm32f7xx_hal_cortex.o
    0x080039b4   0x080039b4   0x00000002   Code   RO         2861    i.HAL_TIMEx_BreakCallback  stm32f7xx_hal_tim_ex.o
    0x080039b6   0x080039b6   0x00000002   Code   RO         2862    i.HAL_TIMEx_CommutationCallback  stm32f7xx_hal_tim_ex.o
    0x080039b8   0x080039b8   0x0000002e   Code   RO         2218    i.HAL_TIM_Base_Init  stm32f7xx_hal_tim.o
    0x080039e6   0x080039e6   0x00000002   PAD
    0x080039e8   0x080039e8   0x00000044   Code   RO         5363    i.HAL_TIM_Base_MspInit  timer.o
    0x08003a2c   0x08003a2c   0x0000001e   Code   RO         2223    i.HAL_TIM_Base_Start_IT  stm32f7xx_hal_tim.o
    0x08003a4a   0x08003a4a   0x00000002   Code   RO         2247    i.HAL_TIM_IC_CaptureCallback  stm32f7xx_hal_tim.o
    0x08003a4c   0x08003a4c   0x000001b8   Code   RO         2260    i.HAL_TIM_IRQHandler  stm32f7xx_hal_tim.o
    0x08003c04   0x08003c04   0x00000002   Code   RO         2263    i.HAL_TIM_OC_DelayElapsedCallback  stm32f7xx_hal_tim.o
    0x08003c06   0x08003c06   0x00000002   Code   RO         2290    i.HAL_TIM_PWM_PulseFinishedCallback  stm32f7xx_hal_tim.o
    0x08003c08   0x08003c08   0x00000018   Code   RO         5364    i.HAL_TIM_PeriodElapsedCallback  timer.o
    0x08003c20   0x08003c20   0x00000002   Code   RO         2301    i.HAL_TIM_TriggerCallback  stm32f7xx_hal_tim.o
    0x08003c22   0x08003c22   0x00000002   Code   RO         1699    i.HAL_UART_ErrorCallback  stm32f7xx_hal_uart.o
    0x08003c24   0x08003c24   0x0000015c   Code   RO         1702    i.HAL_UART_IRQHandler  stm32f7xx_hal_uart.o
    0x08003d80   0x08003d80   0x00000078   Code   RO         1703    i.HAL_UART_Init     stm32f7xx_hal_uart.o
    0x08003df8   0x08003df8   0x000000a0   Code   RO         4320    i.HAL_UART_MspInit  usart.o
    0x08003e98   0x08003e98   0x00000112   Code   RO         1706    i.HAL_UART_Receive  stm32f7xx_hal_uart.o
    0x08003faa   0x08003faa   0x00000002   Code   RO         1709    i.HAL_UART_RxCpltCallback  stm32f7xx_hal_uart.o
    0x08003fac   0x08003fac   0x000000c6   Code   RO         1711    i.HAL_UART_Transmit  stm32f7xx_hal_uart.o
    0x08004072   0x08004072   0x00000002   Code   RO         1714    i.HAL_UART_TxCpltCallback  stm32f7xx_hal_uart.o
    0x08004074   0x08004074   0x00000004   Code   RO          577    i.HardFault_Handler  stm32f7xx_it.o
    0x08004078   0x08004078   0x00000054   Code   RO         4840    i.IIC_Ack           myiic.o
    0x080040cc   0x080040cc   0x00000058   Code   RO         4841    i.IIC_Init          myiic.o
    0x08004124   0x08004124   0x00000054   Code   RO         4842    i.IIC_NAck          myiic.o
    0x08004178   0x08004178   0x0000006c   Code   RO         4843    i.IIC_Read_Byte     myiic.o
    0x080041e4   0x080041e4   0x0000007c   Code   RO         4844    i.IIC_Send_Byte     myiic.o
    0x08004260   0x08004260   0x00000054   Code   RO         4845    i.IIC_Start         myiic.o
    0x080042b4   0x080042b4   0x00000054   Code   RO         4846    i.IIC_Stop          myiic.o
    0x08004308   0x08004308   0x00000068   Code   RO         4847    i.IIC_Wait_Ack      myiic.o
    0x08004370   0x08004370   0x00000050   Code   RO         5619    i.IO_Init           io.o
    0x080043c0   0x080043c0   0x000000a8   Code   RO         4403    i.KEY_Init          key.o
    0x08004468   0x08004468   0x00000048   Code   RO         4496    i.LCD_Clear         lcd.o
    0x080044b0   0x080044b0   0x0000007c   Code   RO         4497    i.LCD_Color_Fill    lcd.o
    0x0800452c   0x0800452c   0x00000180   Code   RO         4500    i.LCD_Display_Dir   lcd.o
    0x080046ac   0x080046ac   0x000000b0   Code   RO         4501    i.LCD_DrawLine      lcd.o
    0x0800475c   0x0800475c   0x0000003c   Code   RO         4502    i.LCD_DrawPoint     lcd.o
    0x08004798   0x08004798   0x00000098   Code   RO         4504    i.LCD_Draw_Circle   lcd.o
    0x08004830   0x08004830   0x00000124   Code   RO         4505    i.LCD_Fast_DrawPoint  lcd.o
    0x08004954   0x08004954   0x00002470   Code   RO         4507    i.LCD_Init          lcd.o
    0x08006dc4   0x08006dc4   0x00000084   Code   RO         4508    i.LCD_MPU_Config    lcd.o
    0x08006e48   0x08006e48   0x00000016   Code   RO         4509    i.LCD_Pow           lcd.o
    0x08006e5e   0x08006e5e   0x00000002   PAD
    0x08006e60   0x08006e60   0x00000014   Code   RO         4510    i.LCD_RD_DATA       lcd.o
    0x08006e74   0x08006e74   0x00000050   Code   RO         4513    i.LCD_SSD_BackLightSet  lcd.o
    0x08006ec4   0x08006ec4   0x00000274   Code   RO         4514    i.LCD_Scan_Dir      lcd.o
    0x08007138   0x08007138   0x00000138   Code   RO         4515    i.LCD_SetCursor     lcd.o
    0x08007270   0x08007270   0x0000013c   Code   RO         4517    i.LCD_ShowChar      lcd.o
    0x080073ac   0x080073ac   0x00000094   Code   RO         4518    i.LCD_ShowNum       lcd.o
    0x08007440   0x08007440   0x00000066   Code   RO         4519    i.LCD_ShowString    lcd.o
    0x080074a6   0x080074a6   0x00000002   PAD
    0x080074a8   0x080074a8   0x00000018   Code   RO         4521    i.LCD_WR_DATA       lcd.o
    0x080074c0   0x080074c0   0x00000018   Code   RO         4522    i.LCD_WR_REG        lcd.o
    0x080074d8   0x080074d8   0x00000014   Code   RO         4524    i.LCD_WriteRAM_Prepare  lcd.o
    0x080074ec   0x080074ec   0x00000010   Code   RO         4525    i.LCD_WriteReg      lcd.o
    0x080074fc   0x080074fc   0x00000058   Code   RO         4379    i.LED_Init          led.o
    0x08007554   0x08007554   0x00000024   Code   RO         4725    i.LTDC_Clear        ltdc.o
    0x08007578   0x08007578   0x00000026   Code   RO         4726    i.LTDC_Clk_Set      ltdc.o
    0x0800759e   0x0800759e   0x00000002   PAD
    0x080075a0   0x080075a0   0x00000150   Code   RO         4727    i.LTDC_Color_Fill   ltdc.o
    0x080076f0   0x080076f0   0x0000002c   Code   RO         4728    i.LTDC_Display_Dir  ltdc.o
    0x0800771c   0x0800771c   0x00000050   Code   RO         4729    i.LTDC_Draw_Point   ltdc.o
    0x0800776c   0x0800776c   0x00000148   Code   RO         4730    i.LTDC_Fill         ltdc.o
    0x080078b4   0x080078b4   0x00000280   Code   RO         4731    i.LTDC_Init         ltdc.o
    0x08007b34   0x08007b34   0x0000007c   Code   RO         4732    i.LTDC_Layer_Parameter_Config  ltdc.o
    0x08007bb0   0x08007bb0   0x00000030   Code   RO         4734    i.LTDC_Layer_Window_Config  ltdc.o
    0x08007be0   0x08007be0   0x000000cc   Code   RO         4735    i.LTDC_PanelID_Read  ltdc.o
    0x08007cac   0x08007cac   0x0000000c   Code   RO         4737    i.LTDC_Select_Layer  ltdc.o
    0x08007cb8   0x08007cb8   0x00000212   Code   RO         3605    i.LTDC_SetConfig    stm32f7xx_hal_ltdc.o
    0x08007eca   0x08007eca   0x00000034   Code   RO         5579    i.MPU_Memory_Protection  mpu.o
    0x08007efe   0x08007efe   0x00000002   PAD
    0x08007f00   0x08007f00   0x00000090   Code   RO         5580    i.MPU_Set_Protection  mpu.o
    0x08007f90   0x08007f90   0x0000009c   Code   RO         5581    i.MemManage_Handler  mpu.o
    0x0800802c   0x0800802c   0x00000002   Code   RO          578    i.NMI_Handler       stm32f7xx_it.o
    0x0800802e   0x0800802e   0x00000002   PAD
    0x08008030   0x08008030   0x00000010   Code   RO          999    i.NVIC_GetPriorityGrouping  stm32f7xx_hal_cortex.o
    0x08008040   0x08008040   0x00000028   Code   RO         1000    i.NVIC_SetPriority  stm32f7xx_hal_cortex.o
    0x08008068   0x08008068   0x000000d4   Code   RO         5203    i.OTT2001A_Init     ott2001a.o
    0x0800813c   0x0800813c   0x00000062   Code   RO         5204    i.OTT2001A_RD_Reg   ott2001a.o
    0x0800819e   0x0800819e   0x00000002   PAD
    0x080081a0   0x080081a0   0x000001d0   Code   RO         5205    i.OTT2001A_Scan     ott2001a.o
    0x08008370   0x08008370   0x0000001c   Code   RO         5206    i.OTT2001A_SensorControl  ott2001a.o
    0x0800838c   0x0800838c   0x0000005c   Code   RO         5207    i.OTT2001A_WR_Reg   ott2001a.o
    0x080083e8   0x080083e8   0x00000068   Code   RO         5701    i.PCF8574_Init      pcf8574.o
    0x08008450   0x08008450   0x00000022   Code   RO         5703    i.PCF8574_ReadOneByte  pcf8574.o
    0x08008472   0x08008472   0x00000026   Code   RO         5704    i.PCF8574_WriteBit  pcf8574.o
    0x08008498   0x08008498   0x00000028   Code   RO         5705    i.PCF8574_WriteOneByte  pcf8574.o
    0x080084c0   0x080084c0   0x00000002   Code   RO          579    i.PendSV_Handler    stm32f7xx_it.o
    0x080084c2   0x080084c2   0x00000002   PAD
    0x080084c4   0x080084c4   0x000000c0   Code   RO         5643    i.RS485_Init        rs485.o
    0x08008584   0x08008584   0x00000030   Code   RO         5645    i.RS485_Send_Data   rs485.o
    0x080085b4   0x080085b4   0x0000000e   Code   RO         5646    i.RS485_TX_Set      rs485.o
    0x080085c2   0x080085c2   0x00000002   PAD
    0x080085c4   0x080085c4   0x0000009c   Code   RO         4269    i.SCB_EnableDCache  sys.o
    0x08008660   0x08008660   0x00000068   Code   RO         4437    i.SDRAM_Init        sdram.o
    0x080086c8   0x080086c8   0x00000054   Code   RO         4438    i.SDRAM_Initialization_Sequence  sdram.o
    0x0800871c   0x0800871c   0x00000048   Code   RO         4439    i.SDRAM_Send_Cmd    sdram.o
    0x08008764   0x08008764   0x00000002   Code   RO          580    i.SVC_Handler       stm32f7xx_it.o
    0x08008766   0x08008766   0x00000002   PAD
    0x08008768   0x08008768   0x000000b4   Code   RO         4270    i.Stm32_Clock_Init  sys.o
    0x0800881c   0x0800881c   0x00000008   Code   RO          581    i.SysTick_Handler   stm32f7xx_it.o
    0x08008824   0x08008824   0x00000064   Code   RO          648    i.SystemInit        system_stm32f7xx.o
    0x08008888   0x08008888   0x00000010   Code   RO         5365    i.TIM3_IRQHandler   timer.o
    0x08008898   0x08008898   0x0000002c   Code   RO         5366    i.TIM3_Init         timer.o
    0x080088c4   0x080088c4   0x000000e4   Code   RO         2302    i.TIM_Base_SetConfig  stm32f7xx_hal_tim.o
    0x080089a8   0x080089a8   0x000001a8   Code   RO         5255    i.TP_Adj_Info_Show  touch.o
    0x08008b50   0x08008b50   0x00000750   Code   RO         5256    i.TP_Adjust         touch.o
    0x080092a0   0x080092a0   0x00000070   Code   RO         5258    i.TP_Drow_Touch_Point  touch.o
    0x08009310   0x08009310   0x000000b4   Code   RO         5259    i.TP_Get_Adjdata    touch.o
    0x080093c4   0x080093c4   0x000001ec   Code   RO         5260    i.TP_Init           touch.o
    0x080095b0   0x080095b0   0x000000b8   Code   RO         5261    i.TP_Read_AD        touch.o
    0x08009668   0x08009668   0x00000078   Code   RO         5262    i.TP_Read_XOY       touch.o
    0x080096e0   0x080096e0   0x00000030   Code   RO         5263    i.TP_Read_XY        touch.o
    0x08009710   0x08009710   0x000000c0   Code   RO         5264    i.TP_Read_XY2       touch.o
    0x080097d0   0x080097d0   0x00000080   Code   RO         5265    i.TP_Save_Adjdata   touch.o
    0x08009850   0x08009850   0x000000f8   Code   RO         5266    i.TP_Scan           touch.o
    0x08009948   0x08009948   0x00000058   Code   RO         5267    i.TP_Write_Byte     touch.o
    0x080099a0   0x080099a0   0x000000ea   Code   RO         1716    i.UART_AdvFeatureConfig  stm32f7xx_hal_uart.o
    0x08009a8a   0x08009a8a   0x00000074   Code   RO         1717    i.UART_CheckIdleState  stm32f7xx_hal_uart.o
    0x08009afe   0x08009afe   0x00000018   Code   RO         1718    i.UART_DMAAbortOnError  stm32f7xx_hal_uart.o
    0x08009b16   0x08009b16   0x00000020   Code   RO         1724    i.UART_EndRxTransfer  stm32f7xx_hal_uart.o
    0x08009b36   0x08009b36   0x00000020   Code   RO         1725    i.UART_EndTransmit_IT  stm32f7xx_hal_uart.o
    0x08009b56   0x08009b56   0x00000088   Code   RO         1727    i.UART_Receive_IT   stm32f7xx_hal_uart.o
    0x08009bde   0x08009bde   0x00000002   PAD
    0x08009be0   0x08009be0   0x0000038c   Code   RO         1728    i.UART_SetConfig    stm32f7xx_hal_uart.o
    0x08009f6c   0x08009f6c   0x0000006a   Code   RO         1729    i.UART_Transmit_IT  stm32f7xx_hal_uart.o
    0x08009fd6   0x08009fd6   0x0000006c   Code   RO         1730    i.UART_WaitOnFlagUntilTimeout  stm32f7xx_hal_uart.o
    0x0800a042   0x0800a042   0x00000002   PAD
    0x0800a044   0x0800a044   0x000000a0   Code   RO         4321    i.USART1_IRQHandler  usart.o
    0x0800a0e4   0x0800a0e4   0x00000048   Code   RO         5647    i.USART2_IRQHandler  rs485.o
    0x0800a12c   0x0800a12c   0x00000004   Code   RO          582    i.UsageFault_Handler  stm32f7xx_it.o
    0x0800a130   0x0800a130   0x00000066   Code   RO        16361    i.__hardfp_sqrt     m_wv.l(sqrt.o)
    0x0800a196   0x0800a196   0x00000004   Code   RO         4322    i._sys_exit         usart.o
    0x0800a19a   0x0800a19a   0x00000002   PAD
    0x0800a19c   0x0800a19c   0x00000090   Code   RO         9971    i.allocate_btn_areas_and_controls  lv_btnm.o
    0x0800a22c   0x0800a22c   0x000000b4   Code   RO         8768    i.anim_ready_handler  lv_anim.o
    0x0800a2e0   0x0800a2e0   0x000000d0   Code   RO         8769    i.anim_task         lv_anim.o
    0x0800a3b0   0x0800a3b0   0x00000054   Code   RO         7630    i.antialias_get_opa_circ  lv_draw_rect.o
    0x0800a404   0x0800a404   0x00000008   Code   RO         9972    i.button_get_tgl_state  lv_btnm.o
    0x0800a40c   0x0800a40c   0x00000008   Code   RO         9973    i.button_is_click_trig  lv_btnm.o
    0x0800a414   0x0800a414   0x00000008   Code   RO         9974    i.button_is_hidden  lv_btnm.o
    0x0800a41c   0x0800a41c   0x00000008   Code   RO         9975    i.button_is_inactive  lv_btnm.o
    0x0800a424   0x0800a424   0x00000008   Code   RO         9976    i.button_is_repeat_disabled  lv_btnm.o
    0x0800a42c   0x0800a42c   0x00000008   Code   RO         9977    i.button_is_tgl_enabled  lv_btnm.o
    0x0800a434   0x0800a434   0x00000014   Code   RO         4227    i.delay_init        delay.o
    0x0800a448   0x0800a448   0x00000018   Code   RO         4228    i.delay_ms          delay.o
    0x0800a460   0x0800a460   0x00000048   Code   RO         4229    i.delay_us          delay.o
    0x0800a4a8   0x0800a4a8   0x00000026   Code   RO        15931    i.disp_flush        lv_port_disp.o
    0x0800a4ce   0x0800a4ce   0x00000030   Code   RO         9242    i.ent_alloc         lv_mem.o
    0x0800a4fe   0x0800a4fe   0x00000002   PAD
    0x0800a500   0x0800a500   0x00000030   Code   RO         9243    i.ent_get_next      lv_mem.o
    0x0800a530   0x0800a530   0x0000004c   Code   RO         9244    i.ent_trunc         lv_mem.o
    0x0800a57c   0x0800a57c   0x00000110   Code   RO        16240    i.event_handler     lv_btnm_test.o
    0x0800a68c   0x0800a68c   0x000000f6   Code   RO         5868    i.focus_next_core   lv_group.o
    0x0800a782   0x0800a782   0x00000002   PAD
    0x0800a784   0x0800a784   0x0000001c   Code   RO         4323    i.fputc             usart.o
    0x0800a7a0   0x0800a7a0   0x00000092   Code   RO         9978    i.get_button_from_point  lv_btnm.o
    0x0800a832   0x0800a832   0x00000010   Code   RO         9979    i.get_button_width  lv_btnm.o
    0x0800a842   0x0800a842   0x00000002   PAD
    0x0800a844   0x0800a844   0x0000019c   Code   RO         8011    i.get_glyph_dsc_id  lv_font_fmt_txt.o
    0x0800a9e0   0x0800a9e0   0x000000d8   Code   RO         8012    i.get_kern_value    lv_font_fmt_txt.o
    0x0800aab8   0x0800aab8   0x00000050   Code   RO         7532    i.hex_char_to_num   lv_draw_label.o
    0x0800ab08   0x0800ab08   0x00000056   Code   RO         6161    i.indev_button_proc  lv_indev.o
    0x0800ab5e   0x0800ab5e   0x00000002   PAD
    0x0800ab60   0x0800ab60   0x00000218   Code   RO         6162    i.indev_drag        lv_indev.o
    0x0800ad78   0x0800ad78   0x000001b0   Code   RO         6163    i.indev_drag_throw  lv_indev.o
    0x0800af28   0x0800af28   0x0000037c   Code   RO         6164    i.indev_encoder_proc  lv_indev.o
    0x0800b2a4   0x0800b2a4   0x000002fc   Code   RO         6165    i.indev_keypad_proc  lv_indev.o
    0x0800b5a0   0x0800b5a0   0x0000005a   Code   RO         6166    i.indev_pointer_proc  lv_indev.o
    0x0800b5fa   0x0800b5fa   0x00000002   PAD
    0x0800b5fc   0x0800b5fc   0x0000037c   Code   RO         6167    i.indev_proc_press  lv_indev.o
    0x0800b978   0x0800b978   0x00000264   Code   RO         6168    i.indev_proc_release  lv_indev.o
    0x0800bbdc   0x0800bbdc   0x0000005c   Code   RO         6169    i.indev_proc_reset_query_handler  lv_indev.o
    0x0800bc38   0x0800bc38   0x00000020   Code   RO         6170    i.indev_reset_check  lv_indev.o
    0x0800bc58   0x0800bc58   0x00000076   Code   RO         6171    i.indev_search_obj  lv_indev.o
    0x0800bcce   0x0800bcce   0x00000082   Code   RO         9980    i.invalidate_button_area  lv_btnm.o
    0x0800bd50   0x0800bd50   0x00000020   Code   RO         8013    i.kern_pair_16_compare  lv_font_fmt_txt.o
    0x0800bd70   0x0800bd70   0x00000020   Code   RO         8014    i.kern_pair_8_compare  lv_font_fmt_txt.o
    0x0800bd90   0x0800bd90   0x0000002c   Code   RO         8770    i.lv_anim_core_init  lv_anim.o
    0x0800bdbc   0x0800bdbc   0x00000058   Code   RO         8772    i.lv_anim_create    lv_anim.o
    0x0800be14   0x0800be14   0x00000058   Code   RO         8773    i.lv_anim_del       lv_anim.o
    0x0800be6c   0x0800be6c   0x00000034   Code   RO         8779    i.lv_anim_path_linear  lv_anim.o
    0x0800bea0   0x0800bea0   0x00000030   Code   RO         8782    i.lv_anim_speed_to_time  lv_anim.o
    0x0800bed0   0x0800bed0   0x0000000a   Code   RO         6355    i.lv_area_copy      lv_obj.o
    0x0800beda   0x0800beda   0x0000000a   Code   RO         6985    i.lv_area_copy      lv_refr.o
    0x0800bee4   0x0800bee4   0x0000000a   Code   RO         7631    i.lv_area_copy      lv_draw_rect.o
    0x0800beee   0x0800beee   0x0000000a   Code   RO         9981    i.lv_area_copy      lv_btnm.o
    0x0800bef8   0x0800bef8   0x0000000e   Code   RO         6986    i.lv_area_get_height  lv_refr.o
    0x0800bf06   0x0800bf06   0x0000000e   Code   RO         7632    i.lv_area_get_height  lv_draw_rect.o
    0x0800bf14   0x0800bf14   0x0000000e   Code   RO        11652    i.lv_area_get_height  lv_label.o
    0x0800bf22   0x0800bf22   0x00000022   Code   RO         8924    i.lv_area_get_size  lv_area.o
    0x0800bf44   0x0800bf44   0x0000000e   Code   RO         6987    i.lv_area_get_width  lv_refr.o
    0x0800bf52   0x0800bf52   0x0000000e   Code   RO         7330    i.lv_area_get_width  lv_draw_basic.o
    0x0800bf60   0x0800bf60   0x0000000e   Code   RO         7533    i.lv_area_get_width  lv_draw_label.o
    0x0800bf6e   0x0800bf6e   0x0000000e   Code   RO         7633    i.lv_area_get_width  lv_draw_rect.o
    0x0800bf7c   0x0800bf7c   0x0000000e   Code   RO         9982    i.lv_area_get_width  lv_btnm.o
    0x0800bf8a   0x0800bf8a   0x0000000e   Code   RO        11653    i.lv_area_get_width  lv_label.o
    0x0800bf98   0x0800bf98   0x00000082   Code   RO         8925    i.lv_area_intersect  lv_area.o
    0x0800c01a   0x0800c01a   0x0000003a   Code   RO         8926    i.lv_area_is_in     lv_area.o
    0x0800c054   0x0800c054   0x0000003a   Code   RO         8927    i.lv_area_is_on     lv_area.o
    0x0800c08e   0x0800c08e   0x0000003a   Code   RO         8928    i.lv_area_is_point_on  lv_area.o
    0x0800c0c8   0x0800c0c8   0x00000064   Code   RO         8929    i.lv_area_join      lv_area.o
    0x0800c12c   0x0800c12c   0x0000000e   Code   RO         8930    i.lv_area_set       lv_area.o
    0x0800c13a   0x0800c13a   0x00000036   Code   RO         9983    i.lv_btnm_clear_btn_ctrl  lv_btnm.o
    0x0800c170   0x0800c170   0x0000002c   Code   RO         9984    i.lv_btnm_clear_btn_ctrl_all  lv_btnm.o
    0x0800c19c   0x0800c19c   0x00000170   Code   RO         9985    i.lv_btnm_create    lv_btnm.o
    0x0800c30c   0x0800c30c   0x0000030c   Code   RO         9986    i.lv_btnm_design    lv_btnm.o
    0x0800c618   0x0800c618   0x00000010   Code   RO         9987    i.lv_btnm_get_active_btn  lv_btnm.o
    0x0800c628   0x0800c628   0x00000024   Code   RO         9988    i.lv_btnm_get_active_btn_text  lv_btnm.o
    0x0800c64c   0x0800c64c   0x00000030   Code   RO         9989    i.lv_btnm_get_btn_ctrl  lv_btnm.o
    0x0800c67c   0x0800c67c   0x00000058   Code   RO         9990    i.lv_btnm_get_btn_text  lv_btnm.o
    0x0800c6d4   0x0800c6d4   0x00000010   Code   RO         9991    i.lv_btnm_get_map_array  lv_btnm.o
    0x0800c6e4   0x0800c6e4   0x0000004a   Code   RO         9995    i.lv_btnm_get_style  lv_btnm.o
    0x0800c72e   0x0800c72e   0x00000036   Code   RO         9996    i.lv_btnm_set_btn_ctrl  lv_btnm.o
    0x0800c764   0x0800c764   0x00000024   Code   RO         9999    i.lv_btnm_set_ctrl_map  lv_btnm.o
    0x0800c788   0x0800c788   0x0000023c   Code   RO        10000    i.lv_btnm_set_map   lv_btnm.o
    0x0800c9c4   0x0800c9c4   0x00000062   Code   RO        10004    i.lv_btnm_set_style  lv_btnm.o
    0x0800ca26   0x0800ca26   0x00000002   PAD
    0x0800ca28   0x0800ca28   0x000004b4   Code   RO        10005    i.lv_btnm_signal    lv_btnm.o
    0x0800cedc   0x0800cedc   0x00000110   Code   RO        16241    i.lv_btnm_test_start  lv_btnm_test.o
    0x0800cfec   0x0800cfec   0x00000016   Code   RO         9016    i.lv_circ_cont      lv_circ.o
    0x0800d002   0x0800d002   0x00000010   Code   RO         9017    i.lv_circ_init      lv_circ.o
    0x0800d012   0x0800d012   0x0000003c   Code   RO         9018    i.lv_circ_next      lv_circ.o
    0x0800d04e   0x0800d04e   0x00000030   Code   RO         7097    i.lv_color_make     lv_style.o
    0x0800d07e   0x0800d07e   0x0000007c   Code   RO         7331    i.lv_color_mix      lv_draw_basic.o
    0x0800d0fa   0x0800d0fa   0x0000007c   Code   RO         7634    i.lv_color_mix      lv_draw_rect.o
    0x0800d176   0x0800d176   0x00000022   Code   RO         8455    i.lv_disp_buf_init  lv_hal_disp.o
    0x0800d198   0x0800d198   0x00000048   Code   RO         8456    i.lv_disp_drv_init  lv_hal_disp.o
    0x0800d1e0   0x0800d1e0   0x000000c8   Code   RO         8457    i.lv_disp_drv_register  lv_hal_disp.o
    0x0800d2a8   0x0800d2a8   0x0000000e   Code   RO         8459    i.lv_disp_flush_ready  lv_hal_disp.o
    0x0800d2b6   0x0800d2b6   0x0000001a   Code   RO         8460    i.lv_disp_get_antialiasing  lv_hal_disp.o
    0x0800d2d0   0x0800d2d0   0x00000006   Code   RO         8461    i.lv_disp_get_buf   lv_hal_disp.o
    0x0800d2d6   0x0800d2d6   0x00000002   PAD
    0x0800d2d8   0x0800d2d8   0x0000000c   Code   RO         8462    i.lv_disp_get_default  lv_hal_disp.o
    0x0800d2e4   0x0800d2e4   0x00000028   Code   RO         8463    i.lv_disp_get_hor_res  lv_hal_disp.o
    0x0800d30c   0x0800d30c   0x0000000c   Code   RO         8464    i.lv_disp_get_inv_buf_size  lv_hal_disp.o
    0x0800d318   0x0800d318   0x00000016   Code   RO         5748    i.lv_disp_get_layer_sys  lv_disp.o
    0x0800d32e   0x0800d32e   0x00000016   Code   RO         5749    i.lv_disp_get_layer_top  lv_disp.o
    0x0800d344   0x0800d344   0x00000016   Code   RO         5751    i.lv_disp_get_scr_act  lv_disp.o
    0x0800d35a   0x0800d35a   0x00000028   Code   RO         8466    i.lv_disp_get_ver_res  lv_hal_disp.o
    0x0800d382   0x0800d382   0x00000016   Code   RO         8467    i.lv_disp_is_double_buf  lv_hal_disp.o
    0x0800d398   0x0800d398   0x00000024   Code   RO         8468    i.lv_disp_is_true_double_buf  lv_hal_disp.o
    0x0800d3bc   0x0800d3bc   0x00000024   Code   RO         8469    i.lv_disp_pop_from_inv_buf  lv_hal_disp.o
    0x0800d3e0   0x0800d3e0   0x00000160   Code   RO         6988    i.lv_disp_refr_task  lv_refr.o
    0x0800d540   0x0800d540   0x00000034   Code   RO         7172    i.lv_draw_aa_get_opa  lv_draw.o
    0x0800d574   0x0800d574   0x00000044   Code   RO         7635    i.lv_draw_cont_radius_corr  lv_draw_rect.o
    0x0800d5b8   0x0800d5b8   0x0000009e   Code   RO         7332    i.lv_draw_fill      lv_draw_basic.o
    0x0800d656   0x0800d656   0x00000002   PAD
    0x0800d658   0x0800d658   0x00000024   Code   RO         7175    i.lv_draw_free_buf  lv_draw.o
    0x0800d67c   0x0800d67c   0x0000005c   Code   RO         7176    i.lv_draw_get_buf   lv_draw.o
    0x0800d6d8   0x0800d6d8   0x000004e8   Code   RO         7534    i.lv_draw_label     lv_draw_label.o
    0x0800dbc0   0x0800dbc0   0x00000368   Code   RO         7333    i.lv_draw_letter    lv_draw_basic.o
    0x0800df28   0x0800df28   0x000000d6   Code   RO         7335    i.lv_draw_px        lv_draw_basic.o
    0x0800dffe   0x0800dffe   0x00000090   Code   RO         7636    i.lv_draw_rect      lv_draw_rect.o
    0x0800e08e   0x0800e08e   0x000010b0   Code   RO         7637    i.lv_draw_rect_border_corner  lv_draw_rect.o
    0x0800f13e   0x0800f13e   0x00000472   Code   RO         7638    i.lv_draw_rect_border_straight  lv_draw_rect.o
    0x0800f5b0   0x0800f5b0   0x00000c28   Code   RO         7639    i.lv_draw_rect_main_corner  lv_draw_rect.o
    0x080101d8   0x080101d8   0x00000164   Code   RO         7640    i.lv_draw_rect_main_mid  lv_draw_rect.o
    0x0801033c   0x0801033c   0x000000ae   Code   RO         7641    i.lv_draw_shadow    lv_draw_rect.o
    0x080103ea   0x080103ea   0x00000272   Code   RO         7642    i.lv_draw_shadow_bottom  lv_draw_rect.o
    0x0801065c   0x0801065c   0x000003e6   Code   RO         7643    i.lv_draw_shadow_full  lv_draw_rect.o
    0x08010a42   0x08010a42   0x000001b2   Code   RO         7644    i.lv_draw_shadow_full_straight  lv_draw_rect.o
    0x08010bf4   0x08010bf4   0x00000024   Code   RO         6358    i.lv_event_send     lv_obj.o
    0x08010c18   0x08010c18   0x0000009c   Code   RO         6359    i.lv_event_send_func  lv_obj.o
    0x08010cb4   0x08010cb4   0x00000034   Code   RO         8015    i.lv_font_get_bitmap_fmt_txt  lv_font_fmt_txt.o
    0x08010ce8   0x08010ce8   0x00000010   Code   RO         7968    i.lv_font_get_glyph_bitmap  lv_font.o
    0x08010cf8   0x08010cf8   0x0000001e   Code   RO         7969    i.lv_font_get_glyph_dsc  lv_font.o
    0x08010d16   0x08010d16   0x00000084   Code   RO         8016    i.lv_font_get_glyph_dsc_fmt_txt  lv_font_fmt_txt.o
    0x08010d9a   0x08010d9a   0x00000026   Code   RO         7970    i.lv_font_get_glyph_width  lv_font.o
    0x08010dc0   0x08010dc0   0x00000006   Code   RO        11654    i.lv_font_get_line_height  lv_label.o
    0x08010dc6   0x08010dc6   0x0000006a   Code   RO         5870    i.lv_group_add_obj  lv_group.o
    0x08010e30   0x08010e30   0x00000018   Code   RO         5874    i.lv_group_focus_next  lv_group.o
    0x08010e48   0x08010e48   0x000000bc   Code   RO         5875    i.lv_group_focus_obj  lv_group.o
    0x08010f04   0x08010f04   0x00000018   Code   RO         5876    i.lv_group_focus_prev  lv_group.o
    0x08010f1c   0x08010f1c   0x00000012   Code   RO         5877    i.lv_group_get_click_focus  lv_group.o
    0x08010f2e   0x08010f2e   0x00000012   Code   RO         5878    i.lv_group_get_editing  lv_group.o
    0x08010f40   0x08010f40   0x00000016   Code   RO         5880    i.lv_group_get_focused  lv_group.o
    0x08010f56   0x08010f56   0x00000002   PAD
    0x08010f58   0x08010f58   0x00000010   Code   RO         5884    i.lv_group_init     lv_group.o
    0x08010f68   0x08010f68   0x0000003e   Code   RO         5885    i.lv_group_mod_style  lv_group.o
    0x08010fa6   0x08010fa6   0x00000046   Code   RO         5886    i.lv_group_refocus  lv_group.o
    0x08010fec   0x08010fec   0x0000003e   Code   RO         5890    i.lv_group_send_data  lv_group.o
    0x0801102a   0x0801102a   0x0000005c   Code   RO         5892    i.lv_group_set_editing  lv_group.o
    0x08011086   0x08011086   0x00000002   PAD
    0x08011088   0x08011088   0x00000068   Code   RO         7773    i.lv_img_cache_invalidate_src  lv_img_cache.o
    0x080110f0   0x080110f0   0x00000084   Code   RO         7775    i.lv_img_cache_set_size  lv_img_cache.o
    0x08011174   0x08011174   0x0000004c   Code   RO         7447    i.lv_img_color_format_get_px_size  lv_draw_img.o
    0x080111c0   0x080111c0   0x00000020   Code   RO         7815    i.lv_img_decoder_built_in_close  lv_img_decoder.o
    0x080111e0   0x080111e0   0x0000007a   Code   RO         7816    i.lv_img_decoder_built_in_info  lv_img_decoder.o
    0x0801125a   0x0801125a   0x00000002   PAD
    0x0801125c   0x0801125c   0x000001c4   Code   RO         7817    i.lv_img_decoder_built_in_line_alpha  lv_img_decoder.o
    0x08011420   0x08011420   0x00000160   Code   RO         7818    i.lv_img_decoder_built_in_line_indexed  lv_img_decoder.o
    0x08011580   0x08011580   0x0000000a   Code   RO         7819    i.lv_img_decoder_built_in_line_true_color  lv_img_decoder.o
    0x0801158a   0x0801158a   0x00000126   Code   RO         7820    i.lv_img_decoder_built_in_open  lv_img_decoder.o
    0x080116b0   0x080116b0   0x000000c8   Code   RO         7821    i.lv_img_decoder_built_in_read_line  lv_img_decoder.o
    0x08011778   0x08011778   0x00000018   Code   RO         7822    i.lv_img_decoder_close  lv_img_decoder.o
    0x08011790   0x08011790   0x00000028   Code   RO         7823    i.lv_img_decoder_create  lv_img_decoder.o
    0x080117b8   0x080117b8   0x00000054   Code   RO         7826    i.lv_img_decoder_init  lv_img_decoder.o
    0x0801180c   0x0801180c   0x00000004   Code   RO         7829    i.lv_img_decoder_set_close_cb  lv_img_decoder.o
    0x08011810   0x08011810   0x00000004   Code   RO         7830    i.lv_img_decoder_set_info_cb  lv_img_decoder.o
    0x08011814   0x08011814   0x00000004   Code   RO         7831    i.lv_img_decoder_set_open_cb  lv_img_decoder.o
    0x08011818   0x08011818   0x00000004   Code   RO         7832    i.lv_img_decoder_set_read_line_cb  lv_img_decoder.o
    0x0801181c   0x0801181c   0x0000002a   Code   RO         7451    i.lv_img_src_get_type  lv_draw_img.o
    0x08011846   0x08011846   0x00000024   Code   RO         8638    i.lv_indev_drv_init  lv_hal_indev.o
    0x0801186a   0x0801186a   0x00000002   PAD
    0x0801186c   0x0801186c   0x0000006c   Code   RO         8639    i.lv_indev_drv_register  lv_hal_indev.o
    0x080118d8   0x080118d8   0x0000000c   Code   RO         6173    i.lv_indev_get_act  lv_indev.o
    0x080118e4   0x080118e4   0x0000001c   Code   RO         8641    i.lv_indev_get_next  lv_hal_indev.o
    0x08011900   0x08011900   0x00000020   Code   RO         6176    i.lv_indev_get_point  lv_indev.o
    0x08011920   0x08011920   0x0000000c   Code   RO         6178    i.lv_indev_get_type  lv_indev.o
    0x0801192c   0x0801192c   0x0000000a   Code   RO         6180    i.lv_indev_init     lv_indev.o
    0x08011936   0x08011936   0x0000003e   Code   RO         8642    i.lv_indev_read     lv_hal_indev.o
    0x08011974   0x08011974   0x00000104   Code   RO         6182    i.lv_indev_read_task  lv_indev.o
    0x08011a78   0x08011a78   0x0000003e   Code   RO         6183    i.lv_indev_reset    lv_indev.o
    0x08011ab6   0x08011ab6   0x0000001e   Code   RO         6184    i.lv_indev_reset_long_press  lv_indev.o
    0x08011ad4   0x08011ad4   0x00000058   Code   RO         6360    i.lv_init           lv_obj.o
    0x08011b2c   0x08011b2c   0x000000de   Code   RO         6989    i.lv_inv_area       lv_refr.o
    0x08011c0a   0x08011c0a   0x00000002   PAD
    0x08011c0c   0x08011c0c   0x000001d4   Code   RO        11655    i.lv_label_create   lv_label.o
    0x08011de0   0x08011de0   0x00000260   Code   RO        11657    i.lv_label_design   lv_label.o
    0x08012040   0x08012040   0x0000002c   Code   RO        11658    i.lv_label_dot_tmp_free  lv_label.o
    0x0801206c   0x0801206c   0x00000014   Code   RO        11659    i.lv_label_get_align  lv_label.o
    0x08012080   0x08012080   0x00000014   Code   RO        11661    i.lv_label_get_body_draw  lv_label.o
    0x08012094   0x08012094   0x0000001c   Code   RO        11662    i.lv_label_get_dot_tmp  lv_label.o
    0x080120b0   0x080120b0   0x00000194   Code   RO        11663    i.lv_label_get_letter_on  lv_label.o
    0x08012244   0x08012244   0x00000014   Code   RO        11665    i.lv_label_get_long_mode  lv_label.o
    0x08012258   0x08012258   0x00000014   Code   RO        11666    i.lv_label_get_recolor  lv_label.o
    0x0801226c   0x0801226c   0x00000010   Code   RO        11667    i.lv_label_get_text  lv_label.o
    0x0801227c   0x0801227c   0x00000008   Code   RO        11668    i.lv_label_get_text_sel_end  lv_label.o
    0x08012284   0x08012284   0x00000008   Code   RO        11669    i.lv_label_get_text_sel_start  lv_label.o
    0x0801228c   0x0801228c   0x000003f0   Code   RO        11672    i.lv_label_refr_text  lv_label.o
    0x0801267c   0x0801267c   0x00000078   Code   RO        11673    i.lv_label_revert_dots  lv_label.o
    0x080126f4   0x080126f4   0x0000002c   Code   RO        11674    i.lv_label_set_align  lv_label.o
    0x08012720   0x08012720   0x00000032   Code   RO        11677    i.lv_label_set_body_draw  lv_label.o
    0x08012752   0x08012752   0x00000060   Code   RO        11678    i.lv_label_set_dot_tmp  lv_label.o
    0x080127b2   0x080127b2   0x00000002   PAD
    0x080127b4   0x080127b4   0x00000090   Code   RO        11679    i.lv_label_set_long_mode  lv_label.o
    0x08012844   0x08012844   0x00000018   Code   RO        11680    i.lv_label_set_offset_x  lv_label.o
    0x0801285c   0x0801285c   0x00000018   Code   RO        11681    i.lv_label_set_offset_y  lv_label.o
    0x08012874   0x08012874   0x0000002c   Code   RO        11682    i.lv_label_set_recolor  lv_label.o
    0x080128a0   0x080128a0   0x0000003a   Code   RO        11683    i.lv_label_set_static_text  lv_label.o
    0x080128da   0x080128da   0x00000098   Code   RO        11684    i.lv_label_set_text  lv_label.o
    0x08012972   0x08012972   0x00000002   PAD
    0x08012974   0x08012974   0x00000148   Code   RO        11687    i.lv_label_signal   lv_label.o
    0x08012abc   0x08012abc   0x00000070   Code   RO         9107    i.lv_ll_chg_list    lv_ll.o
    0x08012b2c   0x08012b2c   0x0000000a   Code   RO         9109    i.lv_ll_get_head    lv_ll.o
    0x08012b36   0x08012b36   0x00000016   Code   RO         9111    i.lv_ll_get_next    lv_ll.o
    0x08012b4c   0x08012b4c   0x00000014   Code   RO         9112    i.lv_ll_get_prev    lv_ll.o
    0x08012b60   0x08012b60   0x0000000a   Code   RO         9113    i.lv_ll_get_tail    lv_ll.o
    0x08012b6a   0x08012b6a   0x00000016   Code   RO         9114    i.lv_ll_init        lv_ll.o
    0x08012b80   0x08012b80   0x00000040   Code   RO         9115    i.lv_ll_ins_head    lv_ll.o
    0x08012bc0   0x08012bc0   0x00000072   Code   RO         9116    i.lv_ll_ins_prev    lv_ll.o
    0x08012c32   0x08012c32   0x00000046   Code   RO         9117    i.lv_ll_ins_tail    lv_ll.o
    0x08012c78   0x08012c78   0x00000018   Code   RO         9118    i.lv_ll_is_empty    lv_ll.o
    0x08012c90   0x08012c90   0x0000006a   Code   RO         9119    i.lv_ll_move_before  lv_ll.o
    0x08012cfa   0x08012cfa   0x0000008a   Code   RO         9120    i.lv_ll_rem         lv_ll.o
    0x08012d84   0x08012d84   0x0000004c   Code   RO         9245    i.lv_mem_alloc      lv_mem.o
    0x08012dd0   0x08012dd0   0x00000074   Code   RO         9247    i.lv_mem_free       lv_mem.o
    0x08012e44   0x08012e44   0x00000020   Code   RO         9248    i.lv_mem_get_size   lv_mem.o
    0x08012e64   0x08012e64   0x00000028   Code   RO         9249    i.lv_mem_init       lv_mem.o
    0x08012e8c   0x08012e8c   0x0000006c   Code   RO         9251    i.lv_mem_realloc    lv_mem.o
    0x08012ef8   0x08012ef8   0x000003b2   Code   RO         6361    i.lv_obj_align      lv_obj.o
    0x080132aa   0x080132aa   0x000002f8   Code   RO         6362    i.lv_obj_align_origo  lv_obj.o
    0x080135a2   0x080135a2   0x00000014   Code   RO         6363    i.lv_obj_allocate_ext_attr  lv_obj.o
    0x080135b6   0x080135b6   0x00000002   PAD
    0x080135b8   0x080135b8   0x000002f4   Code   RO         6368    i.lv_obj_create     lv_obj.o
    0x080138ac   0x080138ac   0x000000c6   Code   RO         6372    i.lv_obj_design     lv_obj.o
    0x08013972   0x08013972   0x00000022   Code   RO         6374    i.lv_obj_get_child  lv_obj.o
    0x08013994   0x08013994   0x0000000c   Code   RO         6376    i.lv_obj_get_click  lv_obj.o
    0x080139a0   0x080139a0   0x00000012   Code   RO         6377    i.lv_obj_get_coords  lv_obj.o
    0x080139b2   0x080139b2   0x00000006   Code   RO         6378    i.lv_obj_get_design_cb  lv_obj.o
    0x080139b8   0x080139b8   0x0000005c   Code   RO         6379    i.lv_obj_get_disp   lv_obj.o
    0x08013a14   0x08013a14   0x0000000c   Code   RO         6380    i.lv_obj_get_drag   lv_obj.o
    0x08013a20   0x08013a20   0x0000000c   Code   RO         6381    i.lv_obj_get_drag_dir  lv_obj.o
    0x08013a2c   0x08013a2c   0x0000000c   Code   RO         6382    i.lv_obj_get_drag_parent  lv_obj.o
    0x08013a38   0x08013a38   0x0000000c   Code   RO         6383    i.lv_obj_get_drag_throw  lv_obj.o
    0x08013a44   0x08013a44   0x00000006   Code   RO         6385    i.lv_obj_get_ext_attr  lv_obj.o
    0x08013a4a   0x08013a4a   0x00000006   Code   RO         6391    i.lv_obj_get_group  lv_obj.o
    0x08013a50   0x08013a50   0x00000010   Code   RO         6392    i.lv_obj_get_height  lv_obj.o
    0x08013a60   0x08013a60   0x0000000c   Code   RO         6394    i.lv_obj_get_hidden  lv_obj.o
    0x08013a6c   0x08013a6c   0x00000028   Code   RO         6396    i.lv_obj_get_opa_scale  lv_obj.o
    0x08013a94   0x08013a94   0x00000006   Code   RO         6398    i.lv_obj_get_parent  lv_obj.o
    0x08013a9a   0x08013a9a   0x0000001a   Code   RO         6401    i.lv_obj_get_screen  lv_obj.o
    0x08013ab4   0x08013ab4   0x00000006   Code   RO         6402    i.lv_obj_get_signal_cb  lv_obj.o
    0x08013aba   0x08013aba   0x00000002   PAD
    0x08013abc   0x08013abc   0x00000070   Code   RO         6403    i.lv_obj_get_style  lv_obj.o
    0x08013b2c   0x08013b2c   0x00000010   Code   RO         6406    i.lv_obj_get_width  lv_obj.o
    0x08013b3c   0x08013b3c   0x00000018   Code   RO         6408    i.lv_obj_get_x      lv_obj.o
    0x08013b54   0x08013b54   0x00000018   Code   RO         6409    i.lv_obj_get_y      lv_obj.o
    0x08013b6c   0x08013b6c   0x000000ce   Code   RO         6410    i.lv_obj_invalidate  lv_obj.o
    0x08013c3a   0x08013c3a   0x0000001a   Code   RO         6411    i.lv_obj_is_focused  lv_obj.o
    0x08013c54   0x08013c54   0x00000012   Code   RO         6412    i.lv_obj_is_protected  lv_obj.o
    0x08013c66   0x08013c66   0x0000003e   Code   RO         6414    i.lv_obj_move_foreground  lv_obj.o
    0x08013ca4   0x08013ca4   0x0000003e   Code   RO         6415    i.lv_obj_realign    lv_obj.o
    0x08013ce2   0x08013ce2   0x0000001a   Code   RO         6416    i.lv_obj_refresh_ext_draw_pad  lv_obj.o
    0x08013cfc   0x08013cfc   0x0000001c   Code   RO         6417    i.lv_obj_refresh_style  lv_obj.o
    0x08013d18   0x08013d18   0x00000012   Code   RO         6420    i.lv_obj_set_click  lv_obj.o
    0x08013d2a   0x08013d2a   0x00000004   Code   RO         6421    i.lv_obj_set_design_cb  lv_obj.o
    0x08013d2e   0x08013d2e   0x00000004   Code   RO         6426    i.lv_obj_set_event_cb  lv_obj.o
    0x08013d32   0x08013d32   0x0000001a   Code   RO         6428    i.lv_obj_set_height  lv_obj.o
    0x08013d4c   0x08013d4c   0x000000a2   Code   RO         6434    i.lv_obj_set_pos    lv_obj.o
    0x08013dee   0x08013dee   0x00000004   Code   RO         6436    i.lv_obj_set_signal_cb  lv_obj.o
    0x08013df2   0x08013df2   0x0000009e   Code   RO         6437    i.lv_obj_set_size   lv_obj.o
    0x08013e90   0x08013e90   0x00000016   Code   RO         6438    i.lv_obj_set_style  lv_obj.o
    0x08013ea6   0x08013ea6   0x0000001a   Code   RO         6440    i.lv_obj_set_width  lv_obj.o
    0x08013ec0   0x08013ec0   0x0000001a   Code   RO         6441    i.lv_obj_set_x      lv_obj.o
    0x08013eda   0x08013eda   0x0000001a   Code   RO         6442    i.lv_obj_set_y      lv_obj.o
    0x08013ef4   0x08013ef4   0x00000068   Code   RO         6443    i.lv_obj_signal     lv_obj.o
    0x08013f5c   0x08013f5c   0x00000054   Code   RO        15932    i.lv_port_disp_init  lv_port_disp.o
    0x08013fb0   0x08013fb0   0x00000024   Code   RO        16207    i.lv_port_indev_init  lv_port_indev.o
    0x08013fd4   0x08013fd4   0x00000158   Code   RO         6990    i.lv_refr_area      lv_refr.o
    0x0801412c   0x0801412c   0x00000084   Code   RO         6991    i.lv_refr_area_part  lv_refr.o
    0x080141b0   0x080141b0   0x00000064   Code   RO         6992    i.lv_refr_areas     lv_refr.o
    0x08014214   0x08014214   0x0000000c   Code   RO         6993    i.lv_refr_get_disp_refreshing  lv_refr.o
    0x08014220   0x08014220   0x0000007e   Code   RO         6994    i.lv_refr_get_top_obj  lv_refr.o
    0x0801429e   0x0801429e   0x00000002   Code   RO         6995    i.lv_refr_init      lv_refr.o
    0x080142a0   0x080142a0   0x000000dc   Code   RO         6996    i.lv_refr_join_area  lv_refr.o
    0x0801437c   0x0801437c   0x00000100   Code   RO         6998    i.lv_refr_obj       lv_refr.o
    0x0801447c   0x0801447c   0x0000006c   Code   RO         6999    i.lv_refr_obj_and_children  lv_refr.o
    0x080144e8   0x080144e8   0x00000064   Code   RO         7001    i.lv_refr_vdb_flush  lv_refr.o
    0x0801454c   0x0801454c   0x00000012   Code   RO         7101    i.lv_style_copy     lv_style.o
    0x0801455e   0x0801455e   0x00000002   PAD
    0x08014560   0x08014560   0x00000558   Code   RO         7102    i.lv_style_init     lv_style.o
    0x08014ab8   0x08014ab8   0x00000018   Code   RO         9308    i.lv_task_core_init  lv_task.o
    0x08014ad0   0x08014ad0   0x0000003e   Code   RO         9309    i.lv_task_create    lv_task.o
    0x08014b0e   0x08014b0e   0x00000002   PAD
    0x08014b10   0x08014b10   0x000000a4   Code   RO         9310    i.lv_task_create_basic  lv_task.o
    0x08014bb4   0x08014bb4   0x00000030   Code   RO         9311    i.lv_task_del       lv_task.o
    0x08014be4   0x08014be4   0x0000000c   Code   RO         9312    i.lv_task_enable    lv_task.o
    0x08014bf0   0x08014bf0   0x00000050   Code   RO         9313    i.lv_task_exec      lv_task.o
    0x08014c40   0x08014c40   0x00000174   Code   RO         9315    i.lv_task_handler   lv_task.o
    0x08014db4   0x08014db4   0x00000012   Code   RO         9317    i.lv_task_ready     lv_task.o
    0x08014dc6   0x08014dc6   0x00000004   Code   RO         9319    i.lv_task_set_cb    lv_task.o
    0x08014dca   0x08014dca   0x00000004   Code   RO         9320    i.lv_task_set_period  lv_task.o
    0x08014dce   0x08014dce   0x00000002   PAD
    0x08014dd0   0x08014dd0   0x00000064   Code   RO         9321    i.lv_task_set_prio  lv_task.o
    0x08014e34   0x08014e34   0x00000018   Code   RO        14272    i.lv_theme_get_current  lv_theme.o
    0x08014e4c   0x08014e4c   0x0000001a   Code   RO         8736    i.lv_tick_elaps     lv_hal_tick.o
    0x08014e66   0x08014e66   0x00000002   PAD
    0x08014e68   0x08014e68   0x00000020   Code   RO         8737    i.lv_tick_get       lv_hal_tick.o
    0x08014e88   0x08014e88   0x0000001c   Code   RO         8738    i.lv_tick_inc       lv_hal_tick.o
    0x08014ea4   0x08014ea4   0x00000120   Code   RO         9409    i.lv_txt_get_next_line  lv_txt.o
    0x08014fc4   0x08014fc4   0x000000cc   Code   RO         9410    i.lv_txt_get_size   lv_txt.o
    0x08015090   0x08015090   0x00000090   Code   RO         9411    i.lv_txt_get_width  lv_txt.o
    0x08015120   0x08015120   0x00000048   Code   RO         9413    i.lv_txt_is_cmd     lv_txt.o
    0x08015168   0x08015168   0x000000a4   Code   RO         9414    i.lv_txt_unicode_to_utf8  lv_txt.o
    0x0801520c   0x0801520c   0x0000003e   Code   RO         9415    i.lv_txt_utf8_conv_wc  lv_txt.o
    0x0801524a   0x0801524a   0x00000002   PAD
    0x0801524c   0x0801524c   0x00000028   Code   RO         9416    i.lv_txt_utf8_get_byte_id  lv_txt.o
    0x08015274   0x08015274   0x00000028   Code   RO         9417    i.lv_txt_utf8_get_char_id  lv_txt.o
    0x0801529c   0x0801529c   0x00000028   Code   RO         9418    i.lv_txt_utf8_get_length  lv_txt.o
    0x080152c4   0x080152c4   0x00000148   Code   RO         9419    i.lv_txt_utf8_next  lv_txt.o
    0x0801540c   0x0801540c   0x00000060   Code   RO         9420    i.lv_txt_utf8_prev  lv_txt.o
    0x0801546c   0x0801546c   0x0000003c   Code   RO         9421    i.lv_txt_utf8_size  lv_txt.o
    0x080154a8   0x080154a8   0x00000054   Code   RO         9503    i.lv_utils_bsearch  lv_utils.o
    0x080154fc   0x080154fc   0x00000088   Code   RO            4    i.main              main.o
    0x08015584   0x08015584   0x00000028   Code   RO        10006    i.make_one_button_toggled  lv_btnm.o
    0x080155ac   0x080155ac   0x00000062   Code   RO        10007    i.maps_are_identical  lv_btnm.o
    0x0801560e   0x0801560e   0x00000030   Code   RO         9122    i.node_set_next     lv_ll.o
    0x0801563e   0x0801563e   0x0000002c   Code   RO         9123    i.node_set_prev     lv_ll.o
    0x0801566a   0x0801566a   0x0000002c   Code   RO         5898    i.obj_to_foreground  lv_group.o
    0x08015696   0x08015696   0x00000050   Code   RO         6445    i.refresh_children_position  lv_obj.o
    0x080156e6   0x080156e6   0x00000042   Code   RO         6446    i.refresh_children_style  lv_obj.o
    0x08015728   0x08015728   0x00000148   Code   RO         7336    i.sw_color_fill     lv_draw_basic.o
    0x08015870   0x08015870   0x00000058   Code   RO        16208    i.touchpad_read     lv_port_indev.o
    0x080158c8   0x080158c8   0x0000002c   Code   RO         4324    i.uart_init         usart.o
    0x080158f4   0x080158f4   0x0000000a   Code   RO         8017    i.unicode_list_compare  lv_font_fmt_txt.o
    0x080158fe   0x080158fe   0x0000000a   Code   RO        16485    x$fpl$fpinit        fz_wv.l(fpinit.o)
    0x08015908   0x08015908   0x00000000   Code   RO        16389    x$fpl$usenofp       fz_wv.l(usenofp.o)
    0x08015908   0x08015908   0x00000018   Data   RO          649    .constdata          system_stm32f7xx.o
    0x08015920   0x08015920   0x00004740   Data   RO         4528    .constdata          lcd.o
    0x0801a060   0x0801a060   0x0000000a   Data   RO         5057    .constdata          ft5206.o
    0x0801a06a   0x0801a06a   0x000000c2   Data   RO         5104    .constdata          gt9147.o
    0x0801a12c   0x0801a12c   0x000000ce   Data   RO         5156    .constdata          gt9271.o
    0x0801a1fa   0x0801a1fa   0x0000000a   Data   RO         5208    .constdata          ott2001a.o
    0x0801a204   0x0801a204   0x00000004   Data   RO         5268    .constdata          touch.o
    0x0801a208   0x0801a208   0x00000016   Data   RO         7107    .constdata          lv_style.o
    0x0801a21e   0x0801a21e   0x00000024   Data   RO         7177    .constdata          lv_draw.o
    0x0801a242   0x0801a242   0x00000011   Data   RO         7645    .constdata          lv_draw_rect.o
    0x0801a253   0x0801a253   0x00000001   PAD
    0x0801a254   0x0801a254   0x00002db8   Data   RO         8309    .constdata          lv_font_roboto_16.o
    0x0801d00c   0x0801d00c   0x00000002   Data   RO         8472    .constdata          lv_hal_disp.o
    0x0801d00e   0x0801d00e   0x00000002   PAD
    0x0801d010   0x0801d010   0x00000078   Data   RO        16243    .constdata          lv_btnm_test.o
    0x0801d088   0x0801d088   0x00000028   Data   RO        16300    .constdata          c_w.l(_printf_hex_int.o)
    0x0801d0b0   0x0801d0b0   0x00000079   Data   RO         5269    .conststring        touch.o
    0x0801d129   0x0801d129   0x00000003   PAD
    0x0801d12c   0x0801d12c   0x00000029   Data   RO        10008    .conststring        lv_btnm.o
    0x0801d155   0x0801d155   0x00000003   PAD
    0x0801d158   0x0801d158   0x00000075   Data   RO        16244    .conststring        lv_btnm_test.o
    0x0801d1cd   0x0801d1cd   0x00000003   PAD
    0x0801d1d0   0x0801d1d0   0x00000020   Data   RO        16549    Region$$Table       anon$$obj.o


    Execution Region RW_IRAM1 (Exec base: 0x20020000, Load base: 0x0801d1f0, Size: 0x00006e68, Max: 0x00060000, ABSOLUTE, COMPRESSED[0x0000008c])

    Exec Addr    Load Addr    Size         Type   Attr      Idx    E Section Name        Object

    0x20020000   COMPRESSED   0x00000004   Data   RW          650    .data               system_stm32f7xx.o
    0x20020004   COMPRESSED   0x00000004   Data   RW          837    .data               stm32f7xx_hal.o
    0x20020008   COMPRESSED   0x00000004   Data   RW         4230    .data               delay.o
    0x2002000c   COMPRESSED   0x00000007   Data   RW         4326    .data               usart.o
    0x20020013   COMPRESSED   0x00000001   PAD
    0x20020014   COMPRESSED   0x00000008   Data   RW         4529    .data               lcd.o
    0x2002001c   COMPRESSED   0x00000008   Data   RW         4741    .data               ltdc.o
    0x20020024   COMPRESSED   0x00000001   Data   RW         5058    .data               ft5206.o
    0x20020025   COMPRESSED   0x00000001   Data   RW         5105    .data               gt9147.o
    0x20020026   COMPRESSED   0x00000001   Data   RW         5157    .data               gt9271.o
    0x20020027   COMPRESSED   0x00000001   Data   RW         5209    .data               ott2001a.o
    0x20020028   COMPRESSED   0x0000004a   Data   RW         5270    .data               touch.o
    0x20020072   COMPRESSED   0x00000001   Data   RW         5649    .data               rs485.o
    0x20020073   COMPRESSED   0x00000001   PAD
    0x20020074   COMPRESSED   0x00000008   Data   RW         6189    .data               lv_indev.o
    0x2002007c   COMPRESSED   0x0000000c   Data   RW         6448    .data               lv_obj.o
    0x20020088   COMPRESSED   0x00000008   Data   RW         7002    .data               lv_refr.o
    0x20020090   COMPRESSED   0x00000024   Data   RW         7178    .data               lv_draw.o
    0x200200b4   COMPRESSED   0x00000002   Data   RW         7776    .data               lv_img_cache.o
    0x200200b6   COMPRESSED   0x00000002   PAD
    0x200200b8   COMPRESSED   0x0000002c   Data   RW         8310    .data               lv_font_roboto_16.o
    0x200200e4   COMPRESSED   0x00000004   Data   RW         8473    .data               lv_hal_disp.o
    0x200200e8   COMPRESSED   0x00000005   Data   RW         8739    .data               lv_hal_tick.o
    0x200200ed   COMPRESSED   0x00000003   PAD
    0x200200f0   COMPRESSED   0x00000005   Data   RW         8783    .data               lv_anim.o
    0x200200f5   COMPRESSED   0x00000003   PAD
    0x200200f8   COMPRESSED   0x0000000c   Data   RW         9082    .data               lv_gc.o
    0x20020104   COMPRESSED   0x00000008   Data   RW         9253    .data               lv_mem.o
    0x2002010c   COMPRESSED   0x00000014   Data   RW         9322    .data               lv_task.o
    0x20020120   COMPRESSED   0x00000020   Data   RW         9422    .data               lv_txt.o
    0x20020140   COMPRESSED   0x00000024   Data   RW        10009    .data               lv_btnm.o
    0x20020164   COMPRESSED   0x00000004   Data   RW        11688    .data               lv_label.o
    0x20020168   COMPRESSED   0x00000001   Data   RW        14275    .data               lv_theme.o
    0x20020169   COMPRESSED   0x00000001   PAD
    0x2002016a   COMPRESSED   0x00000004   Data   RW        16209    .data               lv_port_indev.o
    0x2002016e   COMPRESSED   0x00000002   PAD
    0x20020170   COMPRESSED   0x0000000e   Data   RW        16245    .data               lv_btnm_test.o
    0x2002017e   COMPRESSED   0x00000002   PAD
    0x20020180        -       0x00000138   Zero   RW         4325    .bss                usart.o
    0x200202b8        -       0x00000034   Zero   RW         4440    .bss                sdram.o
    0x200202ec        -       0x0000005a   Zero   RW         4527    .bss                lcd.o
    0x20020346   COMPRESSED   0x00000002   PAD
    0x20020348        -       0x00000120   Zero   RW         4740    .bss                ltdc.o
    0x20020468        -       0x0000003c   Zero   RW         5367    .bss                timer.o
    0x200204a4        -       0x000000b0   Zero   RW         5648    .bss                rs485.o
    0x20020554        -       0x0000030c   Zero   RW         7106    .bss                lv_style.o
    0x20020860        -       0x00000060   Zero   RW         9081    .bss                lv_gc.o
    0x200208c0        -       0x00004000   Zero   RW         9252    .bss                lv_mem.o
    0x200248c0        -       0x00001a88   Zero   RW        14274    .bss                lv_theme.o
    0x20026348        -       0x0000001c   Zero   RW        15935    .bss                lv_port_disp.o
    0x20026364        -       0x000000a0   Zero   RW        16242    .bss                lv_btnm_test.o
    0x20026404        -       0x00000060   Zero   RW        16417    .bss                c_w.l(libspace.o)
    0x20026464   COMPRESSED   0x00000004   PAD
    0x20026468        -       0x00000200   Zero   RW          803    HEAP                startup_stm32f767xx.o
    0x20026668        -       0x00000800   Zero   RW          802    STACK               startup_stm32f767xx.o



  Load Region LR$$.ARM.__AT_0xC0000000 (Base: 0xc0000000, Size: 0x00000000, Max: 0x001f4000, ABSOLUTE)

    Execution Region ER$$.ARM.__AT_0xC0000000 (Exec base: 0xc0000000, Load base: 0xc0000000, Size: 0x001f4000, Max: 0x001f4000, ABSOLUTE, UNINIT)

    Exec Addr    Load Addr    Size         Type   Attr      Idx    E Section Name        Object

    0xc0000000        -       0x001f4000   Zero   RW         4739    .ARM.__AT_0xC0000000  ltdc.o



  Load Region LR$$.ARM.__AT_0xC01F4000 (Base: 0xc01f4000, Size: 0x00000000, Max: 0x001f4000, ABSOLUTE)

    Execution Region ER$$.ARM.__AT_0xC01F4000 (Exec base: 0xc01f4000, Load base: 0xc01f4000, Size: 0x001f4000, Max: 0x001f4000, ABSOLUTE, UNINIT)

    Exec Addr    Load Addr    Size         Type   Attr      Idx    E Section Name        Object

    0xc01f4000        -       0x001f4000   Zero   RW        15933    .ARM.__AT_0xC01F4000  lv_port_disp.o



  Load Region LR$$.ARM.__AT_0xC03E8000 (Base: 0xc03e8000, Size: 0x00000000, Max: 0x001f4000, ABSOLUTE)

    Execution Region ER$$.ARM.__AT_0xC03E8000 (Exec base: 0xc03e8000, Load base: 0xc03e8000, Size: 0x001f4000, Max: 0x001f4000, ABSOLUTE, UNINIT)

    Exec Addr    Load Addr    Size         Type   Attr      Idx    E Section Name        Object

    0xc03e8000        -       0x001f4000   Zero   RW        15934    .ARM.__AT_0xC03E8000  lv_port_disp.o


==============================================================================

Image component sizes


      Code (inc. data)   RO Data    RW Data    ZI Data      Debug   Object Name

       262          0          0          0          0       3213   24cxx.o
       786         76          0          0          0       5561   ctiic.o
       116          8          0          4          0       1971   delay.o
       870         42         10          1          0       3865   ft5206.o
      1274         78        194          1          0       4794   gt9147.o
      1158         82        206          1          0       4718   gt9271.o
        80         10          0          0          0        858   io.o
       168         18          0          0          0        995   key.o
     12584        226      18240          8         90      30434   lcd.o
        88         10          0          0          0        871   led.o
      2210        148          0          8    2048288      10976   ltdc.o
       708         50          0          5          0      16697   lv_anim.o
         0          0          0          0          0      13506   lv_arc.o
       452          0          0          0          0       5906   lv_area.o
         0          0          0          0          0      12823   lv_bar.o
      4134         98         41         36          0      25280   lv_btnm.o
       544        132        237         14        160       4443   lv_btnm_test.o
         0          0          0          0          0       3618   lv_calendar.o
        98          0          0          0          0       2889   lv_circ.o
        66          0          0          0          0      20904   lv_disp.o
       180         20         36         36          0      18523   lv_draw.o
      1710         24          0          0          0      23143   lv_draw_basic.o
       118         16          0          0          0       9774   lv_draw_img.o
      1350         24          0          0          0      11842   lv_draw_label.o
     11568         16         17          0          0      26145   lv_draw_rect.o
        84          0          0          0          0       3649   lv_font.o
       886         16          0          0          0       8841   lv_font_fmt_txt.o
         0          0          0          0          0       1752   lv_font_roboto_12.o
         0          0      11704         44          0       1972   lv_font_roboto_16.o
         0          0          0         12         96       7930   lv_gc.o
       992         20          0          0          0      32812   lv_group.o
       550         26          2          4          0      29391   lv_hal_disp.o
       234         12          0          0          0      23134   lv_hal_indev.o
        86         20          0          5          0       2352   lv_hal_tick.o
       236         20          0          2          0       2482   lv_img_cache.o
      1626         50          0          0          0      17819   lv_img_decoder.o
      4964         62          0          8          0      28392   lv_indev.o
      3790        100          0          4          0      31456   lv_label.o
       804          0          0          0          0      10190   lv_ll.o
       544         32          0          8      16384       6342   lv_mem.o
      4628        100          0         12          0      47320   lv_obj.o
       122         22          0          0    4096028      23030   lv_port_disp.o
       124         18          0          4          0       1601   lv_port_indev.o
      2012         48          0          8          0      11463   lv_refr.o
      1434         68         22          0        780       8122   lv_style.o
       888         90          0         20          0       8118   lv_task.o
        24         10          0          1       6792      25597   lv_theme.o
      1538         48          0         32          0      13427   lv_txt.o
        84          0          0          0          0        947   lv_utils.o
       136          8          0          0          0     461755   main.o
       352         62          0          0          0      33676   mpu.o
       760         52          0          0          0       4946   myiic.o
       894         60         10          1          0       4363   ott2001a.o
       216         10          0          0          0       2843   pcf8574.o
       326         38          0          1        176       3154   rs485.o
       544         44          0          0         52       3574   sdram.o
        64         26        504          0       2560        872   startup_stm32f767xx.o
       110         20          0          4          0       3765   stm32f7xx_hal.o
       430         26          0          0          0      37484   stm32f7xx_hal_cortex.o
        40          0          0          0          0       1163   stm32f7xx_hal_dma.o
       572         52          0          0          0       3760   stm32f7xx_hal_gpio.o
      1144          6          0          0          0       4725   stm32f7xx_hal_ltdc.o
       144          8          0          0          0       1288   stm32f7xx_hal_pwr_ex.o
       716         50          0          0          0       4080   stm32f7xx_hal_rcc.o
      3664         32          0          0          0       3728   stm32f7xx_hal_rcc_ex.o
       162          0          0          0          0       2764   stm32f7xx_hal_sdram.o
        88          0          0          0          0       1220   stm32f7xx_hal_sram.o
       752         44          0          0          0       5803   stm32f7xx_hal_tim.o
         4          0          0          0          0       1666   stm32f7xx_hal_tim_ex.o
      2642         54          0          0          0      12783   stm32f7xx_hal_uart.o
        28          0          0          0          0       3642   stm32f7xx_it.o
       662         14          0          0          0       5940   stm32f7xx_ll_fmc.o
       456         26          0          0          0      34005   sys.o
       100         18         24          4          0       1107   system_stm32f7xx.o
       152         30          0          0         60      22294   timer.o
      4088        278        125         74          0      11345   touch.o
       396         42          0          7        312       4843   usart.o

    ----------------------------------------------------------------------
     85900       2840      31416        384    6171780    1294476   Object Totals
         0          0         32          0          0          0   (incl. Generated)
        84          0         12         15          2          0   (incl. Padding)

    ----------------------------------------------------------------------

      Code (inc. data)   RO Data    RW Data    ZI Data      Debug   Library Member Name

        90          0          0          0          0          0   __dczerorl2.o
         8          0          0          0          0         68   __main.o
       104          0          0          0          0         84   __printf.o
         0          0          0          0          0          0   __rtentry.o
        12          0          0          0          0          0   __rtentry2.o
         6          0          0          0          0          0   __rtentry4.o
        52          8          0          0          0          0   __scatter.o
        28          0          0          0          0          0   __scatter_zi.o
        44          0          0          0          0        108   _printf_char.o
        48          6          0          0          0         96   _printf_char_common.o
        36          4          0          0          0         80   _printf_char_file.o
         6          0          0          0          0          0   _printf_d.o
       120         16          0          0          0         92   _printf_dec.o
        88          4         40          0          0         88   _printf_hex_int.o
       178          0          0          0          0         88   _printf_intcommon.o
         0          0          0          0          0          0   _printf_percent.o
         4          0          0          0          0          0   _printf_percent_end.o
         6          0          0          0          0          0   _printf_s.o
        82          0          0          0          0         80   _printf_str.o
         6          0          0          0          0          0   _printf_x.o
        22          0          0          0          0        100   _rserrno.o
        10          0          0          0          0         68   _sputc.o
        16          0          0          0          0         68   aeabi_memset.o
        18          0          0          0          0         80   exit.o
         8          0          0          0          0         68   ferror.o
         6          0          0          0          0        152   heapauxi.o
         2          0          0          0          0          0   libinit.o
         6          0          0          0          0          0   libinit2.o
         2          0          0          0          0          0   libshutdown.o
         2          0          0          0          0          0   libshutdown2.o
         8          4          0          0         96         68   libspace.o
        24          4          0          0          0         84   noretval__2printf.o
        40          6          0          0          0         84   noretval__2sprintf.o
         8          4          0          0          0         68   rt_errno_addr_intlibspace.o
        68          0          0          0          0         68   rt_memclr.o
        78          0          0          0          0         80   rt_memclr_w.o
       138          0          0          0          0         68   rt_memcpy_v6.o
       100          0          0          0          0         80   rt_memcpy_w.o
         2          0          0          0          0          0   rtexit.o
        10          0          0          0          0          0   rtexit2.o
       104          0          0          0          0         68   strcmpv7m_pel.o
        72          0          0          0          0         80   strcpy.o
        62          0          0          0          0         76   strlen.o
        74          0          0          0          0         80   sys_stackheap_outer.o
         2          0          0          0          0         68   use_no_semi.o
         2          0          0          0          0         68   use_no_semi_2.o
        10          0          0          0          0        116   fpinit.o
         0          0          0          0          0          0   usenofp.o
       102          0          0          0          0        140   sqrt.o

    ----------------------------------------------------------------------
      1924         56         40          0        100       2616   Library Totals
        10          0          0          0          4          0   (incl. Padding)

    ----------------------------------------------------------------------

      Code (inc. data)   RO Data    RW Data    ZI Data      Debug   Library Name

      1802         56         40          0         96       2360   c_w.l
        10          0          0          0          0        116   fz_wv.l
       102          0          0          0          0        140   m_wv.l

    ----------------------------------------------------------------------
      1924         56         40          0        100       2616   Library Totals

    ----------------------------------------------------------------------

==============================================================================


      Code (inc. data)   RO Data    RW Data    ZI Data      Debug   

     87824       2896      31456        384    6171880    1246292   Grand Totals
     87824       2896      31456        140    6171880    1246292   ELF Image Totals (compressed)
     87824       2896      31456        140          0          0   ROM Totals

==============================================================================

    Total RO  Size (Code + RO Data)               119280 ( 116.48kB)
    Total RW  Size (RW Data + ZI Data)           6172264 (6027.60kB)
    Total ROM Size (Code + RO Data + RW Data)     119420 ( 116.62kB)

==============================================================================

