<!doctype html public "-//w3c//dtd html 4.0 transitional//en">
<html><head>
<title>Static Call Graph - [..\OBJ\template.axf]</title></head>
<body><HR>
<H1>Static Call Graph for image ..\OBJ\template.axf</H1><HR>
<BR><P>#&#060CALLGRAPH&#062# ARM Linker, 5060750: Last Updated: Mon Nov 08 11:20:23 2021
<BR><P>
<H3>Maximum Stack Usage =        844 bytes + Unknown(Functions without stacksize, Cycles, Untraceable Function Pointers)</H3><H3>
Call chain for Maximum Stack Depth:</H3>
lv_btnm_design &rArr; lv_draw_label &rArr; lv_draw_rect &rArr; lv_draw_shadow &rArr; lv_draw_shadow_full &rArr; lv_draw_shadow_full_straight &rArr; lv_draw_fill &rArr; sw_color_fill &rArr; lv_color_mix
<P>
<H3>
Functions with no stack information
</H3><UL>
 <LI><a href="#[d7]">__user_initial_stackheap</a>
</UL>
</UL>
<P>
<H3>
Mutually Recursive functions
</H3> <LI><a href="#[2b]">ADC_IRQHandler</a>&nbsp;&nbsp;&nbsp;&rArr;&nbsp;&nbsp;&nbsp;<a href="#[2b]">ADC_IRQHandler</a><BR>
 <LI><a href="#[28e]">lv_refr_obj</a>&nbsp;&nbsp;&nbsp;&rArr;&nbsp;&nbsp;&nbsp;<a href="#[28e]">lv_refr_obj</a><BR>
 <LI><a href="#[28a]">lv_refr_get_top_obj</a>&nbsp;&nbsp;&nbsp;&rArr;&nbsp;&nbsp;&nbsp;<a href="#[28a]">lv_refr_get_top_obj</a><BR>
 <LI><a href="#[283]">refresh_children_position</a>&nbsp;&nbsp;&nbsp;&rArr;&nbsp;&nbsp;&nbsp;<a href="#[283]">refresh_children_position</a><BR>
 <LI><a href="#[23c]">lv_event_send_func</a>&nbsp;&nbsp;&nbsp;&rArr;&nbsp;&nbsp;&nbsp;<a href="#[19b]">lv_event_send</a><BR>
 <LI><a href="#[1c2]">indev_search_obj</a>&nbsp;&nbsp;&nbsp;&rArr;&nbsp;&nbsp;&nbsp;<a href="#[1c2]">indev_search_obj</a><BR>
 <LI><a href="#[284]">refresh_children_style</a>&nbsp;&nbsp;&nbsp;&rArr;&nbsp;&nbsp;&nbsp;<a href="#[284]">refresh_children_style</a><BR>
</UL>
<P>
<H3>
Function Pointers
</H3><UL>
 <LI><a href="#[2b]">ADC_IRQHandler</a> from startup_stm32f767xx.o(.text) referenced from startup_stm32f767xx.o(RESET)
 <LI><a href="#[13]">BusFault_Handler</a> from stm32f7xx_it.o(i.BusFault_Handler) referenced from startup_stm32f767xx.o(RESET)
 <LI><a href="#[2d]">CAN1_RX0_IRQHandler</a> from startup_stm32f767xx.o(.text) referenced from startup_stm32f767xx.o(RESET)
 <LI><a href="#[2e]">CAN1_RX1_IRQHandler</a> from startup_stm32f767xx.o(.text) referenced from startup_stm32f767xx.o(RESET)
 <LI><a href="#[2f]">CAN1_SCE_IRQHandler</a> from startup_stm32f767xx.o(.text) referenced from startup_stm32f767xx.o(RESET)
 <LI><a href="#[2c]">CAN1_TX_IRQHandler</a> from startup_stm32f767xx.o(.text) referenced from startup_stm32f767xx.o(RESET)
 <LI><a href="#[59]">CAN2_RX0_IRQHandler</a> from startup_stm32f767xx.o(.text) referenced from startup_stm32f767xx.o(RESET)
 <LI><a href="#[5a]">CAN2_RX1_IRQHandler</a> from startup_stm32f767xx.o(.text) referenced from startup_stm32f767xx.o(RESET)
 <LI><a href="#[5b]">CAN2_SCE_IRQHandler</a> from startup_stm32f767xx.o(.text) referenced from startup_stm32f767xx.o(RESET)
 <LI><a href="#[58]">CAN2_TX_IRQHandler</a> from startup_stm32f767xx.o(.text) referenced from startup_stm32f767xx.o(RESET)
 <LI><a href="#[80]">CAN3_RX0_IRQHandler</a> from startup_stm32f767xx.o(.text) referenced from startup_stm32f767xx.o(RESET)
 <LI><a href="#[81]">CAN3_RX1_IRQHandler</a> from startup_stm32f767xx.o(.text) referenced from startup_stm32f767xx.o(RESET)
 <LI><a href="#[82]">CAN3_SCE_IRQHandler</a> from startup_stm32f767xx.o(.text) referenced from startup_stm32f767xx.o(RESET)
 <LI><a href="#[7f]">CAN3_TX_IRQHandler</a> from startup_stm32f767xx.o(.text) referenced from startup_stm32f767xx.o(RESET)
 <LI><a href="#[76]">CEC_IRQHandler</a> from startup_stm32f767xx.o(.text) referenced from startup_stm32f767xx.o(RESET)
 <LI><a href="#[67]">DCMI_IRQHandler</a> from startup_stm32f767xx.o(.text) referenced from startup_stm32f767xx.o(RESET)
 <LI><a href="#[7a]">DFSDM1_FLT0_IRQHandler</a> from startup_stm32f767xx.o(.text) referenced from startup_stm32f767xx.o(RESET)
 <LI><a href="#[7b]">DFSDM1_FLT1_IRQHandler</a> from startup_stm32f767xx.o(.text) referenced from startup_stm32f767xx.o(RESET)
 <LI><a href="#[7c]">DFSDM1_FLT2_IRQHandler</a> from startup_stm32f767xx.o(.text) referenced from startup_stm32f767xx.o(RESET)
 <LI><a href="#[7d]">DFSDM1_FLT3_IRQHandler</a> from startup_stm32f767xx.o(.text) referenced from startup_stm32f767xx.o(RESET)
 <LI><a href="#[24]">DMA1_Stream0_IRQHandler</a> from startup_stm32f767xx.o(.text) referenced from startup_stm32f767xx.o(RESET)
 <LI><a href="#[25]">DMA1_Stream1_IRQHandler</a> from startup_stm32f767xx.o(.text) referenced from startup_stm32f767xx.o(RESET)
 <LI><a href="#[26]">DMA1_Stream2_IRQHandler</a> from startup_stm32f767xx.o(.text) referenced from startup_stm32f767xx.o(RESET)
 <LI><a href="#[27]">DMA1_Stream3_IRQHandler</a> from startup_stm32f767xx.o(.text) referenced from startup_stm32f767xx.o(RESET)
 <LI><a href="#[28]">DMA1_Stream4_IRQHandler</a> from startup_stm32f767xx.o(.text) referenced from startup_stm32f767xx.o(RESET)
 <LI><a href="#[29]">DMA1_Stream5_IRQHandler</a> from startup_stm32f767xx.o(.text) referenced from startup_stm32f767xx.o(RESET)
 <LI><a href="#[2a]">DMA1_Stream6_IRQHandler</a> from startup_stm32f767xx.o(.text) referenced from startup_stm32f767xx.o(RESET)
 <LI><a href="#[48]">DMA1_Stream7_IRQHandler</a> from startup_stm32f767xx.o(.text) referenced from startup_stm32f767xx.o(RESET)
 <LI><a href="#[72]">DMA2D_IRQHandler</a> from startup_stm32f767xx.o(.text) referenced from startup_stm32f767xx.o(RESET)
 <LI><a href="#[51]">DMA2_Stream0_IRQHandler</a> from startup_stm32f767xx.o(.text) referenced from startup_stm32f767xx.o(RESET)
 <LI><a href="#[52]">DMA2_Stream1_IRQHandler</a> from startup_stm32f767xx.o(.text) referenced from startup_stm32f767xx.o(RESET)
 <LI><a href="#[53]">DMA2_Stream2_IRQHandler</a> from startup_stm32f767xx.o(.text) referenced from startup_stm32f767xx.o(RESET)
 <LI><a href="#[54]">DMA2_Stream3_IRQHandler</a> from startup_stm32f767xx.o(.text) referenced from startup_stm32f767xx.o(RESET)
 <LI><a href="#[55]">DMA2_Stream4_IRQHandler</a> from startup_stm32f767xx.o(.text) referenced from startup_stm32f767xx.o(RESET)
 <LI><a href="#[5d]">DMA2_Stream5_IRQHandler</a> from startup_stm32f767xx.o(.text) referenced from startup_stm32f767xx.o(RESET)
 <LI><a href="#[5e]">DMA2_Stream6_IRQHandler</a> from startup_stm32f767xx.o(.text) referenced from startup_stm32f767xx.o(RESET)
 <LI><a href="#[5f]">DMA2_Stream7_IRQHandler</a> from startup_stm32f767xx.o(.text) referenced from startup_stm32f767xx.o(RESET)
 <LI><a href="#[16]">DebugMon_Handler</a> from stm32f7xx_it.o(i.DebugMon_Handler) referenced from startup_stm32f767xx.o(RESET)
 <LI><a href="#[56]">ETH_IRQHandler</a> from startup_stm32f767xx.o(.text) referenced from startup_stm32f767xx.o(RESET)
 <LI><a href="#[57]">ETH_WKUP_IRQHandler</a> from startup_stm32f767xx.o(.text) referenced from startup_stm32f767xx.o(RESET)
 <LI><a href="#[1f]">EXTI0_IRQHandler</a> from startup_stm32f767xx.o(.text) referenced from startup_stm32f767xx.o(RESET)
 <LI><a href="#[41]">EXTI15_10_IRQHandler</a> from startup_stm32f767xx.o(.text) referenced from startup_stm32f767xx.o(RESET)
 <LI><a href="#[20]">EXTI1_IRQHandler</a> from startup_stm32f767xx.o(.text) referenced from startup_stm32f767xx.o(RESET)
 <LI><a href="#[21]">EXTI2_IRQHandler</a> from startup_stm32f767xx.o(.text) referenced from startup_stm32f767xx.o(RESET)
 <LI><a href="#[22]">EXTI3_IRQHandler</a> from startup_stm32f767xx.o(.text) referenced from startup_stm32f767xx.o(RESET)
 <LI><a href="#[23]">EXTI4_IRQHandler</a> from startup_stm32f767xx.o(.text) referenced from startup_stm32f767xx.o(RESET)
 <LI><a href="#[30]">EXTI9_5_IRQHandler</a> from startup_stm32f767xx.o(.text) referenced from startup_stm32f767xx.o(RESET)
 <LI><a href="#[1d]">FLASH_IRQHandler</a> from startup_stm32f767xx.o(.text) referenced from startup_stm32f767xx.o(RESET)
 <LI><a href="#[49]">FMC_IRQHandler</a> from startup_stm32f767xx.o(.text) referenced from startup_stm32f767xx.o(RESET)
 <LI><a href="#[69]">FPU_IRQHandler</a> from startup_stm32f767xx.o(.text) referenced from startup_stm32f767xx.o(RESET)
 <LI><a href="#[8d]">FT5206_Scan</a> from ft5206.o(i.FT5206_Scan) referenced from touch.o(i.TP_Init)
 <LI><a href="#[8b]">GT9147_Scan</a> from gt9147.o(i.GT9147_Scan) referenced from touch.o(i.TP_Init)
 <LI><a href="#[8e]">GT9271_Scan</a> from gt9271.o(i.GT9271_Scan) referenced from touch.o(i.TP_Init)
 <LI><a href="#[11]">HardFault_Handler</a> from stm32f7xx_it.o(i.HardFault_Handler) referenced from startup_stm32f767xx.o(RESET)
 <LI><a href="#[39]">I2C1_ER_IRQHandler</a> from startup_stm32f767xx.o(.text) referenced from startup_stm32f767xx.o(RESET)
 <LI><a href="#[38]">I2C1_EV_IRQHandler</a> from startup_stm32f767xx.o(.text) referenced from startup_stm32f767xx.o(RESET)
 <LI><a href="#[3b]">I2C2_ER_IRQHandler</a> from startup_stm32f767xx.o(.text) referenced from startup_stm32f767xx.o(RESET)
 <LI><a href="#[3a]">I2C2_EV_IRQHandler</a> from startup_stm32f767xx.o(.text) referenced from startup_stm32f767xx.o(RESET)
 <LI><a href="#[62]">I2C3_ER_IRQHandler</a> from startup_stm32f767xx.o(.text) referenced from startup_stm32f767xx.o(RESET)
 <LI><a href="#[61]">I2C3_EV_IRQHandler</a> from startup_stm32f767xx.o(.text) referenced from startup_stm32f767xx.o(RESET)
 <LI><a href="#[78]">I2C4_ER_IRQHandler</a> from startup_stm32f767xx.o(.text) referenced from startup_stm32f767xx.o(RESET)
 <LI><a href="#[77]">I2C4_EV_IRQHandler</a> from startup_stm32f767xx.o(.text) referenced from startup_stm32f767xx.o(RESET)
 <LI><a href="#[83]">JPEG_IRQHandler</a> from startup_stm32f767xx.o(.text) referenced from startup_stm32f767xx.o(RESET)
 <LI><a href="#[75]">LPTIM1_IRQHandler</a> from startup_stm32f767xx.o(.text) referenced from startup_stm32f767xx.o(RESET)
 <LI><a href="#[71]">LTDC_ER_IRQHandler</a> from startup_stm32f767xx.o(.text) referenced from startup_stm32f767xx.o(RESET)
 <LI><a href="#[70]">LTDC_IRQHandler</a> from startup_stm32f767xx.o(.text) referenced from startup_stm32f767xx.o(RESET)
 <LI><a href="#[84]">MDIOS_IRQHandler</a> from startup_stm32f767xx.o(.text) referenced from startup_stm32f767xx.o(RESET)
 <LI><a href="#[12]">MemManage_Handler</a> from mpu.o(i.MemManage_Handler) referenced from startup_stm32f767xx.o(RESET)
 <LI><a href="#[10]">NMI_Handler</a> from stm32f7xx_it.o(i.NMI_Handler) referenced from startup_stm32f767xx.o(RESET)
 <LI><a href="#[5c]">OTG_FS_IRQHandler</a> from startup_stm32f767xx.o(.text) referenced from startup_stm32f767xx.o(RESET)
 <LI><a href="#[43]">OTG_FS_WKUP_IRQHandler</a> from startup_stm32f767xx.o(.text) referenced from startup_stm32f767xx.o(RESET)
 <LI><a href="#[64]">OTG_HS_EP1_IN_IRQHandler</a> from startup_stm32f767xx.o(.text) referenced from startup_stm32f767xx.o(RESET)
 <LI><a href="#[63]">OTG_HS_EP1_OUT_IRQHandler</a> from startup_stm32f767xx.o(.text) referenced from startup_stm32f767xx.o(RESET)
 <LI><a href="#[66]">OTG_HS_IRQHandler</a> from startup_stm32f767xx.o(.text) referenced from startup_stm32f767xx.o(RESET)
 <LI><a href="#[65]">OTG_HS_WKUP_IRQHandler</a> from startup_stm32f767xx.o(.text) referenced from startup_stm32f767xx.o(RESET)
 <LI><a href="#[8c]">OTT2001A_Scan</a> from ott2001a.o(i.OTT2001A_Scan) referenced from touch.o(i.TP_Init)
 <LI><a href="#[1a]">PVD_IRQHandler</a> from startup_stm32f767xx.o(.text) referenced from startup_stm32f767xx.o(RESET)
 <LI><a href="#[17]">PendSV_Handler</a> from stm32f7xx_it.o(i.PendSV_Handler) referenced from startup_stm32f767xx.o(RESET)
 <LI><a href="#[74]">QUADSPI_IRQHandler</a> from startup_stm32f767xx.o(.text) referenced from startup_stm32f767xx.o(RESET)
 <LI><a href="#[1e]">RCC_IRQHandler</a> from startup_stm32f767xx.o(.text) referenced from startup_stm32f767xx.o(RESET)
 <LI><a href="#[68]">RNG_IRQHandler</a> from startup_stm32f767xx.o(.text) referenced from startup_stm32f767xx.o(RESET)
 <LI><a href="#[42]">RTC_Alarm_IRQHandler</a> from startup_stm32f767xx.o(.text) referenced from startup_stm32f767xx.o(RESET)
 <LI><a href="#[1c]">RTC_WKUP_IRQHandler</a> from startup_stm32f767xx.o(.text) referenced from startup_stm32f767xx.o(RESET)
 <LI><a href="#[f]">Reset_Handler</a> from startup_stm32f767xx.o(.text) referenced from startup_stm32f767xx.o(RESET)
 <LI><a href="#[6f]">SAI1_IRQHandler</a> from startup_stm32f767xx.o(.text) referenced from startup_stm32f767xx.o(RESET)
 <LI><a href="#[73]">SAI2_IRQHandler</a> from startup_stm32f767xx.o(.text) referenced from startup_stm32f767xx.o(RESET)
 <LI><a href="#[4a]">SDMMC1_IRQHandler</a> from startup_stm32f767xx.o(.text) referenced from startup_stm32f767xx.o(RESET)
 <LI><a href="#[7e]">SDMMC2_IRQHandler</a> from startup_stm32f767xx.o(.text) referenced from startup_stm32f767xx.o(RESET)
 <LI><a href="#[79]">SPDIF_RX_IRQHandler</a> from startup_stm32f767xx.o(.text) referenced from startup_stm32f767xx.o(RESET)
 <LI><a href="#[3c]">SPI1_IRQHandler</a> from startup_stm32f767xx.o(.text) referenced from startup_stm32f767xx.o(RESET)
 <LI><a href="#[3d]">SPI2_IRQHandler</a> from startup_stm32f767xx.o(.text) referenced from startup_stm32f767xx.o(RESET)
 <LI><a href="#[4c]">SPI3_IRQHandler</a> from startup_stm32f767xx.o(.text) referenced from startup_stm32f767xx.o(RESET)
 <LI><a href="#[6c]">SPI4_IRQHandler</a> from startup_stm32f767xx.o(.text) referenced from startup_stm32f767xx.o(RESET)
 <LI><a href="#[6d]">SPI5_IRQHandler</a> from startup_stm32f767xx.o(.text) referenced from startup_stm32f767xx.o(RESET)
 <LI><a href="#[6e]">SPI6_IRQHandler</a> from startup_stm32f767xx.o(.text) referenced from startup_stm32f767xx.o(RESET)
 <LI><a href="#[15]">SVC_Handler</a> from stm32f7xx_it.o(i.SVC_Handler) referenced from startup_stm32f767xx.o(RESET)
 <LI><a href="#[18]">SysTick_Handler</a> from stm32f7xx_it.o(i.SysTick_Handler) referenced from startup_stm32f767xx.o(RESET)
 <LI><a href="#[85]">SystemInit</a> from system_stm32f7xx.o(i.SystemInit) referenced from startup_stm32f767xx.o(.text)
 <LI><a href="#[1b]">TAMP_STAMP_IRQHandler</a> from startup_stm32f767xx.o(.text) referenced from startup_stm32f767xx.o(RESET)
 <LI><a href="#[31]">TIM1_BRK_TIM9_IRQHandler</a> from startup_stm32f767xx.o(.text) referenced from startup_stm32f767xx.o(RESET)
 <LI><a href="#[34]">TIM1_CC_IRQHandler</a> from startup_stm32f767xx.o(.text) referenced from startup_stm32f767xx.o(RESET)
 <LI><a href="#[33]">TIM1_TRG_COM_TIM11_IRQHandler</a> from startup_stm32f767xx.o(.text) referenced from startup_stm32f767xx.o(RESET)
 <LI><a href="#[32]">TIM1_UP_TIM10_IRQHandler</a> from startup_stm32f767xx.o(.text) referenced from startup_stm32f767xx.o(RESET)
 <LI><a href="#[35]">TIM2_IRQHandler</a> from startup_stm32f767xx.o(.text) referenced from startup_stm32f767xx.o(RESET)
 <LI><a href="#[36]">TIM3_IRQHandler</a> from timer.o(i.TIM3_IRQHandler) referenced from startup_stm32f767xx.o(RESET)
 <LI><a href="#[37]">TIM4_IRQHandler</a> from startup_stm32f767xx.o(.text) referenced from startup_stm32f767xx.o(RESET)
 <LI><a href="#[4b]">TIM5_IRQHandler</a> from startup_stm32f767xx.o(.text) referenced from startup_stm32f767xx.o(RESET)
 <LI><a href="#[4f]">TIM6_DAC_IRQHandler</a> from startup_stm32f767xx.o(.text) referenced from startup_stm32f767xx.o(RESET)
 <LI><a href="#[50]">TIM7_IRQHandler</a> from startup_stm32f767xx.o(.text) referenced from startup_stm32f767xx.o(RESET)
 <LI><a href="#[44]">TIM8_BRK_TIM12_IRQHandler</a> from startup_stm32f767xx.o(.text) referenced from startup_stm32f767xx.o(RESET)
 <LI><a href="#[47]">TIM8_CC_IRQHandler</a> from startup_stm32f767xx.o(.text) referenced from startup_stm32f767xx.o(RESET)
 <LI><a href="#[46]">TIM8_TRG_COM_TIM14_IRQHandler</a> from startup_stm32f767xx.o(.text) referenced from startup_stm32f767xx.o(RESET)
 <LI><a href="#[45]">TIM8_UP_TIM13_IRQHandler</a> from startup_stm32f767xx.o(.text) referenced from startup_stm32f767xx.o(RESET)
 <LI><a href="#[4]">TP_Adjust</a> from touch.o(i.TP_Adjust) referenced 2 times from touch.o(.data)
 <LI><a href="#[2]">TP_Init</a> from touch.o(i.TP_Init) referenced 2 times from touch.o(.data)
 <LI><a href="#[3]">TP_Scan</a> from touch.o(i.TP_Scan) referenced 2 times from touch.o(.data)
 <LI><a href="#[4d]">UART4_IRQHandler</a> from startup_stm32f767xx.o(.text) referenced from startup_stm32f767xx.o(RESET)
 <LI><a href="#[4e]">UART5_IRQHandler</a> from startup_stm32f767xx.o(.text) referenced from startup_stm32f767xx.o(RESET)
 <LI><a href="#[6a]">UART7_IRQHandler</a> from startup_stm32f767xx.o(.text) referenced from startup_stm32f767xx.o(RESET)
 <LI><a href="#[6b]">UART8_IRQHandler</a> from startup_stm32f767xx.o(.text) referenced from startup_stm32f767xx.o(RESET)
 <LI><a href="#[8a]">UART_DMAAbortOnError</a> from stm32f7xx_hal_uart.o(i.UART_DMAAbortOnError) referenced from stm32f7xx_hal_uart.o(i.HAL_UART_IRQHandler)
 <LI><a href="#[3e]">USART1_IRQHandler</a> from usart.o(i.USART1_IRQHandler) referenced from startup_stm32f767xx.o(RESET)
 <LI><a href="#[3f]">USART2_IRQHandler</a> from rs485.o(i.USART2_IRQHandler) referenced from startup_stm32f767xx.o(RESET)
 <LI><a href="#[40]">USART3_IRQHandler</a> from startup_stm32f767xx.o(.text) referenced from startup_stm32f767xx.o(RESET)
 <LI><a href="#[60]">USART6_IRQHandler</a> from startup_stm32f767xx.o(.text) referenced from startup_stm32f767xx.o(RESET)
 <LI><a href="#[14]">UsageFault_Handler</a> from stm32f7xx_it.o(i.UsageFault_Handler) referenced from startup_stm32f767xx.o(RESET)
 <LI><a href="#[19]">WWDG_IRQHandler</a> from startup_stm32f767xx.o(.text) referenced from startup_stm32f767xx.o(RESET)
 <LI><a href="#[ab]">__main</a> from __main.o(!!!main) referenced from startup_stm32f767xx.o(.text)
 <LI><a href="#[88]">_printf_input_char</a> from _printf_char_common.o(.text) referenced from _printf_char_common.o(.text)
 <LI><a href="#[87]">_sputc</a> from _sputc.o(.text) referenced from noretval__2sprintf.o(.text)
 <LI><a href="#[92]">anim_task</a> from lv_anim.o(i.anim_task) referenced from lv_anim.o(i.lv_anim_core_init)
 <LI><a href="#[a9]">disp_flush</a> from lv_port_disp.o(i.disp_flush) referenced from lv_port_disp.o(i.lv_port_disp_init)
 <LI><a href="#[95]">event_handler</a> from lv_btnm_test.o(i.event_handler) referenced from lv_btnm_test.o(i.lv_btnm_test_start)
 <LI><a href="#[89]">fputc</a> from usart.o(i.fputc) referenced from _printf_char_file.o(.text)
 <LI><a href="#[91]">kern_pair_16_compare</a> from lv_font_fmt_txt.o(i.kern_pair_16_compare) referenced from lv_font_fmt_txt.o(i.get_kern_value)
 <LI><a href="#[90]">kern_pair_8_compare</a> from lv_font_fmt_txt.o(i.kern_pair_8_compare) referenced from lv_font_fmt_txt.o(i.get_kern_value)
 <LI><a href="#[a2]">lv_anim_path_linear</a> from lv_anim.o(i.lv_anim_path_linear) referenced from lv_label.o(i.lv_label_refr_text)
 <LI><a href="#[94]">lv_btnm_design</a> from lv_btnm.o(i.lv_btnm_design) referenced from lv_btnm.o(i.lv_btnm_create)
 <LI><a href="#[93]">lv_btnm_signal</a> from lv_btnm.o(i.lv_btnm_signal) referenced from lv_btnm.o(i.lv_btnm_create)
 <LI><a href="#[96]">lv_disp_refr_task</a> from lv_refr.o(i.lv_disp_refr_task) referenced from lv_hal_disp.o(i.lv_disp_drv_register)
 <LI><a href="#[6]">lv_font_get_bitmap_fmt_txt</a> from lv_font_fmt_txt.o(i.lv_font_get_bitmap_fmt_txt) referenced 2 times from lv_font_roboto_16.o(.data)
 <LI><a href="#[5]">lv_font_get_glyph_dsc_fmt_txt</a> from lv_font_fmt_txt.o(i.lv_font_get_glyph_dsc_fmt_txt) referenced 2 times from lv_font_roboto_16.o(.data)
 <LI><a href="#[9e]">lv_img_decoder_built_in_close</a> from lv_img_decoder.o(i.lv_img_decoder_built_in_close) referenced from lv_img_decoder.o(i.lv_img_decoder_init)
 <LI><a href="#[9b]">lv_img_decoder_built_in_info</a> from lv_img_decoder.o(i.lv_img_decoder_built_in_info) referenced from lv_img_decoder.o(i.lv_img_decoder_init)
 <LI><a href="#[9c]">lv_img_decoder_built_in_open</a> from lv_img_decoder.o(i.lv_img_decoder_built_in_open) referenced from lv_img_decoder.o(i.lv_img_decoder_init)
 <LI><a href="#[9d]">lv_img_decoder_built_in_read_line</a> from lv_img_decoder.o(i.lv_img_decoder_built_in_read_line) referenced from lv_img_decoder.o(i.lv_img_decoder_init)
 <LI><a href="#[9f]">lv_indev_read_task</a> from lv_indev.o(i.lv_indev_read_task) referenced from lv_hal_indev.o(i.lv_indev_drv_register)
 <LI><a href="#[a0]">lv_label_design</a> from lv_label.o(i.lv_label_design) referenced from lv_label.o(i.lv_label_create)
 <LI><a href="#[a3]">lv_label_set_offset_x</a> from lv_label.o(i.lv_label_set_offset_x) referenced from lv_label.o(i.lv_label_refr_text)
 <LI><a href="#[a3]">lv_label_set_offset_x</a> from lv_label.o(i.lv_label_set_offset_x) referenced from lv_label.o(i.lv_label_set_long_mode)
 <LI><a href="#[a4]">lv_label_set_offset_y</a> from lv_label.o(i.lv_label_set_offset_y) referenced from lv_label.o(i.lv_label_refr_text)
 <LI><a href="#[a4]">lv_label_set_offset_y</a> from lv_label.o(i.lv_label_set_offset_y) referenced from lv_label.o(i.lv_label_set_long_mode)
 <LI><a href="#[a1]">lv_label_signal</a> from lv_label.o(i.lv_label_signal) referenced from lv_label.o(i.lv_label_create)
 <LI><a href="#[98]">lv_ll_get_head</a> from lv_ll.o(i.lv_ll_get_head) referenced from lv_group.o(i.lv_group_focus_next)
 <LI><a href="#[97]">lv_ll_get_next</a> from lv_ll.o(i.lv_ll_get_next) referenced from lv_group.o(i.lv_group_focus_next)
 <LI><a href="#[99]">lv_ll_get_prev</a> from lv_ll.o(i.lv_ll_get_prev) referenced from lv_group.o(i.lv_group_focus_prev)
 <LI><a href="#[9a]">lv_ll_get_tail</a> from lv_ll.o(i.lv_ll_get_tail) referenced from lv_group.o(i.lv_group_focus_prev)
 <LI><a href="#[a8]">lv_obj_design</a> from lv_obj.o(i.lv_obj_design) referenced from lv_obj.o(i.lv_obj_create)
 <LI><a href="#[a5]">lv_obj_set_x</a> from lv_obj.o(i.lv_obj_set_x) referenced from lv_label.o(i.lv_label_set_long_mode)
 <LI><a href="#[a6]">lv_obj_set_y</a> from lv_obj.o(i.lv_obj_set_y) referenced from lv_label.o(i.lv_label_set_long_mode)
 <LI><a href="#[a7]">lv_obj_signal</a> from lv_obj.o(i.lv_obj_signal) referenced from lv_obj.o(i.lv_obj_create)
 <LI><a href="#[8]">lv_txt_unicode_to_utf8</a> from lv_txt.o(i.lv_txt_unicode_to_utf8) referenced 2 times from lv_txt.o(.data)
 <LI><a href="#[9]">lv_txt_utf8_conv_wc</a> from lv_txt.o(i.lv_txt_utf8_conv_wc) referenced 2 times from lv_txt.o(.data)
 <LI><a href="#[c]">lv_txt_utf8_get_byte_id</a> from lv_txt.o(i.lv_txt_utf8_get_byte_id) referenced 2 times from lv_txt.o(.data)
 <LI><a href="#[d]">lv_txt_utf8_get_char_id</a> from lv_txt.o(i.lv_txt_utf8_get_char_id) referenced 2 times from lv_txt.o(.data)
 <LI><a href="#[e]">lv_txt_utf8_get_length</a> from lv_txt.o(i.lv_txt_utf8_get_length) referenced 2 times from lv_txt.o(.data)
 <LI><a href="#[a]">lv_txt_utf8_next</a> from lv_txt.o(i.lv_txt_utf8_next) referenced 2 times from lv_txt.o(.data)
 <LI><a href="#[b]">lv_txt_utf8_prev</a> from lv_txt.o(i.lv_txt_utf8_prev) referenced 2 times from lv_txt.o(.data)
 <LI><a href="#[7]">lv_txt_utf8_size</a> from lv_txt.o(i.lv_txt_utf8_size) referenced 2 times from lv_txt.o(.data)
 <LI><a href="#[aa]">touchpad_read</a> from lv_port_indev.o(i.touchpad_read) referenced from lv_port_indev.o(i.lv_port_indev_init)
 <LI><a href="#[8f]">unicode_list_compare</a> from lv_font_fmt_txt.o(i.unicode_list_compare) referenced from lv_font_fmt_txt.o(i.get_glyph_dsc_id)
</UL>
<P>
<H3>
Global Symbols
</H3>
<P><STRONG><a name="[ab]"></a>__main</STRONG> (Thumb, 8 bytes, Stack size 0 bytes, __main.o(!!!main))
<BR><BR>[Calls]<UL><LI><a href="#[ad]">&gt;&gt;</a>&nbsp;&nbsp;&nbsp;__rt_entry
<LI><a href="#[ac]">&gt;&gt;</a>&nbsp;&nbsp;&nbsp;__scatterload
</UL>

<P><STRONG><a name="[ac]"></a>__scatterload</STRONG> (Thumb, 0 bytes, Stack size unknown bytes, __scatter.o(!!!scatter))
<BR><BR>[Called By]<UL><LI><a href="#[ab]">&gt;&gt;</a>&nbsp;&nbsp;&nbsp;__main
</UL>

<P><STRONG><a name="[ae]"></a>__scatterload_rt2</STRONG> (Thumb, 44 bytes, Stack size unknown bytes, __scatter.o(!!!scatter), UNUSED)
<BR><BR>[Calls]<UL><LI><a href="#[ad]">&gt;&gt;</a>&nbsp;&nbsp;&nbsp;__rt_entry
</UL>

<P><STRONG><a name="[299]"></a>__scatterload_rt2_thumb_only</STRONG> (Thumb, 0 bytes, Stack size unknown bytes, __scatter.o(!!!scatter), UNUSED)

<P><STRONG><a name="[29a]"></a>__scatterload_null</STRONG> (Thumb, 0 bytes, Stack size unknown bytes, __scatter.o(!!!scatter), UNUSED)

<P><STRONG><a name="[29b]"></a>__decompress</STRONG> (Thumb, 90 bytes, Stack size unknown bytes, __dczerorl2.o(!!dczerorl2), UNUSED)

<P><STRONG><a name="[29c]"></a>__decompress1</STRONG> (Thumb, 0 bytes, Stack size unknown bytes, __dczerorl2.o(!!dczerorl2), UNUSED)

<P><STRONG><a name="[29d]"></a>__scatterload_zeroinit</STRONG> (Thumb, 28 bytes, Stack size unknown bytes, __scatter_zi.o(!!handler_zi), UNUSED)

<P><STRONG><a name="[af]"></a>_printf_d</STRONG> (Thumb, 0 bytes, Stack size unknown bytes, _printf_d.o(.ARM.Collect$$_printf_percent$$00000009))
<BR><BR>[Stack]<UL><LI>Max Depth = 56 + Unknown Stack Size
<LI>Call Chain = _printf_d &rArr; _printf_int_dec &rArr; _printf_int_common
</UL>
<BR>[Calls]<UL><LI><a href="#[b0]">&gt;&gt;</a>&nbsp;&nbsp;&nbsp;_printf_int_dec
</UL>

<P><STRONG><a name="[c7]"></a>_printf_percent</STRONG> (Thumb, 0 bytes, Stack size unknown bytes, _printf_percent.o(.ARM.Collect$$_printf_percent$$00000000))
<BR><BR>[Called By]<UL><LI><a href="#[c6]">&gt;&gt;</a>&nbsp;&nbsp;&nbsp;__printf
</UL>

<P><STRONG><a name="[b1]"></a>_printf_x</STRONG> (Thumb, 0 bytes, Stack size unknown bytes, _printf_x.o(.ARM.Collect$$_printf_percent$$0000000C))
<BR><BR>[Stack]<UL><LI>Max Depth = 48 + Unknown Stack Size
<LI>Call Chain = _printf_x &rArr; _printf_int_hex &rArr; _printf_int_common
</UL>
<BR>[Calls]<UL><LI><a href="#[b2]">&gt;&gt;</a>&nbsp;&nbsp;&nbsp;_printf_int_hex
</UL>

<P><STRONG><a name="[b3]"></a>_printf_s</STRONG> (Thumb, 0 bytes, Stack size unknown bytes, _printf_s.o(.ARM.Collect$$_printf_percent$$00000014))
<BR><BR>[Stack]<UL><LI>Max Depth = 24 + Unknown Stack Size
<LI>Call Chain = _printf_s &rArr; _printf_string &rArr; _printf_cs_common &rArr; _printf_str
</UL>
<BR>[Calls]<UL><LI><a href="#[b4]">&gt;&gt;</a>&nbsp;&nbsp;&nbsp;_printf_string
</UL>

<P><STRONG><a name="[29e]"></a>_printf_percent_end</STRONG> (Thumb, 0 bytes, Stack size unknown bytes, _printf_percent_end.o(.ARM.Collect$$_printf_percent$$00000017))

<P><STRONG><a name="[ba]"></a>__rt_lib_init</STRONG> (Thumb, 0 bytes, Stack size unknown bytes, libinit.o(.ARM.Collect$$libinit$$00000000))
<BR><BR>[Called By]<UL><LI><a href="#[b9]">&gt;&gt;</a>&nbsp;&nbsp;&nbsp;__rt_entry_li
</UL>

<P><STRONG><a name="[b5]"></a>__rt_lib_init_fp_1</STRONG> (Thumb, 0 bytes, Stack size unknown bytes, libinit2.o(.ARM.Collect$$libinit$$00000001))
<BR><BR>[Calls]<UL><LI><a href="#[b6]">&gt;&gt;</a>&nbsp;&nbsp;&nbsp;_fp_init
</UL>

<P><STRONG><a name="[29f]"></a>__rt_lib_init_alloca_1</STRONG> (Thumb, 0 bytes, Stack size unknown bytes, libinit2.o(.ARM.Collect$$libinit$$0000002E))

<P><STRONG><a name="[2a0]"></a>__rt_lib_init_argv_1</STRONG> (Thumb, 0 bytes, Stack size unknown bytes, libinit2.o(.ARM.Collect$$libinit$$0000002C))

<P><STRONG><a name="[2a1]"></a>__rt_lib_init_atexit_1</STRONG> (Thumb, 0 bytes, Stack size unknown bytes, libinit2.o(.ARM.Collect$$libinit$$0000001B))

<P><STRONG><a name="[2a2]"></a>__rt_lib_init_clock_1</STRONG> (Thumb, 0 bytes, Stack size unknown bytes, libinit2.o(.ARM.Collect$$libinit$$00000021))

<P><STRONG><a name="[2a3]"></a>__rt_lib_init_cpp_1</STRONG> (Thumb, 0 bytes, Stack size unknown bytes, libinit2.o(.ARM.Collect$$libinit$$00000032))

<P><STRONG><a name="[2a4]"></a>__rt_lib_init_exceptions_1</STRONG> (Thumb, 0 bytes, Stack size unknown bytes, libinit2.o(.ARM.Collect$$libinit$$00000030))

<P><STRONG><a name="[2a5]"></a>__rt_lib_init_fp_trap_1</STRONG> (Thumb, 0 bytes, Stack size unknown bytes, libinit2.o(.ARM.Collect$$libinit$$0000001F))

<P><STRONG><a name="[2a6]"></a>__rt_lib_init_getenv_1</STRONG> (Thumb, 0 bytes, Stack size unknown bytes, libinit2.o(.ARM.Collect$$libinit$$00000023))

<P><STRONG><a name="[2a7]"></a>__rt_lib_init_heap_1</STRONG> (Thumb, 0 bytes, Stack size unknown bytes, libinit2.o(.ARM.Collect$$libinit$$0000000A))

<P><STRONG><a name="[2a8]"></a>__rt_lib_init_lc_collate_1</STRONG> (Thumb, 0 bytes, Stack size unknown bytes, libinit2.o(.ARM.Collect$$libinit$$00000011))

<P><STRONG><a name="[2a9]"></a>__rt_lib_init_lc_ctype_1</STRONG> (Thumb, 0 bytes, Stack size unknown bytes, libinit2.o(.ARM.Collect$$libinit$$00000013))

<P><STRONG><a name="[2aa]"></a>__rt_lib_init_lc_monetary_1</STRONG> (Thumb, 0 bytes, Stack size unknown bytes, libinit2.o(.ARM.Collect$$libinit$$00000015))

<P><STRONG><a name="[2ab]"></a>__rt_lib_init_lc_numeric_1</STRONG> (Thumb, 0 bytes, Stack size unknown bytes, libinit2.o(.ARM.Collect$$libinit$$00000017))

<P><STRONG><a name="[2ac]"></a>__rt_lib_init_lc_time_1</STRONG> (Thumb, 0 bytes, Stack size unknown bytes, libinit2.o(.ARM.Collect$$libinit$$00000019))

<P><STRONG><a name="[2ad]"></a>__rt_lib_init_preinit_1</STRONG> (Thumb, 0 bytes, Stack size unknown bytes, libinit2.o(.ARM.Collect$$libinit$$00000004))

<P><STRONG><a name="[2ae]"></a>__rt_lib_init_rand_1</STRONG> (Thumb, 0 bytes, Stack size unknown bytes, libinit2.o(.ARM.Collect$$libinit$$0000000E))

<P><STRONG><a name="[2af]"></a>__rt_lib_init_return</STRONG> (Thumb, 0 bytes, Stack size unknown bytes, libinit2.o(.ARM.Collect$$libinit$$00000033))

<P><STRONG><a name="[2b0]"></a>__rt_lib_init_signal_1</STRONG> (Thumb, 0 bytes, Stack size unknown bytes, libinit2.o(.ARM.Collect$$libinit$$0000001D))

<P><STRONG><a name="[2b1]"></a>__rt_lib_init_stdio_1</STRONG> (Thumb, 0 bytes, Stack size unknown bytes, libinit2.o(.ARM.Collect$$libinit$$00000025))

<P><STRONG><a name="[2b2]"></a>__rt_lib_init_user_alloc_1</STRONG> (Thumb, 0 bytes, Stack size unknown bytes, libinit2.o(.ARM.Collect$$libinit$$0000000C))

<P><STRONG><a name="[bf]"></a>__rt_lib_shutdown</STRONG> (Thumb, 0 bytes, Stack size unknown bytes, libshutdown.o(.ARM.Collect$$libshutdown$$00000000))
<BR><BR>[Called By]<UL><LI><a href="#[be]">&gt;&gt;</a>&nbsp;&nbsp;&nbsp;__rt_exit_ls
</UL>

<P><STRONG><a name="[2b3]"></a>__rt_lib_shutdown_cpp_1</STRONG> (Thumb, 0 bytes, Stack size unknown bytes, libshutdown2.o(.ARM.Collect$$libshutdown$$00000002))

<P><STRONG><a name="[2b4]"></a>__rt_lib_shutdown_fp_trap_1</STRONG> (Thumb, 0 bytes, Stack size unknown bytes, libshutdown2.o(.ARM.Collect$$libshutdown$$00000007))

<P><STRONG><a name="[2b5]"></a>__rt_lib_shutdown_heap_1</STRONG> (Thumb, 0 bytes, Stack size unknown bytes, libshutdown2.o(.ARM.Collect$$libshutdown$$0000000F))

<P><STRONG><a name="[2b6]"></a>__rt_lib_shutdown_return</STRONG> (Thumb, 0 bytes, Stack size unknown bytes, libshutdown2.o(.ARM.Collect$$libshutdown$$00000010))

<P><STRONG><a name="[2b7]"></a>__rt_lib_shutdown_signal_1</STRONG> (Thumb, 0 bytes, Stack size unknown bytes, libshutdown2.o(.ARM.Collect$$libshutdown$$0000000A))

<P><STRONG><a name="[2b8]"></a>__rt_lib_shutdown_stdio_1</STRONG> (Thumb, 0 bytes, Stack size unknown bytes, libshutdown2.o(.ARM.Collect$$libshutdown$$00000004))

<P><STRONG><a name="[2b9]"></a>__rt_lib_shutdown_user_alloc_1</STRONG> (Thumb, 0 bytes, Stack size unknown bytes, libshutdown2.o(.ARM.Collect$$libshutdown$$0000000C))

<P><STRONG><a name="[ad]"></a>__rt_entry</STRONG> (Thumb, 0 bytes, Stack size unknown bytes, __rtentry.o(.ARM.Collect$$rtentry$$00000000))
<BR><BR>[Called By]<UL><LI><a href="#[ab]">&gt;&gt;</a>&nbsp;&nbsp;&nbsp;__main
<LI><a href="#[ae]">&gt;&gt;</a>&nbsp;&nbsp;&nbsp;__scatterload_rt2
</UL>

<P><STRONG><a name="[2ba]"></a>__rt_entry_presh_1</STRONG> (Thumb, 0 bytes, Stack size unknown bytes, __rtentry2.o(.ARM.Collect$$rtentry$$00000002))

<P><STRONG><a name="[b7]"></a>__rt_entry_sh</STRONG> (Thumb, 0 bytes, Stack size unknown bytes, __rtentry4.o(.ARM.Collect$$rtentry$$00000004))
<BR><BR>[Stack]<UL><LI>Max Depth = 8 + Unknown Stack Size
<LI>Call Chain = __rt_entry_sh &rArr; __user_setup_stackheap
</UL>
<BR>[Calls]<UL><LI><a href="#[b8]">&gt;&gt;</a>&nbsp;&nbsp;&nbsp;__user_setup_stackheap
</UL>

<P><STRONG><a name="[b9]"></a>__rt_entry_li</STRONG> (Thumb, 0 bytes, Stack size unknown bytes, __rtentry2.o(.ARM.Collect$$rtentry$$0000000A))
<BR><BR>[Calls]<UL><LI><a href="#[ba]">&gt;&gt;</a>&nbsp;&nbsp;&nbsp;__rt_lib_init
</UL>

<P><STRONG><a name="[2bb]"></a>__rt_entry_postsh_1</STRONG> (Thumb, 0 bytes, Stack size unknown bytes, __rtentry2.o(.ARM.Collect$$rtentry$$00000009))

<P><STRONG><a name="[bb]"></a>__rt_entry_main</STRONG> (Thumb, 0 bytes, Stack size unknown bytes, __rtentry2.o(.ARM.Collect$$rtentry$$0000000D))
<BR><BR>[Stack]<UL><LI>Max Depth = 412 + Unknown Stack Size
<LI>Call Chain = __rt_entry_main &rArr; main &rArr; lv_btnm_test_start &rArr; lv_label_create &rArr; lv_label_set_text &rArr; lv_label_refr_text &rArr; lv_obj_set_height &rArr; lv_obj_set_size &rArr; lv_obj_realign &rArr; lv_obj_align &rArr; lv_obj_set_pos &rArr; lv_obj_invalidate &rArr; lv_inv_area &rArr; lv_area_intersect
</UL>
<BR>[Calls]<UL><LI><a href="#[bc]">&gt;&gt;</a>&nbsp;&nbsp;&nbsp;main
<LI><a href="#[bd]">&gt;&gt;</a>&nbsp;&nbsp;&nbsp;exit
</UL>

<P><STRONG><a name="[2bc]"></a>__rt_entry_postli_1</STRONG> (Thumb, 0 bytes, Stack size unknown bytes, __rtentry2.o(.ARM.Collect$$rtentry$$0000000C))

<P><STRONG><a name="[d8]"></a>__rt_exit</STRONG> (Thumb, 0 bytes, Stack size unknown bytes, rtexit.o(.ARM.Collect$$rtexit$$00000000))
<BR><BR>[Called By]<UL><LI><a href="#[bd]">&gt;&gt;</a>&nbsp;&nbsp;&nbsp;exit
</UL>

<P><STRONG><a name="[be]"></a>__rt_exit_ls</STRONG> (Thumb, 0 bytes, Stack size unknown bytes, rtexit2.o(.ARM.Collect$$rtexit$$00000003))
<BR><BR>[Calls]<UL><LI><a href="#[bf]">&gt;&gt;</a>&nbsp;&nbsp;&nbsp;__rt_lib_shutdown
</UL>

<P><STRONG><a name="[2bd]"></a>__rt_exit_prels_1</STRONG> (Thumb, 0 bytes, Stack size unknown bytes, rtexit2.o(.ARM.Collect$$rtexit$$00000002))

<P><STRONG><a name="[c0]"></a>__rt_exit_exit</STRONG> (Thumb, 0 bytes, Stack size unknown bytes, rtexit2.o(.ARM.Collect$$rtexit$$00000004))
<BR><BR>[Calls]<UL><LI><a href="#[c1]">&gt;&gt;</a>&nbsp;&nbsp;&nbsp;_sys_exit
</UL>

<P><STRONG><a name="[f]"></a>Reset_Handler</STRONG> (Thumb, 8 bytes, Stack size 0 bytes, startup_stm32f767xx.o(.text))
<BR>[Address Reference Count : 1]<UL><LI> startup_stm32f767xx.o(RESET)
</UL>
<P><STRONG><a name="[2b]"></a>ADC_IRQHandler</STRONG> (Thumb, 0 bytes, Stack size 0 bytes, startup_stm32f767xx.o(.text))
<BR><BR>[Calls]<UL><LI><a href="#[2b]">&gt;&gt;</a>&nbsp;&nbsp;&nbsp;ADC_IRQHandler
</UL>
<BR>[Called By]<UL><LI><a href="#[2b]">&gt;&gt;</a>&nbsp;&nbsp;&nbsp;ADC_IRQHandler
</UL>
<BR>[Address Reference Count : 1]<UL><LI> startup_stm32f767xx.o(RESET)
</UL>
<P><STRONG><a name="[2d]"></a>CAN1_RX0_IRQHandler</STRONG> (Thumb, 0 bytes, Stack size 0 bytes, startup_stm32f767xx.o(.text))
<BR>[Address Reference Count : 1]<UL><LI> startup_stm32f767xx.o(RESET)
</UL>
<P><STRONG><a name="[2e]"></a>CAN1_RX1_IRQHandler</STRONG> (Thumb, 0 bytes, Stack size 0 bytes, startup_stm32f767xx.o(.text))
<BR>[Address Reference Count : 1]<UL><LI> startup_stm32f767xx.o(RESET)
</UL>
<P><STRONG><a name="[2f]"></a>CAN1_SCE_IRQHandler</STRONG> (Thumb, 0 bytes, Stack size 0 bytes, startup_stm32f767xx.o(.text))
<BR>[Address Reference Count : 1]<UL><LI> startup_stm32f767xx.o(RESET)
</UL>
<P><STRONG><a name="[2c]"></a>CAN1_TX_IRQHandler</STRONG> (Thumb, 0 bytes, Stack size 0 bytes, startup_stm32f767xx.o(.text))
<BR>[Address Reference Count : 1]<UL><LI> startup_stm32f767xx.o(RESET)
</UL>
<P><STRONG><a name="[59]"></a>CAN2_RX0_IRQHandler</STRONG> (Thumb, 0 bytes, Stack size 0 bytes, startup_stm32f767xx.o(.text))
<BR>[Address Reference Count : 1]<UL><LI> startup_stm32f767xx.o(RESET)
</UL>
<P><STRONG><a name="[5a]"></a>CAN2_RX1_IRQHandler</STRONG> (Thumb, 0 bytes, Stack size 0 bytes, startup_stm32f767xx.o(.text))
<BR>[Address Reference Count : 1]<UL><LI> startup_stm32f767xx.o(RESET)
</UL>
<P><STRONG><a name="[5b]"></a>CAN2_SCE_IRQHandler</STRONG> (Thumb, 0 bytes, Stack size 0 bytes, startup_stm32f767xx.o(.text))
<BR>[Address Reference Count : 1]<UL><LI> startup_stm32f767xx.o(RESET)
</UL>
<P><STRONG><a name="[58]"></a>CAN2_TX_IRQHandler</STRONG> (Thumb, 0 bytes, Stack size 0 bytes, startup_stm32f767xx.o(.text))
<BR>[Address Reference Count : 1]<UL><LI> startup_stm32f767xx.o(RESET)
</UL>
<P><STRONG><a name="[80]"></a>CAN3_RX0_IRQHandler</STRONG> (Thumb, 0 bytes, Stack size 0 bytes, startup_stm32f767xx.o(.text))
<BR>[Address Reference Count : 1]<UL><LI> startup_stm32f767xx.o(RESET)
</UL>
<P><STRONG><a name="[81]"></a>CAN3_RX1_IRQHandler</STRONG> (Thumb, 0 bytes, Stack size 0 bytes, startup_stm32f767xx.o(.text))
<BR>[Address Reference Count : 1]<UL><LI> startup_stm32f767xx.o(RESET)
</UL>
<P><STRONG><a name="[82]"></a>CAN3_SCE_IRQHandler</STRONG> (Thumb, 0 bytes, Stack size 0 bytes, startup_stm32f767xx.o(.text))
<BR>[Address Reference Count : 1]<UL><LI> startup_stm32f767xx.o(RESET)
</UL>
<P><STRONG><a name="[7f]"></a>CAN3_TX_IRQHandler</STRONG> (Thumb, 0 bytes, Stack size 0 bytes, startup_stm32f767xx.o(.text))
<BR>[Address Reference Count : 1]<UL><LI> startup_stm32f767xx.o(RESET)
</UL>
<P><STRONG><a name="[76]"></a>CEC_IRQHandler</STRONG> (Thumb, 0 bytes, Stack size 0 bytes, startup_stm32f767xx.o(.text))
<BR>[Address Reference Count : 1]<UL><LI> startup_stm32f767xx.o(RESET)
</UL>
<P><STRONG><a name="[67]"></a>DCMI_IRQHandler</STRONG> (Thumb, 0 bytes, Stack size 0 bytes, startup_stm32f767xx.o(.text))
<BR>[Address Reference Count : 1]<UL><LI> startup_stm32f767xx.o(RESET)
</UL>
<P><STRONG><a name="[7a]"></a>DFSDM1_FLT0_IRQHandler</STRONG> (Thumb, 0 bytes, Stack size 0 bytes, startup_stm32f767xx.o(.text))
<BR>[Address Reference Count : 1]<UL><LI> startup_stm32f767xx.o(RESET)
</UL>
<P><STRONG><a name="[7b]"></a>DFSDM1_FLT1_IRQHandler</STRONG> (Thumb, 0 bytes, Stack size 0 bytes, startup_stm32f767xx.o(.text))
<BR>[Address Reference Count : 1]<UL><LI> startup_stm32f767xx.o(RESET)
</UL>
<P><STRONG><a name="[7c]"></a>DFSDM1_FLT2_IRQHandler</STRONG> (Thumb, 0 bytes, Stack size 0 bytes, startup_stm32f767xx.o(.text))
<BR>[Address Reference Count : 1]<UL><LI> startup_stm32f767xx.o(RESET)
</UL>
<P><STRONG><a name="[7d]"></a>DFSDM1_FLT3_IRQHandler</STRONG> (Thumb, 0 bytes, Stack size 0 bytes, startup_stm32f767xx.o(.text))
<BR>[Address Reference Count : 1]<UL><LI> startup_stm32f767xx.o(RESET)
</UL>
<P><STRONG><a name="[24]"></a>DMA1_Stream0_IRQHandler</STRONG> (Thumb, 0 bytes, Stack size 0 bytes, startup_stm32f767xx.o(.text))
<BR>[Address Reference Count : 1]<UL><LI> startup_stm32f767xx.o(RESET)
</UL>
<P><STRONG><a name="[25]"></a>DMA1_Stream1_IRQHandler</STRONG> (Thumb, 0 bytes, Stack size 0 bytes, startup_stm32f767xx.o(.text))
<BR>[Address Reference Count : 1]<UL><LI> startup_stm32f767xx.o(RESET)
</UL>
<P><STRONG><a name="[26]"></a>DMA1_Stream2_IRQHandler</STRONG> (Thumb, 0 bytes, Stack size 0 bytes, startup_stm32f767xx.o(.text))
<BR>[Address Reference Count : 1]<UL><LI> startup_stm32f767xx.o(RESET)
</UL>
<P><STRONG><a name="[27]"></a>DMA1_Stream3_IRQHandler</STRONG> (Thumb, 0 bytes, Stack size 0 bytes, startup_stm32f767xx.o(.text))
<BR>[Address Reference Count : 1]<UL><LI> startup_stm32f767xx.o(RESET)
</UL>
<P><STRONG><a name="[28]"></a>DMA1_Stream4_IRQHandler</STRONG> (Thumb, 0 bytes, Stack size 0 bytes, startup_stm32f767xx.o(.text))
<BR>[Address Reference Count : 1]<UL><LI> startup_stm32f767xx.o(RESET)
</UL>
<P><STRONG><a name="[29]"></a>DMA1_Stream5_IRQHandler</STRONG> (Thumb, 0 bytes, Stack size 0 bytes, startup_stm32f767xx.o(.text))
<BR>[Address Reference Count : 1]<UL><LI> startup_stm32f767xx.o(RESET)
</UL>
<P><STRONG><a name="[2a]"></a>DMA1_Stream6_IRQHandler</STRONG> (Thumb, 0 bytes, Stack size 0 bytes, startup_stm32f767xx.o(.text))
<BR>[Address Reference Count : 1]<UL><LI> startup_stm32f767xx.o(RESET)
</UL>
<P><STRONG><a name="[48]"></a>DMA1_Stream7_IRQHandler</STRONG> (Thumb, 0 bytes, Stack size 0 bytes, startup_stm32f767xx.o(.text))
<BR>[Address Reference Count : 1]<UL><LI> startup_stm32f767xx.o(RESET)
</UL>
<P><STRONG><a name="[72]"></a>DMA2D_IRQHandler</STRONG> (Thumb, 0 bytes, Stack size 0 bytes, startup_stm32f767xx.o(.text))
<BR>[Address Reference Count : 1]<UL><LI> startup_stm32f767xx.o(RESET)
</UL>
<P><STRONG><a name="[51]"></a>DMA2_Stream0_IRQHandler</STRONG> (Thumb, 0 bytes, Stack size 0 bytes, startup_stm32f767xx.o(.text))
<BR>[Address Reference Count : 1]<UL><LI> startup_stm32f767xx.o(RESET)
</UL>
<P><STRONG><a name="[52]"></a>DMA2_Stream1_IRQHandler</STRONG> (Thumb, 0 bytes, Stack size 0 bytes, startup_stm32f767xx.o(.text))
<BR>[Address Reference Count : 1]<UL><LI> startup_stm32f767xx.o(RESET)
</UL>
<P><STRONG><a name="[53]"></a>DMA2_Stream2_IRQHandler</STRONG> (Thumb, 0 bytes, Stack size 0 bytes, startup_stm32f767xx.o(.text))
<BR>[Address Reference Count : 1]<UL><LI> startup_stm32f767xx.o(RESET)
</UL>
<P><STRONG><a name="[54]"></a>DMA2_Stream3_IRQHandler</STRONG> (Thumb, 0 bytes, Stack size 0 bytes, startup_stm32f767xx.o(.text))
<BR>[Address Reference Count : 1]<UL><LI> startup_stm32f767xx.o(RESET)
</UL>
<P><STRONG><a name="[55]"></a>DMA2_Stream4_IRQHandler</STRONG> (Thumb, 0 bytes, Stack size 0 bytes, startup_stm32f767xx.o(.text))
<BR>[Address Reference Count : 1]<UL><LI> startup_stm32f767xx.o(RESET)
</UL>
<P><STRONG><a name="[5d]"></a>DMA2_Stream5_IRQHandler</STRONG> (Thumb, 0 bytes, Stack size 0 bytes, startup_stm32f767xx.o(.text))
<BR>[Address Reference Count : 1]<UL><LI> startup_stm32f767xx.o(RESET)
</UL>
<P><STRONG><a name="[5e]"></a>DMA2_Stream6_IRQHandler</STRONG> (Thumb, 0 bytes, Stack size 0 bytes, startup_stm32f767xx.o(.text))
<BR>[Address Reference Count : 1]<UL><LI> startup_stm32f767xx.o(RESET)
</UL>
<P><STRONG><a name="[5f]"></a>DMA2_Stream7_IRQHandler</STRONG> (Thumb, 0 bytes, Stack size 0 bytes, startup_stm32f767xx.o(.text))
<BR>[Address Reference Count : 1]<UL><LI> startup_stm32f767xx.o(RESET)
</UL>
<P><STRONG><a name="[56]"></a>ETH_IRQHandler</STRONG> (Thumb, 0 bytes, Stack size 0 bytes, startup_stm32f767xx.o(.text))
<BR>[Address Reference Count : 1]<UL><LI> startup_stm32f767xx.o(RESET)
</UL>
<P><STRONG><a name="[57]"></a>ETH_WKUP_IRQHandler</STRONG> (Thumb, 0 bytes, Stack size 0 bytes, startup_stm32f767xx.o(.text))
<BR>[Address Reference Count : 1]<UL><LI> startup_stm32f767xx.o(RESET)
</UL>
<P><STRONG><a name="[1f]"></a>EXTI0_IRQHandler</STRONG> (Thumb, 0 bytes, Stack size 0 bytes, startup_stm32f767xx.o(.text))
<BR>[Address Reference Count : 1]<UL><LI> startup_stm32f767xx.o(RESET)
</UL>
<P><STRONG><a name="[41]"></a>EXTI15_10_IRQHandler</STRONG> (Thumb, 0 bytes, Stack size 0 bytes, startup_stm32f767xx.o(.text))
<BR>[Address Reference Count : 1]<UL><LI> startup_stm32f767xx.o(RESET)
</UL>
<P><STRONG><a name="[20]"></a>EXTI1_IRQHandler</STRONG> (Thumb, 0 bytes, Stack size 0 bytes, startup_stm32f767xx.o(.text))
<BR>[Address Reference Count : 1]<UL><LI> startup_stm32f767xx.o(RESET)
</UL>
<P><STRONG><a name="[21]"></a>EXTI2_IRQHandler</STRONG> (Thumb, 0 bytes, Stack size 0 bytes, startup_stm32f767xx.o(.text))
<BR>[Address Reference Count : 1]<UL><LI> startup_stm32f767xx.o(RESET)
</UL>
<P><STRONG><a name="[22]"></a>EXTI3_IRQHandler</STRONG> (Thumb, 0 bytes, Stack size 0 bytes, startup_stm32f767xx.o(.text))
<BR>[Address Reference Count : 1]<UL><LI> startup_stm32f767xx.o(RESET)
</UL>
<P><STRONG><a name="[23]"></a>EXTI4_IRQHandler</STRONG> (Thumb, 0 bytes, Stack size 0 bytes, startup_stm32f767xx.o(.text))
<BR>[Address Reference Count : 1]<UL><LI> startup_stm32f767xx.o(RESET)
</UL>
<P><STRONG><a name="[30]"></a>EXTI9_5_IRQHandler</STRONG> (Thumb, 0 bytes, Stack size 0 bytes, startup_stm32f767xx.o(.text))
<BR>[Address Reference Count : 1]<UL><LI> startup_stm32f767xx.o(RESET)
</UL>
<P><STRONG><a name="[1d]"></a>FLASH_IRQHandler</STRONG> (Thumb, 0 bytes, Stack size 0 bytes, startup_stm32f767xx.o(.text))
<BR>[Address Reference Count : 1]<UL><LI> startup_stm32f767xx.o(RESET)
</UL>
<P><STRONG><a name="[49]"></a>FMC_IRQHandler</STRONG> (Thumb, 0 bytes, Stack size 0 bytes, startup_stm32f767xx.o(.text))
<BR>[Address Reference Count : 1]<UL><LI> startup_stm32f767xx.o(RESET)
</UL>
<P><STRONG><a name="[69]"></a>FPU_IRQHandler</STRONG> (Thumb, 0 bytes, Stack size 0 bytes, startup_stm32f767xx.o(.text))
<BR>[Address Reference Count : 1]<UL><LI> startup_stm32f767xx.o(RESET)
</UL>
<P><STRONG><a name="[39]"></a>I2C1_ER_IRQHandler</STRONG> (Thumb, 0 bytes, Stack size 0 bytes, startup_stm32f767xx.o(.text))
<BR>[Address Reference Count : 1]<UL><LI> startup_stm32f767xx.o(RESET)
</UL>
<P><STRONG><a name="[38]"></a>I2C1_EV_IRQHandler</STRONG> (Thumb, 0 bytes, Stack size 0 bytes, startup_stm32f767xx.o(.text))
<BR>[Address Reference Count : 1]<UL><LI> startup_stm32f767xx.o(RESET)
</UL>
<P><STRONG><a name="[3b]"></a>I2C2_ER_IRQHandler</STRONG> (Thumb, 0 bytes, Stack size 0 bytes, startup_stm32f767xx.o(.text))
<BR>[Address Reference Count : 1]<UL><LI> startup_stm32f767xx.o(RESET)
</UL>
<P><STRONG><a name="[3a]"></a>I2C2_EV_IRQHandler</STRONG> (Thumb, 0 bytes, Stack size 0 bytes, startup_stm32f767xx.o(.text))
<BR>[Address Reference Count : 1]<UL><LI> startup_stm32f767xx.o(RESET)
</UL>
<P><STRONG><a name="[62]"></a>I2C3_ER_IRQHandler</STRONG> (Thumb, 0 bytes, Stack size 0 bytes, startup_stm32f767xx.o(.text))
<BR>[Address Reference Count : 1]<UL><LI> startup_stm32f767xx.o(RESET)
</UL>
<P><STRONG><a name="[61]"></a>I2C3_EV_IRQHandler</STRONG> (Thumb, 0 bytes, Stack size 0 bytes, startup_stm32f767xx.o(.text))
<BR>[Address Reference Count : 1]<UL><LI> startup_stm32f767xx.o(RESET)
</UL>
<P><STRONG><a name="[78]"></a>I2C4_ER_IRQHandler</STRONG> (Thumb, 0 bytes, Stack size 0 bytes, startup_stm32f767xx.o(.text))
<BR>[Address Reference Count : 1]<UL><LI> startup_stm32f767xx.o(RESET)
</UL>
<P><STRONG><a name="[77]"></a>I2C4_EV_IRQHandler</STRONG> (Thumb, 0 bytes, Stack size 0 bytes, startup_stm32f767xx.o(.text))
<BR>[Address Reference Count : 1]<UL><LI> startup_stm32f767xx.o(RESET)
</UL>
<P><STRONG><a name="[83]"></a>JPEG_IRQHandler</STRONG> (Thumb, 0 bytes, Stack size 0 bytes, startup_stm32f767xx.o(.text))
<BR>[Address Reference Count : 1]<UL><LI> startup_stm32f767xx.o(RESET)
</UL>
<P><STRONG><a name="[75]"></a>LPTIM1_IRQHandler</STRONG> (Thumb, 0 bytes, Stack size 0 bytes, startup_stm32f767xx.o(.text))
<BR>[Address Reference Count : 1]<UL><LI> startup_stm32f767xx.o(RESET)
</UL>
<P><STRONG><a name="[71]"></a>LTDC_ER_IRQHandler</STRONG> (Thumb, 0 bytes, Stack size 0 bytes, startup_stm32f767xx.o(.text))
<BR>[Address Reference Count : 1]<UL><LI> startup_stm32f767xx.o(RESET)
</UL>
<P><STRONG><a name="[70]"></a>LTDC_IRQHandler</STRONG> (Thumb, 0 bytes, Stack size 0 bytes, startup_stm32f767xx.o(.text))
<BR>[Address Reference Count : 1]<UL><LI> startup_stm32f767xx.o(RESET)
</UL>
<P><STRONG><a name="[84]"></a>MDIOS_IRQHandler</STRONG> (Thumb, 0 bytes, Stack size 0 bytes, startup_stm32f767xx.o(.text))
<BR>[Address Reference Count : 1]<UL><LI> startup_stm32f767xx.o(RESET)
</UL>
<P><STRONG><a name="[5c]"></a>OTG_FS_IRQHandler</STRONG> (Thumb, 0 bytes, Stack size 0 bytes, startup_stm32f767xx.o(.text))
<BR>[Address Reference Count : 1]<UL><LI> startup_stm32f767xx.o(RESET)
</UL>
<P><STRONG><a name="[43]"></a>OTG_FS_WKUP_IRQHandler</STRONG> (Thumb, 0 bytes, Stack size 0 bytes, startup_stm32f767xx.o(.text))
<BR>[Address Reference Count : 1]<UL><LI> startup_stm32f767xx.o(RESET)
</UL>
<P><STRONG><a name="[64]"></a>OTG_HS_EP1_IN_IRQHandler</STRONG> (Thumb, 0 bytes, Stack size 0 bytes, startup_stm32f767xx.o(.text))
<BR>[Address Reference Count : 1]<UL><LI> startup_stm32f767xx.o(RESET)
</UL>
<P><STRONG><a name="[63]"></a>OTG_HS_EP1_OUT_IRQHandler</STRONG> (Thumb, 0 bytes, Stack size 0 bytes, startup_stm32f767xx.o(.text))
<BR>[Address Reference Count : 1]<UL><LI> startup_stm32f767xx.o(RESET)
</UL>
<P><STRONG><a name="[66]"></a>OTG_HS_IRQHandler</STRONG> (Thumb, 0 bytes, Stack size 0 bytes, startup_stm32f767xx.o(.text))
<BR>[Address Reference Count : 1]<UL><LI> startup_stm32f767xx.o(RESET)
</UL>
<P><STRONG><a name="[65]"></a>OTG_HS_WKUP_IRQHandler</STRONG> (Thumb, 0 bytes, Stack size 0 bytes, startup_stm32f767xx.o(.text))
<BR>[Address Reference Count : 1]<UL><LI> startup_stm32f767xx.o(RESET)
</UL>
<P><STRONG><a name="[1a]"></a>PVD_IRQHandler</STRONG> (Thumb, 0 bytes, Stack size 0 bytes, startup_stm32f767xx.o(.text))
<BR>[Address Reference Count : 1]<UL><LI> startup_stm32f767xx.o(RESET)
</UL>
<P><STRONG><a name="[74]"></a>QUADSPI_IRQHandler</STRONG> (Thumb, 0 bytes, Stack size 0 bytes, startup_stm32f767xx.o(.text))
<BR>[Address Reference Count : 1]<UL><LI> startup_stm32f767xx.o(RESET)
</UL>
<P><STRONG><a name="[1e]"></a>RCC_IRQHandler</STRONG> (Thumb, 0 bytes, Stack size 0 bytes, startup_stm32f767xx.o(.text))
<BR>[Address Reference Count : 1]<UL><LI> startup_stm32f767xx.o(RESET)
</UL>
<P><STRONG><a name="[68]"></a>RNG_IRQHandler</STRONG> (Thumb, 0 bytes, Stack size 0 bytes, startup_stm32f767xx.o(.text))
<BR>[Address Reference Count : 1]<UL><LI> startup_stm32f767xx.o(RESET)
</UL>
<P><STRONG><a name="[42]"></a>RTC_Alarm_IRQHandler</STRONG> (Thumb, 0 bytes, Stack size 0 bytes, startup_stm32f767xx.o(.text))
<BR>[Address Reference Count : 1]<UL><LI> startup_stm32f767xx.o(RESET)
</UL>
<P><STRONG><a name="[1c]"></a>RTC_WKUP_IRQHandler</STRONG> (Thumb, 0 bytes, Stack size 0 bytes, startup_stm32f767xx.o(.text))
<BR>[Address Reference Count : 1]<UL><LI> startup_stm32f767xx.o(RESET)
</UL>
<P><STRONG><a name="[6f]"></a>SAI1_IRQHandler</STRONG> (Thumb, 0 bytes, Stack size 0 bytes, startup_stm32f767xx.o(.text))
<BR>[Address Reference Count : 1]<UL><LI> startup_stm32f767xx.o(RESET)
</UL>
<P><STRONG><a name="[73]"></a>SAI2_IRQHandler</STRONG> (Thumb, 0 bytes, Stack size 0 bytes, startup_stm32f767xx.o(.text))
<BR>[Address Reference Count : 1]<UL><LI> startup_stm32f767xx.o(RESET)
</UL>
<P><STRONG><a name="[4a]"></a>SDMMC1_IRQHandler</STRONG> (Thumb, 0 bytes, Stack size 0 bytes, startup_stm32f767xx.o(.text))
<BR>[Address Reference Count : 1]<UL><LI> startup_stm32f767xx.o(RESET)
</UL>
<P><STRONG><a name="[7e]"></a>SDMMC2_IRQHandler</STRONG> (Thumb, 0 bytes, Stack size 0 bytes, startup_stm32f767xx.o(.text))
<BR>[Address Reference Count : 1]<UL><LI> startup_stm32f767xx.o(RESET)
</UL>
<P><STRONG><a name="[79]"></a>SPDIF_RX_IRQHandler</STRONG> (Thumb, 0 bytes, Stack size 0 bytes, startup_stm32f767xx.o(.text))
<BR>[Address Reference Count : 1]<UL><LI> startup_stm32f767xx.o(RESET)
</UL>
<P><STRONG><a name="[3c]"></a>SPI1_IRQHandler</STRONG> (Thumb, 0 bytes, Stack size 0 bytes, startup_stm32f767xx.o(.text))
<BR>[Address Reference Count : 1]<UL><LI> startup_stm32f767xx.o(RESET)
</UL>
<P><STRONG><a name="[3d]"></a>SPI2_IRQHandler</STRONG> (Thumb, 0 bytes, Stack size 0 bytes, startup_stm32f767xx.o(.text))
<BR>[Address Reference Count : 1]<UL><LI> startup_stm32f767xx.o(RESET)
</UL>
<P><STRONG><a name="[4c]"></a>SPI3_IRQHandler</STRONG> (Thumb, 0 bytes, Stack size 0 bytes, startup_stm32f767xx.o(.text))
<BR>[Address Reference Count : 1]<UL><LI> startup_stm32f767xx.o(RESET)
</UL>
<P><STRONG><a name="[6c]"></a>SPI4_IRQHandler</STRONG> (Thumb, 0 bytes, Stack size 0 bytes, startup_stm32f767xx.o(.text))
<BR>[Address Reference Count : 1]<UL><LI> startup_stm32f767xx.o(RESET)
</UL>
<P><STRONG><a name="[6d]"></a>SPI5_IRQHandler</STRONG> (Thumb, 0 bytes, Stack size 0 bytes, startup_stm32f767xx.o(.text))
<BR>[Address Reference Count : 1]<UL><LI> startup_stm32f767xx.o(RESET)
</UL>
<P><STRONG><a name="[6e]"></a>SPI6_IRQHandler</STRONG> (Thumb, 0 bytes, Stack size 0 bytes, startup_stm32f767xx.o(.text))
<BR>[Address Reference Count : 1]<UL><LI> startup_stm32f767xx.o(RESET)
</UL>
<P><STRONG><a name="[1b]"></a>TAMP_STAMP_IRQHandler</STRONG> (Thumb, 0 bytes, Stack size 0 bytes, startup_stm32f767xx.o(.text))
<BR>[Address Reference Count : 1]<UL><LI> startup_stm32f767xx.o(RESET)
</UL>
<P><STRONG><a name="[31]"></a>TIM1_BRK_TIM9_IRQHandler</STRONG> (Thumb, 0 bytes, Stack size 0 bytes, startup_stm32f767xx.o(.text))
<BR>[Address Reference Count : 1]<UL><LI> startup_stm32f767xx.o(RESET)
</UL>
<P><STRONG><a name="[34]"></a>TIM1_CC_IRQHandler</STRONG> (Thumb, 0 bytes, Stack size 0 bytes, startup_stm32f767xx.o(.text))
<BR>[Address Reference Count : 1]<UL><LI> startup_stm32f767xx.o(RESET)
</UL>
<P><STRONG><a name="[33]"></a>TIM1_TRG_COM_TIM11_IRQHandler</STRONG> (Thumb, 0 bytes, Stack size 0 bytes, startup_stm32f767xx.o(.text))
<BR>[Address Reference Count : 1]<UL><LI> startup_stm32f767xx.o(RESET)
</UL>
<P><STRONG><a name="[32]"></a>TIM1_UP_TIM10_IRQHandler</STRONG> (Thumb, 0 bytes, Stack size 0 bytes, startup_stm32f767xx.o(.text))
<BR>[Address Reference Count : 1]<UL><LI> startup_stm32f767xx.o(RESET)
</UL>
<P><STRONG><a name="[35]"></a>TIM2_IRQHandler</STRONG> (Thumb, 0 bytes, Stack size 0 bytes, startup_stm32f767xx.o(.text))
<BR>[Address Reference Count : 1]<UL><LI> startup_stm32f767xx.o(RESET)
</UL>
<P><STRONG><a name="[37]"></a>TIM4_IRQHandler</STRONG> (Thumb, 0 bytes, Stack size 0 bytes, startup_stm32f767xx.o(.text))
<BR>[Address Reference Count : 1]<UL><LI> startup_stm32f767xx.o(RESET)
</UL>
<P><STRONG><a name="[4b]"></a>TIM5_IRQHandler</STRONG> (Thumb, 0 bytes, Stack size 0 bytes, startup_stm32f767xx.o(.text))
<BR>[Address Reference Count : 1]<UL><LI> startup_stm32f767xx.o(RESET)
</UL>
<P><STRONG><a name="[4f]"></a>TIM6_DAC_IRQHandler</STRONG> (Thumb, 0 bytes, Stack size 0 bytes, startup_stm32f767xx.o(.text))
<BR>[Address Reference Count : 1]<UL><LI> startup_stm32f767xx.o(RESET)
</UL>
<P><STRONG><a name="[50]"></a>TIM7_IRQHandler</STRONG> (Thumb, 0 bytes, Stack size 0 bytes, startup_stm32f767xx.o(.text))
<BR>[Address Reference Count : 1]<UL><LI> startup_stm32f767xx.o(RESET)
</UL>
<P><STRONG><a name="[44]"></a>TIM8_BRK_TIM12_IRQHandler</STRONG> (Thumb, 0 bytes, Stack size 0 bytes, startup_stm32f767xx.o(.text))
<BR>[Address Reference Count : 1]<UL><LI> startup_stm32f767xx.o(RESET)
</UL>
<P><STRONG><a name="[47]"></a>TIM8_CC_IRQHandler</STRONG> (Thumb, 0 bytes, Stack size 0 bytes, startup_stm32f767xx.o(.text))
<BR>[Address Reference Count : 1]<UL><LI> startup_stm32f767xx.o(RESET)
</UL>
<P><STRONG><a name="[46]"></a>TIM8_TRG_COM_TIM14_IRQHandler</STRONG> (Thumb, 0 bytes, Stack size 0 bytes, startup_stm32f767xx.o(.text))
<BR>[Address Reference Count : 1]<UL><LI> startup_stm32f767xx.o(RESET)
</UL>
<P><STRONG><a name="[45]"></a>TIM8_UP_TIM13_IRQHandler</STRONG> (Thumb, 0 bytes, Stack size 0 bytes, startup_stm32f767xx.o(.text))
<BR>[Address Reference Count : 1]<UL><LI> startup_stm32f767xx.o(RESET)
</UL>
<P><STRONG><a name="[4d]"></a>UART4_IRQHandler</STRONG> (Thumb, 0 bytes, Stack size 0 bytes, startup_stm32f767xx.o(.text))
<BR>[Address Reference Count : 1]<UL><LI> startup_stm32f767xx.o(RESET)
</UL>
<P><STRONG><a name="[4e]"></a>UART5_IRQHandler</STRONG> (Thumb, 0 bytes, Stack size 0 bytes, startup_stm32f767xx.o(.text))
<BR>[Address Reference Count : 1]<UL><LI> startup_stm32f767xx.o(RESET)
</UL>
<P><STRONG><a name="[6a]"></a>UART7_IRQHandler</STRONG> (Thumb, 0 bytes, Stack size 0 bytes, startup_stm32f767xx.o(.text))
<BR>[Address Reference Count : 1]<UL><LI> startup_stm32f767xx.o(RESET)
</UL>
<P><STRONG><a name="[6b]"></a>UART8_IRQHandler</STRONG> (Thumb, 0 bytes, Stack size 0 bytes, startup_stm32f767xx.o(.text))
<BR>[Address Reference Count : 1]<UL><LI> startup_stm32f767xx.o(RESET)
</UL>
<P><STRONG><a name="[40]"></a>USART3_IRQHandler</STRONG> (Thumb, 0 bytes, Stack size 0 bytes, startup_stm32f767xx.o(.text))
<BR>[Address Reference Count : 1]<UL><LI> startup_stm32f767xx.o(RESET)
</UL>
<P><STRONG><a name="[60]"></a>USART6_IRQHandler</STRONG> (Thumb, 0 bytes, Stack size 0 bytes, startup_stm32f767xx.o(.text))
<BR>[Address Reference Count : 1]<UL><LI> startup_stm32f767xx.o(RESET)
</UL>
<P><STRONG><a name="[19]"></a>WWDG_IRQHandler</STRONG> (Thumb, 0 bytes, Stack size 0 bytes, startup_stm32f767xx.o(.text))
<BR>[Address Reference Count : 1]<UL><LI> startup_stm32f767xx.o(RESET)
</UL>
<P><STRONG><a name="[d7]"></a>__user_initial_stackheap</STRONG> (Thumb, 0 bytes, Stack size unknown bytes, startup_stm32f767xx.o(.text))
<BR><BR>[Called By]<UL><LI><a href="#[b8]">&gt;&gt;</a>&nbsp;&nbsp;&nbsp;__user_setup_stackheap
</UL>

<P><STRONG><a name="[2be]"></a>__use_no_semihosting</STRONG> (Thumb, 2 bytes, Stack size 0 bytes, use_no_semi_2.o(.text), UNUSED)

<P><STRONG><a name="[c2]"></a>__2printf</STRONG> (Thumb, 20 bytes, Stack size 24 bytes, noretval__2printf.o(.text))
<BR><BR>[Stack]<UL><LI>Max Depth = 128 + Unknown Stack Size
<LI>Call Chain = __2printf &rArr; _printf_char_file &rArr; _printf_char_common &rArr; __printf
</UL>
<BR>[Calls]<UL><LI><a href="#[c3]">&gt;&gt;</a>&nbsp;&nbsp;&nbsp;_printf_char_file
</UL>
<BR>[Called By]<UL><LI><a href="#[154]">&gt;&gt;</a>&nbsp;&nbsp;&nbsp;LCD_Init
<LI><a href="#[168]">&gt;&gt;</a>&nbsp;&nbsp;&nbsp;OTT2001A_Init
<LI><a href="#[fe]">&gt;&gt;</a>&nbsp;&nbsp;&nbsp;GT9271_Init
<LI><a href="#[f9]">&gt;&gt;</a>&nbsp;&nbsp;&nbsp;GT9147_Init
<LI><a href="#[f6]">&gt;&gt;</a>&nbsp;&nbsp;&nbsp;FT5206_Init
<LI><a href="#[12]">&gt;&gt;</a>&nbsp;&nbsp;&nbsp;MemManage_Handler
<LI><a href="#[95]">&gt;&gt;</a>&nbsp;&nbsp;&nbsp;event_handler
</UL>

<P><STRONG><a name="[c4]"></a>__2sprintf</STRONG> (Thumb, 34 bytes, Stack size 32 bytes, noretval__2sprintf.o(.text))
<BR><BR>[Stack]<UL><LI>Max Depth = 120 + Unknown Stack Size
<LI>Call Chain = __2sprintf &rArr; _printf_char_common &rArr; __printf
</UL>
<BR>[Calls]<UL><LI><a href="#[87]">&gt;&gt;</a>&nbsp;&nbsp;&nbsp;_sputc
<LI><a href="#[c5]">&gt;&gt;</a>&nbsp;&nbsp;&nbsp;_printf_char_common
</UL>
<BR>[Called By]<UL><LI><a href="#[95]">&gt;&gt;</a>&nbsp;&nbsp;&nbsp;event_handler
</UL>

<P><STRONG><a name="[c6]"></a>__printf</STRONG> (Thumb, 104 bytes, Stack size 24 bytes, __printf.o(.text))
<BR><BR>[Stack]<UL><LI>Max Depth = 24 + Unknown Stack Size
<LI>Call Chain = __printf
</UL>
<BR>[Calls]<UL><LI><a href="#[c7]">&gt;&gt;</a>&nbsp;&nbsp;&nbsp;_printf_percent
</UL>
<BR>[Called By]<UL><LI><a href="#[c5]">&gt;&gt;</a>&nbsp;&nbsp;&nbsp;_printf_char_common
</UL>

<P><STRONG><a name="[d3]"></a>_printf_str</STRONG> (Thumb, 82 bytes, Stack size 16 bytes, _printf_str.o(.text))
<BR><BR>[Stack]<UL><LI>Max Depth = 16<LI>Call Chain = _printf_str
</UL>
<BR>[Called By]<UL><LI><a href="#[d2]">&gt;&gt;</a>&nbsp;&nbsp;&nbsp;_printf_cs_common
</UL>

<P><STRONG><a name="[b0]"></a>_printf_int_dec</STRONG> (Thumb, 104 bytes, Stack size 24 bytes, _printf_dec.o(.text))
<BR><BR>[Stack]<UL><LI>Max Depth = 56<LI>Call Chain = _printf_int_dec &rArr; _printf_int_common
</UL>
<BR>[Calls]<UL><LI><a href="#[c8]">&gt;&gt;</a>&nbsp;&nbsp;&nbsp;_printf_int_common
</UL>
<BR>[Called By]<UL><LI><a href="#[af]">&gt;&gt;</a>&nbsp;&nbsp;&nbsp;_printf_d
</UL>

<P><STRONG><a name="[b2]"></a>_printf_int_hex</STRONG> (Thumb, 84 bytes, Stack size 16 bytes, _printf_hex_int.o(.text))
<BR><BR>[Stack]<UL><LI>Max Depth = 48<LI>Call Chain = _printf_int_hex &rArr; _printf_int_common
</UL>
<BR>[Calls]<UL><LI><a href="#[c8]">&gt;&gt;</a>&nbsp;&nbsp;&nbsp;_printf_int_common
</UL>
<BR>[Called By]<UL><LI><a href="#[b1]">&gt;&gt;</a>&nbsp;&nbsp;&nbsp;_printf_x
</UL>

<P><STRONG><a name="[2bf]"></a>_printf_longlong_hex</STRONG> (Thumb, 0 bytes, Stack size 16 bytes, _printf_hex_int.o(.text), UNUSED)

<P><STRONG><a name="[275]"></a>strcpy</STRONG> (Thumb, 72 bytes, Stack size 12 bytes, strcpy.o(.text))
<BR><BR>[Stack]<UL><LI>Max Depth = 12<LI>Call Chain = strcpy
</UL>
<BR>[Called By]<UL><LI><a href="#[197]">&gt;&gt;</a>&nbsp;&nbsp;&nbsp;lv_label_set_text
</UL>

<P><STRONG><a name="[187]"></a>strlen</STRONG> (Thumb, 62 bytes, Stack size 8 bytes, strlen.o(.text))
<BR><BR>[Stack]<UL><LI>Max Depth = 8<LI>Call Chain = strlen
</UL>
<BR>[Called By]<UL><LI><a href="#[1de]">&gt;&gt;</a>&nbsp;&nbsp;&nbsp;lv_btnm_set_map
<LI><a href="#[186]">&gt;&gt;</a>&nbsp;&nbsp;&nbsp;allocate_btn_areas_and_controls
<LI><a href="#[197]">&gt;&gt;</a>&nbsp;&nbsp;&nbsp;lv_label_set_text
<LI><a href="#[202]">&gt;&gt;</a>&nbsp;&nbsp;&nbsp;lv_label_create
</UL>

<P><STRONG><a name="[1f2]"></a>__aeabi_memcpy</STRONG> (Thumb, 0 bytes, Stack size 0 bytes, rt_memcpy_v6.o(.text))
<BR><BR>[Called By]<UL><LI><a href="#[96]">&gt;&gt;</a>&nbsp;&nbsp;&nbsp;lv_disp_refr_task
<LI><a href="#[21e]">&gt;&gt;</a>&nbsp;&nbsp;&nbsp;lv_mem_realloc
<LI><a href="#[21c]">&gt;&gt;</a>&nbsp;&nbsp;&nbsp;sw_color_fill
<LI><a href="#[279]">&gt;&gt;</a>&nbsp;&nbsp;&nbsp;node_set_prev
<LI><a href="#[27a]">&gt;&gt;</a>&nbsp;&nbsp;&nbsp;node_set_next
<LI><a href="#[1f1]">&gt;&gt;</a>&nbsp;&nbsp;&nbsp;lv_btnm_set_ctrl_map
<LI><a href="#[202]">&gt;&gt;</a>&nbsp;&nbsp;&nbsp;lv_label_create
<LI><a href="#[267]">&gt;&gt;</a>&nbsp;&nbsp;&nbsp;lv_label_set_dot_tmp
</UL>

<P><STRONG><a name="[c9]"></a>__rt_memcpy</STRONG> (Thumb, 138 bytes, Stack size 0 bytes, rt_memcpy_v6.o(.text), UNUSED)
<BR><BR>[Calls]<UL><LI><a href="#[ca]">&gt;&gt;</a>&nbsp;&nbsp;&nbsp;__aeabi_memcpy4
</UL>

<P><STRONG><a name="[2c0]"></a>_memcpy_lastbytes</STRONG> (Thumb, 0 bytes, Stack size unknown bytes, rt_memcpy_v6.o(.text), UNUSED)

<P><STRONG><a name="[ca]"></a>__aeabi_memcpy4</STRONG> (Thumb, 0 bytes, Stack size 8 bytes, rt_memcpy_w.o(.text))
<BR><BR>[Stack]<UL><LI>Max Depth = 8<LI>Call Chain = __aeabi_memcpy4
</UL>
<BR>[Called By]<UL><LI><a href="#[20a]">&gt;&gt;</a>&nbsp;&nbsp;&nbsp;lv_disp_drv_register
<LI><a href="#[108]">&gt;&gt;</a>&nbsp;&nbsp;&nbsp;HAL_LTDC_ConfigLayer
<LI><a href="#[1ea]">&gt;&gt;</a>&nbsp;&nbsp;&nbsp;lv_style_copy
<LI><a href="#[1d1]">&gt;&gt;</a>&nbsp;&nbsp;&nbsp;lv_anim_create
<LI><a href="#[18c]">&gt;&gt;</a>&nbsp;&nbsp;&nbsp;anim_ready_handler
<LI><a href="#[252]">&gt;&gt;</a>&nbsp;&nbsp;&nbsp;lv_indev_drv_register
<LI><a href="#[1d6]">&gt;&gt;</a>&nbsp;&nbsp;&nbsp;lv_btnm_create
<LI><a href="#[c9]">&gt;&gt;</a>&nbsp;&nbsp;&nbsp;__rt_memcpy
</UL>

<P><STRONG><a name="[2c1]"></a>__aeabi_memcpy8</STRONG> (Thumb, 0 bytes, Stack size 8 bytes, rt_memcpy_w.o(.text), UNUSED)

<P><STRONG><a name="[2c2]"></a>__rt_memcpy_w</STRONG> (Thumb, 100 bytes, Stack size 8 bytes, rt_memcpy_w.o(.text), UNUSED)

<P><STRONG><a name="[2c3]"></a>_memcpy_lastbytes_aligned</STRONG> (Thumb, 0 bytes, Stack size unknown bytes, rt_memcpy_w.o(.text), UNUSED)

<P><STRONG><a name="[cb]"></a>__aeabi_memset</STRONG> (Thumb, 16 bytes, Stack size 0 bytes, aeabi_memset.o(.text))
<BR><BR>[Calls]<UL><LI><a href="#[cc]">&gt;&gt;</a>&nbsp;&nbsp;&nbsp;_memset
</UL>
<BR>[Called By]<UL><LI><a href="#[189]">&gt;&gt;</a>&nbsp;&nbsp;&nbsp;lv_mem_free
<LI><a href="#[18a]">&gt;&gt;</a>&nbsp;&nbsp;&nbsp;lv_mem_alloc
</UL>

<P><STRONG><a name="[18b]"></a>__aeabi_memclr</STRONG> (Thumb, 0 bytes, Stack size 0 bytes, rt_memclr.o(.text))
<BR><BR>[Called By]<UL><LI><a href="#[20a]">&gt;&gt;</a>&nbsp;&nbsp;&nbsp;lv_disp_drv_register
<LI><a href="#[96]">&gt;&gt;</a>&nbsp;&nbsp;&nbsp;lv_disp_refr_task
<LI><a href="#[239]">&gt;&gt;</a>&nbsp;&nbsp;&nbsp;lv_draw_shadow_full
<LI><a href="#[279]">&gt;&gt;</a>&nbsp;&nbsp;&nbsp;node_set_prev
<LI><a href="#[27a]">&gt;&gt;</a>&nbsp;&nbsp;&nbsp;node_set_next
<LI><a href="#[186]">&gt;&gt;</a>&nbsp;&nbsp;&nbsp;allocate_btn_areas_and_controls
</UL>

<P><STRONG><a name="[cd]"></a>__rt_memclr</STRONG> (Thumb, 68 bytes, Stack size 0 bytes, rt_memclr.o(.text), UNUSED)
<BR><BR>[Calls]<UL><LI><a href="#[ce]">&gt;&gt;</a>&nbsp;&nbsp;&nbsp;_memset_w
</UL>

<P><STRONG><a name="[cc]"></a>_memset</STRONG> (Thumb, 0 bytes, Stack size unknown bytes, rt_memclr.o(.text))
<BR><BR>[Called By]<UL><LI><a href="#[cb]">&gt;&gt;</a>&nbsp;&nbsp;&nbsp;__aeabi_memset
</UL>

<P><STRONG><a name="[208]"></a>__aeabi_memclr4</STRONG> (Thumb, 0 bytes, Stack size 4 bytes, rt_memclr_w.o(.text))
<BR><BR>[Stack]<UL><LI>Max Depth = 4<LI>Call Chain = __aeabi_memclr4
</UL>
<BR>[Called By]<UL><LI><a href="#[20a]">&gt;&gt;</a>&nbsp;&nbsp;&nbsp;lv_disp_drv_register
<LI><a href="#[209]">&gt;&gt;</a>&nbsp;&nbsp;&nbsp;lv_disp_drv_init
<LI><a href="#[207]">&gt;&gt;</a>&nbsp;&nbsp;&nbsp;lv_disp_buf_init
<LI><a href="#[96]">&gt;&gt;</a>&nbsp;&nbsp;&nbsp;lv_disp_refr_task
<LI><a href="#[245]">&gt;&gt;</a>&nbsp;&nbsp;&nbsp;lv_img_cache_set_size
<LI><a href="#[243]">&gt;&gt;</a>&nbsp;&nbsp;&nbsp;lv_img_cache_invalidate_src
<LI><a href="#[252]">&gt;&gt;</a>&nbsp;&nbsp;&nbsp;lv_indev_drv_register
<LI><a href="#[251]">&gt;&gt;</a>&nbsp;&nbsp;&nbsp;lv_indev_drv_init
</UL>

<P><STRONG><a name="[2c4]"></a>__aeabi_memclr8</STRONG> (Thumb, 0 bytes, Stack size 4 bytes, rt_memclr_w.o(.text), UNUSED)

<P><STRONG><a name="[2c5]"></a>__rt_memclr_w</STRONG> (Thumb, 78 bytes, Stack size 4 bytes, rt_memclr_w.o(.text), UNUSED)

<P><STRONG><a name="[ce]"></a>_memset_w</STRONG> (Thumb, 0 bytes, Stack size unknown bytes, rt_memclr_w.o(.text), UNUSED)
<BR><BR>[Called By]<UL><LI><a href="#[cd]">&gt;&gt;</a>&nbsp;&nbsp;&nbsp;__rt_memclr
</UL>

<P><STRONG><a name="[fb]"></a>strcmp</STRONG> (Thumb, 104 bytes, Stack size 0 bytes, strcmpv7m_pel.o(.text))
<BR><BR>[Called By]<UL><LI><a href="#[fe]">&gt;&gt;</a>&nbsp;&nbsp;&nbsp;GT9271_Init
<LI><a href="#[f9]">&gt;&gt;</a>&nbsp;&nbsp;&nbsp;GT9147_Init
<LI><a href="#[1de]">&gt;&gt;</a>&nbsp;&nbsp;&nbsp;lv_btnm_set_map
<LI><a href="#[1ee]">&gt;&gt;</a>&nbsp;&nbsp;&nbsp;lv_btnm_get_btn_text
<LI><a href="#[1f3]">&gt;&gt;</a>&nbsp;&nbsp;&nbsp;maps_are_identical
<LI><a href="#[94]">&gt;&gt;</a>&nbsp;&nbsp;&nbsp;lv_btnm_design
<LI><a href="#[186]">&gt;&gt;</a>&nbsp;&nbsp;&nbsp;allocate_btn_areas_and_controls
</UL>

<P><STRONG><a name="[2c6]"></a>__use_two_region_memory</STRONG> (Thumb, 2 bytes, Stack size 0 bytes, heapauxi.o(.text), UNUSED)

<P><STRONG><a name="[2c7]"></a>__rt_heap_escrow$2region</STRONG> (Thumb, 2 bytes, Stack size 0 bytes, heapauxi.o(.text), UNUSED)

<P><STRONG><a name="[2c8]"></a>__rt_heap_expand$2region</STRONG> (Thumb, 2 bytes, Stack size 0 bytes, heapauxi.o(.text), UNUSED)

<P><STRONG><a name="[2c9]"></a>__I$use$semihosting</STRONG> (Thumb, 0 bytes, Stack size 0 bytes, use_no_semi.o(.text), UNUSED)

<P><STRONG><a name="[2ca]"></a>__use_no_semihosting_swi</STRONG> (Thumb, 2 bytes, Stack size 0 bytes, use_no_semi.o(.text), UNUSED)

<P><STRONG><a name="[cf]"></a>__read_errno</STRONG> (Thumb, 10 bytes, Stack size 8 bytes, _rserrno.o(.text), UNUSED)
<BR><BR>[Calls]<UL><LI><a href="#[d0]">&gt;&gt;</a>&nbsp;&nbsp;&nbsp;__aeabi_errno_addr
</UL>

<P><STRONG><a name="[d1]"></a>__set_errno</STRONG> (Thumb, 12 bytes, Stack size 8 bytes, _rserrno.o(.text))
<BR><BR>[Stack]<UL><LI>Max Depth = 8<LI>Call Chain = __set_errno
</UL>
<BR>[Calls]<UL><LI><a href="#[d0]">&gt;&gt;</a>&nbsp;&nbsp;&nbsp;__aeabi_errno_addr
</UL>
<BR>[Called By]<UL><LI><a href="#[17c]">&gt;&gt;</a>&nbsp;&nbsp;&nbsp;__hardfp_sqrt
</UL>

<P><STRONG><a name="[c8]"></a>_printf_int_common</STRONG> (Thumb, 178 bytes, Stack size 32 bytes, _printf_intcommon.o(.text))
<BR><BR>[Stack]<UL><LI>Max Depth = 32<LI>Call Chain = _printf_int_common
</UL>
<BR>[Called By]<UL><LI><a href="#[b2]">&gt;&gt;</a>&nbsp;&nbsp;&nbsp;_printf_int_hex
<LI><a href="#[b0]">&gt;&gt;</a>&nbsp;&nbsp;&nbsp;_printf_int_dec
</UL>

<P><STRONG><a name="[c5]"></a>_printf_char_common</STRONG> (Thumb, 32 bytes, Stack size 64 bytes, _printf_char_common.o(.text))
<BR><BR>[Stack]<UL><LI>Max Depth = 88 + Unknown Stack Size
<LI>Call Chain = _printf_char_common &rArr; __printf
</UL>
<BR>[Calls]<UL><LI><a href="#[c6]">&gt;&gt;</a>&nbsp;&nbsp;&nbsp;__printf
</UL>
<BR>[Called By]<UL><LI><a href="#[c3]">&gt;&gt;</a>&nbsp;&nbsp;&nbsp;_printf_char_file
<LI><a href="#[c4]">&gt;&gt;</a>&nbsp;&nbsp;&nbsp;__2sprintf
</UL>

<P><STRONG><a name="[87]"></a>_sputc</STRONG> (Thumb, 10 bytes, Stack size 0 bytes, _sputc.o(.text))
<BR><BR>[Called By]<UL><LI><a href="#[c4]">&gt;&gt;</a>&nbsp;&nbsp;&nbsp;__2sprintf
</UL>
<BR>[Address Reference Count : 1]<UL><LI> noretval__2sprintf.o(.text)
</UL>
<P><STRONG><a name="[d2]"></a>_printf_cs_common</STRONG> (Thumb, 20 bytes, Stack size 8 bytes, _printf_char.o(.text))
<BR><BR>[Stack]<UL><LI>Max Depth = 24<LI>Call Chain = _printf_cs_common &rArr; _printf_str
</UL>
<BR>[Calls]<UL><LI><a href="#[d3]">&gt;&gt;</a>&nbsp;&nbsp;&nbsp;_printf_str
</UL>
<BR>[Called By]<UL><LI><a href="#[b4]">&gt;&gt;</a>&nbsp;&nbsp;&nbsp;_printf_string
<LI><a href="#[d4]">&gt;&gt;</a>&nbsp;&nbsp;&nbsp;_printf_char
</UL>

<P><STRONG><a name="[d4]"></a>_printf_char</STRONG> (Thumb, 16 bytes, Stack size 0 bytes, _printf_char.o(.text), UNUSED)
<BR><BR>[Calls]<UL><LI><a href="#[d2]">&gt;&gt;</a>&nbsp;&nbsp;&nbsp;_printf_cs_common
</UL>

<P><STRONG><a name="[b4]"></a>_printf_string</STRONG> (Thumb, 8 bytes, Stack size 0 bytes, _printf_char.o(.text))
<BR><BR>[Stack]<UL><LI>Max Depth = 24<LI>Call Chain = _printf_string &rArr; _printf_cs_common &rArr; _printf_str
</UL>
<BR>[Calls]<UL><LI><a href="#[d2]">&gt;&gt;</a>&nbsp;&nbsp;&nbsp;_printf_cs_common
</UL>
<BR>[Called By]<UL><LI><a href="#[b3]">&gt;&gt;</a>&nbsp;&nbsp;&nbsp;_printf_s
</UL>

<P><STRONG><a name="[c3]"></a>_printf_char_file</STRONG> (Thumb, 32 bytes, Stack size 16 bytes, _printf_char_file.o(.text))
<BR><BR>[Stack]<UL><LI>Max Depth = 104 + Unknown Stack Size
<LI>Call Chain = _printf_char_file &rArr; _printf_char_common &rArr; __printf
</UL>
<BR>[Calls]<UL><LI><a href="#[c5]">&gt;&gt;</a>&nbsp;&nbsp;&nbsp;_printf_char_common
<LI><a href="#[d5]">&gt;&gt;</a>&nbsp;&nbsp;&nbsp;ferror
</UL>
<BR>[Called By]<UL><LI><a href="#[c2]">&gt;&gt;</a>&nbsp;&nbsp;&nbsp;__2printf
</UL>

<P><STRONG><a name="[d0]"></a>__aeabi_errno_addr</STRONG> (Thumb, 8 bytes, Stack size 0 bytes, rt_errno_addr_intlibspace.o(.text))
<BR><BR>[Called By]<UL><LI><a href="#[d1]">&gt;&gt;</a>&nbsp;&nbsp;&nbsp;__set_errno
<LI><a href="#[cf]">&gt;&gt;</a>&nbsp;&nbsp;&nbsp;__read_errno
</UL>

<P><STRONG><a name="[2cb]"></a>__errno$intlibspace</STRONG> (Thumb, 0 bytes, Stack size 0 bytes, rt_errno_addr_intlibspace.o(.text), UNUSED)

<P><STRONG><a name="[2cc]"></a>__rt_errno_addr$intlibspace</STRONG> (Thumb, 0 bytes, Stack size 0 bytes, rt_errno_addr_intlibspace.o(.text), UNUSED)

<P><STRONG><a name="[d5]"></a>ferror</STRONG> (Thumb, 8 bytes, Stack size 0 bytes, ferror.o(.text))
<BR><BR>[Called By]<UL><LI><a href="#[c3]">&gt;&gt;</a>&nbsp;&nbsp;&nbsp;_printf_char_file
</UL>

<P><STRONG><a name="[2cd]"></a>__user_libspace</STRONG> (Thumb, 8 bytes, Stack size 0 bytes, libspace.o(.text), UNUSED)

<P><STRONG><a name="[d6]"></a>__user_perproc_libspace</STRONG> (Thumb, 0 bytes, Stack size 0 bytes, libspace.o(.text))
<BR><BR>[Called By]<UL><LI><a href="#[b8]">&gt;&gt;</a>&nbsp;&nbsp;&nbsp;__user_setup_stackheap
</UL>

<P><STRONG><a name="[2ce]"></a>__user_perthread_libspace</STRONG> (Thumb, 0 bytes, Stack size 0 bytes, libspace.o(.text), UNUSED)

<P><STRONG><a name="[b8]"></a>__user_setup_stackheap</STRONG> (Thumb, 74 bytes, Stack size 8 bytes, sys_stackheap_outer.o(.text))
<BR><BR>[Stack]<UL><LI>Max Depth = 8 + Unknown Stack Size
<LI>Call Chain = __user_setup_stackheap
</UL>
<BR>[Calls]<UL><LI><a href="#[d7]">&gt;&gt;</a>&nbsp;&nbsp;&nbsp;__user_initial_stackheap
<LI><a href="#[d6]">&gt;&gt;</a>&nbsp;&nbsp;&nbsp;__user_perproc_libspace
</UL>
<BR>[Called By]<UL><LI><a href="#[b7]">&gt;&gt;</a>&nbsp;&nbsp;&nbsp;__rt_entry_sh
</UL>

<P><STRONG><a name="[bd]"></a>exit</STRONG> (Thumb, 18 bytes, Stack size 8 bytes, exit.o(.text))
<BR><BR>[Stack]<UL><LI>Max Depth = 8 + Unknown Stack Size
<LI>Call Chain = exit
</UL>
<BR>[Calls]<UL><LI><a href="#[d8]">&gt;&gt;</a>&nbsp;&nbsp;&nbsp;__rt_exit
</UL>
<BR>[Called By]<UL><LI><a href="#[bb]">&gt;&gt;</a>&nbsp;&nbsp;&nbsp;__rt_entry_main
</UL>

<P><STRONG><a name="[d9]"></a>AT24CXX_Init</STRONG> (Thumb, 8 bytes, Stack size 8 bytes, 24cxx.o(i.AT24CXX_Init))
<BR><BR>[Stack]<UL><LI>Max Depth = 64<LI>Call Chain = AT24CXX_Init &rArr; IIC_Init &rArr; HAL_GPIO_Init
</UL>
<BR>[Calls]<UL><LI><a href="#[da]">&gt;&gt;</a>&nbsp;&nbsp;&nbsp;IIC_Init
</UL>
<BR>[Called By]<UL><LI><a href="#[2]">&gt;&gt;</a>&nbsp;&nbsp;&nbsp;TP_Init
</UL>

<P><STRONG><a name="[db]"></a>AT24CXX_ReadLenByte</STRONG> (Thumb, 44 bytes, Stack size 24 bytes, 24cxx.o(i.AT24CXX_ReadLenByte))
<BR><BR>[Stack]<UL><LI>Max Depth = 80<LI>Call Chain = AT24CXX_ReadLenByte &rArr; AT24CXX_ReadOneByte &rArr; IIC_Read_Byte &rArr; IIC_NAck &rArr; delay_us
</UL>
<BR>[Calls]<UL><LI><a href="#[dc]">&gt;&gt;</a>&nbsp;&nbsp;&nbsp;AT24CXX_ReadOneByte
</UL>
<BR>[Called By]<UL><LI><a href="#[17e]">&gt;&gt;</a>&nbsp;&nbsp;&nbsp;TP_Get_Adjdata
</UL>

<P><STRONG><a name="[dc]"></a>AT24CXX_ReadOneByte</STRONG> (Thumb, 88 bytes, Stack size 16 bytes, 24cxx.o(i.AT24CXX_ReadOneByte))
<BR><BR>[Stack]<UL><LI>Max Depth = 56<LI>Call Chain = AT24CXX_ReadOneByte &rArr; IIC_Read_Byte &rArr; IIC_NAck &rArr; delay_us
</UL>
<BR>[Calls]<UL><LI><a href="#[df]">&gt;&gt;</a>&nbsp;&nbsp;&nbsp;IIC_Wait_Ack
<LI><a href="#[e1]">&gt;&gt;</a>&nbsp;&nbsp;&nbsp;IIC_Stop
<LI><a href="#[dd]">&gt;&gt;</a>&nbsp;&nbsp;&nbsp;IIC_Start
<LI><a href="#[de]">&gt;&gt;</a>&nbsp;&nbsp;&nbsp;IIC_Send_Byte
<LI><a href="#[e0]">&gt;&gt;</a>&nbsp;&nbsp;&nbsp;IIC_Read_Byte
</UL>
<BR>[Called By]<UL><LI><a href="#[17e]">&gt;&gt;</a>&nbsp;&nbsp;&nbsp;TP_Get_Adjdata
<LI><a href="#[db]">&gt;&gt;</a>&nbsp;&nbsp;&nbsp;AT24CXX_ReadLenByte
</UL>

<P><STRONG><a name="[e2]"></a>AT24CXX_WriteLenByte</STRONG> (Thumb, 42 bytes, Stack size 24 bytes, 24cxx.o(i.AT24CXX_WriteLenByte))
<BR><BR>[Stack]<UL><LI>Max Depth = 72<LI>Call Chain = AT24CXX_WriteLenByte &rArr; AT24CXX_WriteOneByte &rArr; IIC_Wait_Ack &rArr; IIC_Stop &rArr; delay_us
</UL>
<BR>[Calls]<UL><LI><a href="#[e3]">&gt;&gt;</a>&nbsp;&nbsp;&nbsp;AT24CXX_WriteOneByte
</UL>
<BR>[Called By]<UL><LI><a href="#[17d]">&gt;&gt;</a>&nbsp;&nbsp;&nbsp;TP_Save_Adjdata
</UL>

<P><STRONG><a name="[e3]"></a>AT24CXX_WriteOneByte</STRONG> (Thumb, 80 bytes, Stack size 16 bytes, 24cxx.o(i.AT24CXX_WriteOneByte))
<BR><BR>[Stack]<UL><LI>Max Depth = 48<LI>Call Chain = AT24CXX_WriteOneByte &rArr; IIC_Wait_Ack &rArr; IIC_Stop &rArr; delay_us
</UL>
<BR>[Calls]<UL><LI><a href="#[e4]">&gt;&gt;</a>&nbsp;&nbsp;&nbsp;delay_ms
<LI><a href="#[df]">&gt;&gt;</a>&nbsp;&nbsp;&nbsp;IIC_Wait_Ack
<LI><a href="#[e1]">&gt;&gt;</a>&nbsp;&nbsp;&nbsp;IIC_Stop
<LI><a href="#[dd]">&gt;&gt;</a>&nbsp;&nbsp;&nbsp;IIC_Start
<LI><a href="#[de]">&gt;&gt;</a>&nbsp;&nbsp;&nbsp;IIC_Send_Byte
</UL>
<BR>[Called By]<UL><LI><a href="#[17d]">&gt;&gt;</a>&nbsp;&nbsp;&nbsp;TP_Save_Adjdata
<LI><a href="#[e2]">&gt;&gt;</a>&nbsp;&nbsp;&nbsp;AT24CXX_WriteLenByte
</UL>

<P><STRONG><a name="[13]"></a>BusFault_Handler</STRONG> (Thumb, 4 bytes, Stack size 0 bytes, stm32f7xx_it.o(i.BusFault_Handler))
<BR>[Address Reference Count : 1]<UL><LI> startup_stm32f767xx.o(RESET)
</UL>
<P><STRONG><a name="[e5]"></a>CT_Delay</STRONG> (Thumb, 10 bytes, Stack size 8 bytes, ctiic.o(i.CT_Delay))
<BR><BR>[Stack]<UL><LI>Max Depth = 24<LI>Call Chain = CT_Delay &rArr; delay_us
</UL>
<BR>[Calls]<UL><LI><a href="#[e6]">&gt;&gt;</a>&nbsp;&nbsp;&nbsp;delay_us
</UL>
<BR>[Called By]<UL><LI><a href="#[f1]">&gt;&gt;</a>&nbsp;&nbsp;&nbsp;CT_IIC_Wait_Ack
<LI><a href="#[f0]">&gt;&gt;</a>&nbsp;&nbsp;&nbsp;CT_IIC_Stop
<LI><a href="#[ef]">&gt;&gt;</a>&nbsp;&nbsp;&nbsp;CT_IIC_Start
<LI><a href="#[ee]">&gt;&gt;</a>&nbsp;&nbsp;&nbsp;CT_IIC_Send_Byte
<LI><a href="#[ec]">&gt;&gt;</a>&nbsp;&nbsp;&nbsp;CT_IIC_Read_Byte
<LI><a href="#[eb]">&gt;&gt;</a>&nbsp;&nbsp;&nbsp;CT_IIC_NAck
<LI><a href="#[e7]">&gt;&gt;</a>&nbsp;&nbsp;&nbsp;CT_IIC_Ack
</UL>

<P><STRONG><a name="[e7]"></a>CT_IIC_Ack</STRONG> (Thumb, 78 bytes, Stack size 8 bytes, ctiic.o(i.CT_IIC_Ack))
<BR><BR>[Stack]<UL><LI>Max Depth = 32<LI>Call Chain = CT_IIC_Ack &rArr; CT_Delay &rArr; delay_us
</UL>
<BR>[Calls]<UL><LI><a href="#[e8]">&gt;&gt;</a>&nbsp;&nbsp;&nbsp;HAL_GPIO_WritePin
<LI><a href="#[e5]">&gt;&gt;</a>&nbsp;&nbsp;&nbsp;CT_Delay
</UL>
<BR>[Called By]<UL><LI><a href="#[ec]">&gt;&gt;</a>&nbsp;&nbsp;&nbsp;CT_IIC_Read_Byte
</UL>

<P><STRONG><a name="[e9]"></a>CT_IIC_Init</STRONG> (Thumb, 96 bytes, Stack size 32 bytes, ctiic.o(i.CT_IIC_Init))
<BR><BR>[Stack]<UL><LI>Max Depth = 56<LI>Call Chain = CT_IIC_Init &rArr; HAL_GPIO_Init
</UL>
<BR>[Calls]<UL><LI><a href="#[ea]">&gt;&gt;</a>&nbsp;&nbsp;&nbsp;HAL_GPIO_Init
</UL>
<BR>[Called By]<UL><LI><a href="#[168]">&gt;&gt;</a>&nbsp;&nbsp;&nbsp;OTT2001A_Init
<LI><a href="#[fe]">&gt;&gt;</a>&nbsp;&nbsp;&nbsp;GT9271_Init
<LI><a href="#[f9]">&gt;&gt;</a>&nbsp;&nbsp;&nbsp;GT9147_Init
<LI><a href="#[f6]">&gt;&gt;</a>&nbsp;&nbsp;&nbsp;FT5206_Init
</UL>

<P><STRONG><a name="[eb]"></a>CT_IIC_NAck</STRONG> (Thumb, 78 bytes, Stack size 8 bytes, ctiic.o(i.CT_IIC_NAck))
<BR><BR>[Stack]<UL><LI>Max Depth = 32<LI>Call Chain = CT_IIC_NAck &rArr; CT_Delay &rArr; delay_us
</UL>
<BR>[Calls]<UL><LI><a href="#[e8]">&gt;&gt;</a>&nbsp;&nbsp;&nbsp;HAL_GPIO_WritePin
<LI><a href="#[e5]">&gt;&gt;</a>&nbsp;&nbsp;&nbsp;CT_Delay
</UL>
<BR>[Called By]<UL><LI><a href="#[ec]">&gt;&gt;</a>&nbsp;&nbsp;&nbsp;CT_IIC_Read_Byte
</UL>

<P><STRONG><a name="[ec]"></a>CT_IIC_Read_Byte</STRONG> (Thumb, 100 bytes, Stack size 16 bytes, ctiic.o(i.CT_IIC_Read_Byte))
<BR><BR>[Stack]<UL><LI>Max Depth = 48<LI>Call Chain = CT_IIC_Read_Byte &rArr; CT_IIC_NAck &rArr; CT_Delay &rArr; delay_us
</UL>
<BR>[Calls]<UL><LI><a href="#[e8]">&gt;&gt;</a>&nbsp;&nbsp;&nbsp;HAL_GPIO_WritePin
<LI><a href="#[ed]">&gt;&gt;</a>&nbsp;&nbsp;&nbsp;HAL_GPIO_ReadPin
<LI><a href="#[e6]">&gt;&gt;</a>&nbsp;&nbsp;&nbsp;delay_us
<LI><a href="#[eb]">&gt;&gt;</a>&nbsp;&nbsp;&nbsp;CT_IIC_NAck
<LI><a href="#[e7]">&gt;&gt;</a>&nbsp;&nbsp;&nbsp;CT_IIC_Ack
<LI><a href="#[e5]">&gt;&gt;</a>&nbsp;&nbsp;&nbsp;CT_Delay
</UL>
<BR>[Called By]<UL><LI><a href="#[16a]">&gt;&gt;</a>&nbsp;&nbsp;&nbsp;OTT2001A_RD_Reg
<LI><a href="#[ff]">&gt;&gt;</a>&nbsp;&nbsp;&nbsp;GT9271_RD_Reg
<LI><a href="#[fa]">&gt;&gt;</a>&nbsp;&nbsp;&nbsp;GT9147_RD_Reg
<LI><a href="#[f8]">&gt;&gt;</a>&nbsp;&nbsp;&nbsp;FT5206_RD_Reg
</UL>

<P><STRONG><a name="[ee]"></a>CT_IIC_Send_Byte</STRONG> (Thumb, 112 bytes, Stack size 16 bytes, ctiic.o(i.CT_IIC_Send_Byte))
<BR><BR>[Stack]<UL><LI>Max Depth = 40<LI>Call Chain = CT_IIC_Send_Byte &rArr; CT_Delay &rArr; delay_us
</UL>
<BR>[Calls]<UL><LI><a href="#[e8]">&gt;&gt;</a>&nbsp;&nbsp;&nbsp;HAL_GPIO_WritePin
<LI><a href="#[e5]">&gt;&gt;</a>&nbsp;&nbsp;&nbsp;CT_Delay
</UL>
<BR>[Called By]<UL><LI><a href="#[16b]">&gt;&gt;</a>&nbsp;&nbsp;&nbsp;OTT2001A_WR_Reg
<LI><a href="#[16a]">&gt;&gt;</a>&nbsp;&nbsp;&nbsp;OTT2001A_RD_Reg
<LI><a href="#[101]">&gt;&gt;</a>&nbsp;&nbsp;&nbsp;GT9271_WR_Reg
<LI><a href="#[ff]">&gt;&gt;</a>&nbsp;&nbsp;&nbsp;GT9271_RD_Reg
<LI><a href="#[fc]">&gt;&gt;</a>&nbsp;&nbsp;&nbsp;GT9147_WR_Reg
<LI><a href="#[fa]">&gt;&gt;</a>&nbsp;&nbsp;&nbsp;GT9147_RD_Reg
<LI><a href="#[f7]">&gt;&gt;</a>&nbsp;&nbsp;&nbsp;FT5206_WR_Reg
<LI><a href="#[f8]">&gt;&gt;</a>&nbsp;&nbsp;&nbsp;FT5206_RD_Reg
</UL>

<P><STRONG><a name="[ef]"></a>CT_IIC_Start</STRONG> (Thumb, 76 bytes, Stack size 8 bytes, ctiic.o(i.CT_IIC_Start))
<BR><BR>[Stack]<UL><LI>Max Depth = 32<LI>Call Chain = CT_IIC_Start &rArr; CT_Delay &rArr; delay_us
</UL>
<BR>[Calls]<UL><LI><a href="#[e8]">&gt;&gt;</a>&nbsp;&nbsp;&nbsp;HAL_GPIO_WritePin
<LI><a href="#[e6]">&gt;&gt;</a>&nbsp;&nbsp;&nbsp;delay_us
<LI><a href="#[e5]">&gt;&gt;</a>&nbsp;&nbsp;&nbsp;CT_Delay
</UL>
<BR>[Called By]<UL><LI><a href="#[16b]">&gt;&gt;</a>&nbsp;&nbsp;&nbsp;OTT2001A_WR_Reg
<LI><a href="#[16a]">&gt;&gt;</a>&nbsp;&nbsp;&nbsp;OTT2001A_RD_Reg
<LI><a href="#[101]">&gt;&gt;</a>&nbsp;&nbsp;&nbsp;GT9271_WR_Reg
<LI><a href="#[ff]">&gt;&gt;</a>&nbsp;&nbsp;&nbsp;GT9271_RD_Reg
<LI><a href="#[fc]">&gt;&gt;</a>&nbsp;&nbsp;&nbsp;GT9147_WR_Reg
<LI><a href="#[fa]">&gt;&gt;</a>&nbsp;&nbsp;&nbsp;GT9147_RD_Reg
<LI><a href="#[f7]">&gt;&gt;</a>&nbsp;&nbsp;&nbsp;FT5206_WR_Reg
<LI><a href="#[f8]">&gt;&gt;</a>&nbsp;&nbsp;&nbsp;FT5206_RD_Reg
</UL>

<P><STRONG><a name="[f0]"></a>CT_IIC_Stop</STRONG> (Thumb, 66 bytes, Stack size 8 bytes, ctiic.o(i.CT_IIC_Stop))
<BR><BR>[Stack]<UL><LI>Max Depth = 32<LI>Call Chain = CT_IIC_Stop &rArr; CT_Delay &rArr; delay_us
</UL>
<BR>[Calls]<UL><LI><a href="#[e8]">&gt;&gt;</a>&nbsp;&nbsp;&nbsp;HAL_GPIO_WritePin
<LI><a href="#[e6]">&gt;&gt;</a>&nbsp;&nbsp;&nbsp;delay_us
<LI><a href="#[e5]">&gt;&gt;</a>&nbsp;&nbsp;&nbsp;CT_Delay
</UL>
<BR>[Called By]<UL><LI><a href="#[16b]">&gt;&gt;</a>&nbsp;&nbsp;&nbsp;OTT2001A_WR_Reg
<LI><a href="#[16a]">&gt;&gt;</a>&nbsp;&nbsp;&nbsp;OTT2001A_RD_Reg
<LI><a href="#[101]">&gt;&gt;</a>&nbsp;&nbsp;&nbsp;GT9271_WR_Reg
<LI><a href="#[ff]">&gt;&gt;</a>&nbsp;&nbsp;&nbsp;GT9271_RD_Reg
<LI><a href="#[fc]">&gt;&gt;</a>&nbsp;&nbsp;&nbsp;GT9147_WR_Reg
<LI><a href="#[fa]">&gt;&gt;</a>&nbsp;&nbsp;&nbsp;GT9147_RD_Reg
<LI><a href="#[f7]">&gt;&gt;</a>&nbsp;&nbsp;&nbsp;FT5206_WR_Reg
<LI><a href="#[f8]">&gt;&gt;</a>&nbsp;&nbsp;&nbsp;FT5206_RD_Reg
<LI><a href="#[f1]">&gt;&gt;</a>&nbsp;&nbsp;&nbsp;CT_IIC_Wait_Ack
</UL>

[...]
<LI><a href="#[18a]">&gt;&gt;</a>&nbsp;&nbsp;&nbsp;lv_mem_alloc
<LI><a href="#[fb]">&gt;&gt;</a>&nbsp;&nbsp;&nbsp;strcmp
<LI><a href="#[18b]">&gt;&gt;</a>&nbsp;&nbsp;&nbsp;__aeabi_memclr
<LI><a href="#[187]">&gt;&gt;</a>&nbsp;&nbsp;&nbsp;strlen
</UL>
<BR>[Called By]<UL><LI><a href="#[1de]">&gt;&gt;</a>&nbsp;&nbsp;&nbsp;lv_btnm_set_map
</UL>

<P><STRONG><a name="[1e7]"></a>button_get_tgl_state</STRONG> (Thumb, 8 bytes, Stack size 0 bytes, lv_btnm.o(i.button_get_tgl_state))
<BR><BR>[Called By]<UL><LI><a href="#[93]">&gt;&gt;</a>&nbsp;&nbsp;&nbsp;lv_btnm_signal
<LI><a href="#[94]">&gt;&gt;</a>&nbsp;&nbsp;&nbsp;lv_btnm_design
</UL>

<P><STRONG><a name="[1f9]"></a>button_is_click_trig</STRONG> (Thumb, 8 bytes, Stack size 0 bytes, lv_btnm.o(i.button_is_click_trig))
<BR><BR>[Called By]<UL><LI><a href="#[93]">&gt;&gt;</a>&nbsp;&nbsp;&nbsp;lv_btnm_signal
</UL>

<P><STRONG><a name="[1e5]"></a>button_is_hidden</STRONG> (Thumb, 8 bytes, Stack size 0 bytes, lv_btnm.o(i.button_is_hidden))
<BR><BR>[Called By]<UL><LI><a href="#[93]">&gt;&gt;</a>&nbsp;&nbsp;&nbsp;lv_btnm_signal
<LI><a href="#[94]">&gt;&gt;</a>&nbsp;&nbsp;&nbsp;lv_btnm_design
</UL>

<P><STRONG><a name="[1e8]"></a>button_is_inactive</STRONG> (Thumb, 8 bytes, Stack size 0 bytes, lv_btnm.o(i.button_is_inactive))
<BR><BR>[Called By]<UL><LI><a href="#[93]">&gt;&gt;</a>&nbsp;&nbsp;&nbsp;lv_btnm_signal
<LI><a href="#[94]">&gt;&gt;</a>&nbsp;&nbsp;&nbsp;lv_btnm_design
</UL>

<P><STRONG><a name="[1fd]"></a>button_is_repeat_disabled</STRONG> (Thumb, 8 bytes, Stack size 0 bytes, lv_btnm.o(i.button_is_repeat_disabled))
<BR><BR>[Called By]<UL><LI><a href="#[93]">&gt;&gt;</a>&nbsp;&nbsp;&nbsp;lv_btnm_signal
</UL>

<P><STRONG><a name="[1fb]"></a>button_is_tgl_enabled</STRONG> (Thumb, 8 bytes, Stack size 0 bytes, lv_btnm.o(i.button_is_tgl_enabled))
<BR><BR>[Called By]<UL><LI><a href="#[93]">&gt;&gt;</a>&nbsp;&nbsp;&nbsp;lv_btnm_signal
</UL>

<P><STRONG><a name="[19e]"></a>get_button_from_point</STRONG> (Thumb, 146 bytes, Stack size 40 bytes, lv_btnm.o(i.get_button_from_point))
<BR><BR>[Stack]<UL><LI>Max Depth = 56<LI>Call Chain = get_button_from_point &rArr; lv_obj_get_coords
</UL>
<BR>[Calls]<UL><LI><a href="#[188]">&gt;&gt;</a>&nbsp;&nbsp;&nbsp;lv_obj_get_ext_attr
<LI><a href="#[19f]">&gt;&gt;</a>&nbsp;&nbsp;&nbsp;lv_obj_get_coords
<LI><a href="#[1a1]">&gt;&gt;</a>&nbsp;&nbsp;&nbsp;lv_area_is_point_on
<LI><a href="#[1a0]">&gt;&gt;</a>&nbsp;&nbsp;&nbsp;lv_area_copy
</UL>
<BR>[Called By]<UL><LI><a href="#[93]">&gt;&gt;</a>&nbsp;&nbsp;&nbsp;lv_btnm_signal
</UL>

<P><STRONG><a name="[1f4]"></a>get_button_width</STRONG> (Thumb, 16 bytes, Stack size 0 bytes, lv_btnm.o(i.get_button_width))
<BR><BR>[Called By]<UL><LI><a href="#[1de]">&gt;&gt;</a>&nbsp;&nbsp;&nbsp;lv_btnm_set_map
</UL>

<P><STRONG><a name="[1cb]"></a>invalidate_button_area</STRONG> (Thumb, 130 bytes, Stack size 40 bytes, lv_btnm.o(i.invalidate_button_area))
<BR><BR>[Stack]<UL><LI>Max Depth = 92<LI>Call Chain = invalidate_button_area &rArr; lv_inv_area &rArr; lv_area_intersect
</UL>
<BR>[Calls]<UL><LI><a href="#[1cc]">&gt;&gt;</a>&nbsp;&nbsp;&nbsp;lv_obj_get_disp
<LI><a href="#[1cd]">&gt;&gt;</a>&nbsp;&nbsp;&nbsp;lv_inv_area
<LI><a href="#[188]">&gt;&gt;</a>&nbsp;&nbsp;&nbsp;lv_obj_get_ext_attr
<LI><a href="#[19f]">&gt;&gt;</a>&nbsp;&nbsp;&nbsp;lv_obj_get_coords
<LI><a href="#[1a0]">&gt;&gt;</a>&nbsp;&nbsp;&nbsp;lv_area_copy
</UL>
<BR>[Called By]<UL><LI><a href="#[1f0]">&gt;&gt;</a>&nbsp;&nbsp;&nbsp;lv_btnm_set_btn_ctrl
<LI><a href="#[1d4]">&gt;&gt;</a>&nbsp;&nbsp;&nbsp;lv_btnm_clear_btn_ctrl
<LI><a href="#[93]">&gt;&gt;</a>&nbsp;&nbsp;&nbsp;lv_btnm_signal
</UL>

<P><STRONG><a name="[1a0]"></a>lv_area_copy</STRONG> (Thumb, 10 bytes, Stack size 0 bytes, lv_btnm.o(i.lv_area_copy))
<BR><BR>[Called By]<UL><LI><a href="#[94]">&gt;&gt;</a>&nbsp;&nbsp;&nbsp;lv_btnm_design
<LI><a href="#[1cb]">&gt;&gt;</a>&nbsp;&nbsp;&nbsp;invalidate_button_area
<LI><a href="#[19e]">&gt;&gt;</a>&nbsp;&nbsp;&nbsp;get_button_from_point
</UL>

<P><STRONG><a name="[1e6]"></a>lv_area_get_width</STRONG> (Thumb, 14 bytes, Stack size 0 bytes, lv_btnm.o(i.lv_area_get_width))
<BR><BR>[Called By]<UL><LI><a href="#[93]">&gt;&gt;</a>&nbsp;&nbsp;&nbsp;lv_btnm_signal
<LI><a href="#[94]">&gt;&gt;</a>&nbsp;&nbsp;&nbsp;lv_btnm_design
</UL>

<P><STRONG><a name="[94]"></a>lv_btnm_design</STRONG> (Thumb, 770 bytes, Stack size 176 bytes, lv_btnm.o(i.lv_btnm_design))
<BR><BR>[Stack]<UL><LI>Max Depth = 844 + Unknown Stack Size
<LI>Call Chain = lv_btnm_design &rArr; lv_draw_label &rArr; lv_draw_rect &rArr; lv_draw_shadow &rArr; lv_draw_shadow_full &rArr; lv_draw_shadow_full_straight &rArr; lv_draw_fill &rArr; sw_color_fill &rArr; lv_color_mix
</UL>
<BR>[Calls]<UL><LI><a href="#[1ea]">&gt;&gt;</a>&nbsp;&nbsp;&nbsp;lv_style_copy
<LI><a href="#[1eb]">&gt;&gt;</a>&nbsp;&nbsp;&nbsp;lv_draw_rect
<LI><a href="#[1e3]">&gt;&gt;</a>&nbsp;&nbsp;&nbsp;lv_obj_get_style
<LI><a href="#[1e4]">&gt;&gt;</a>&nbsp;&nbsp;&nbsp;lv_obj_get_opa_scale
<LI><a href="#[188]">&gt;&gt;</a>&nbsp;&nbsp;&nbsp;lv_obj_get_ext_attr
<LI><a href="#[19f]">&gt;&gt;</a>&nbsp;&nbsp;&nbsp;lv_obj_get_coords
<LI><a href="#[1ec]">&gt;&gt;</a>&nbsp;&nbsp;&nbsp;lv_txt_get_size
<LI><a href="#[1ed]">&gt;&gt;</a>&nbsp;&nbsp;&nbsp;lv_draw_label
<LI><a href="#[1e9]">&gt;&gt;</a>&nbsp;&nbsp;&nbsp;lv_btnm_get_style
<LI><a href="#[1e6]">&gt;&gt;</a>&nbsp;&nbsp;&nbsp;lv_area_get_width
<LI><a href="#[1a0]">&gt;&gt;</a>&nbsp;&nbsp;&nbsp;lv_area_copy
<LI><a href="#[1e8]">&gt;&gt;</a>&nbsp;&nbsp;&nbsp;button_is_inactive
<LI><a href="#[1e5]">&gt;&gt;</a>&nbsp;&nbsp;&nbsp;button_is_hidden
<LI><a href="#[1e7]">&gt;&gt;</a>&nbsp;&nbsp;&nbsp;button_get_tgl_state
<LI><a href="#[fb]">&gt;&gt;</a>&nbsp;&nbsp;&nbsp;strcmp
</UL>
<BR>[Address Reference Count : 1]<UL><LI> lv_btnm.o(i.lv_btnm_create)
</UL>
<P><STRONG><a name="[93]"></a>lv_btnm_signal</STRONG> (Thumb, 1194 bytes, Stack size 48 bytes, lv_btnm.o(i.lv_btnm_signal))
<BR><BR>[Stack]<UL><LI>Max Depth = 236 + Unknown Stack Size
<LI>Call Chain = lv_btnm_signal &rArr; lv_btnm_set_map &rArr; lv_obj_invalidate &rArr; lv_inv_area &rArr; lv_area_intersect
</UL>
<BR>[Calls]<UL><LI><a href="#[189]">&gt;&gt;</a>&nbsp;&nbsp;&nbsp;lv_mem_free
<LI><a href="#[19b]">&gt;&gt;</a>&nbsp;&nbsp;&nbsp;lv_event_send
<LI><a href="#[1b8]">&gt;&gt;</a>&nbsp;&nbsp;&nbsp;lv_group_get_focused
<LI><a href="#[1b9]">&gt;&gt;</a>&nbsp;&nbsp;&nbsp;lv_group_get_editing
<LI><a href="#[19c]">&gt;&gt;</a>&nbsp;&nbsp;&nbsp;lv_obj_invalidate
<LI><a href="#[188]">&gt;&gt;</a>&nbsp;&nbsp;&nbsp;lv_obj_get_ext_attr
<LI><a href="#[1c7]">&gt;&gt;</a>&nbsp;&nbsp;&nbsp;lv_obj_get_group
<LI><a href="#[1fa]">&gt;&gt;</a>&nbsp;&nbsp;&nbsp;lv_indev_reset_long_press
<LI><a href="#[1f7]">&gt;&gt;</a>&nbsp;&nbsp;&nbsp;lv_indev_get_type
<LI><a href="#[1f8]">&gt;&gt;</a>&nbsp;&nbsp;&nbsp;lv_indev_get_point
<LI><a href="#[1f6]">&gt;&gt;</a>&nbsp;&nbsp;&nbsp;lv_indev_get_act
<LI><a href="#[1de]">&gt;&gt;</a>&nbsp;&nbsp;&nbsp;lv_btnm_set_map
<LI><a href="#[1e9]">&gt;&gt;</a>&nbsp;&nbsp;&nbsp;lv_btnm_get_style
<LI><a href="#[1fc]">&gt;&gt;</a>&nbsp;&nbsp;&nbsp;make_one_button_toggled
<LI><a href="#[1e6]">&gt;&gt;</a>&nbsp;&nbsp;&nbsp;lv_area_get_width
<LI><a href="#[1cb]">&gt;&gt;</a>&nbsp;&nbsp;&nbsp;invalidate_button_area
<LI><a href="#[19e]">&gt;&gt;</a>&nbsp;&nbsp;&nbsp;get_button_from_point
<LI><a href="#[1fb]">&gt;&gt;</a>&nbsp;&nbsp;&nbsp;button_is_tgl_enabled
<LI><a href="#[1fd]">&gt;&gt;</a>&nbsp;&nbsp;&nbsp;button_is_repeat_disabled
<LI><a href="#[1e8]">&gt;&gt;</a>&nbsp;&nbsp;&nbsp;button_is_inactive
<LI><a href="#[1e5]">&gt;&gt;</a>&nbsp;&nbsp;&nbsp;button_is_hidden
<LI><a href="#[1f9]">&gt;&gt;</a>&nbsp;&nbsp;&nbsp;button_is_click_trig
<LI><a href="#[1e7]">&gt;&gt;</a>&nbsp;&nbsp;&nbsp;button_get_tgl_state
</UL>
<BR>[Address Reference Count : 1]<UL><LI> lv_btnm.o(i.lv_btnm_create)
</UL>
<P><STRONG><a name="[1fc]"></a>make_one_button_toggled</STRONG> (Thumb, 40 bytes, Stack size 16 bytes, lv_btnm.o(i.make_one_button_toggled))
<BR><BR>[Stack]<UL><LI>Max Depth = 156<LI>Call Chain = make_one_button_toggled &rArr; lv_btnm_clear_btn_ctrl_all &rArr; lv_btnm_clear_btn_ctrl &rArr; invalidate_button_area &rArr; lv_inv_area &rArr; lv_area_intersect
</UL>
<BR>[Calls]<UL><LI><a href="#[1f0]">&gt;&gt;</a>&nbsp;&nbsp;&nbsp;lv_btnm_set_btn_ctrl
<LI><a href="#[1ef]">&gt;&gt;</a>&nbsp;&nbsp;&nbsp;lv_btnm_get_btn_ctrl
<LI><a href="#[1d5]">&gt;&gt;</a>&nbsp;&nbsp;&nbsp;lv_btnm_clear_btn_ctrl_all
</UL>
<BR>[Called By]<UL><LI><a href="#[93]">&gt;&gt;</a>&nbsp;&nbsp;&nbsp;lv_btnm_signal
</UL>

<P><STRONG><a name="[1f3]"></a>maps_are_identical</STRONG> (Thumb, 98 bytes, Stack size 16 bytes, lv_btnm.o(i.maps_are_identical))
<BR><BR>[Stack]<UL><LI>Max Depth = 16<LI>Call Chain = maps_are_identical
</UL>
<BR>[Calls]<UL><LI><a href="#[fb]">&gt;&gt;</a>&nbsp;&nbsp;&nbsp;strcmp
</UL>
<BR>[Called By]<UL><LI><a href="#[1de]">&gt;&gt;</a>&nbsp;&nbsp;&nbsp;lv_btnm_set_map
</UL>

<P><STRONG><a name="[277]"></a>lv_area_get_height</STRONG> (Thumb, 14 bytes, Stack size 0 bytes, lv_label.o(i.lv_area_get_height))
<BR><BR>[Called By]<UL><LI><a href="#[a1]">&gt;&gt;</a>&nbsp;&nbsp;&nbsp;lv_label_signal
</UL>

<P><STRONG><a name="[276]"></a>lv_area_get_width</STRONG> (Thumb, 14 bytes, Stack size 0 bytes, lv_label.o(i.lv_area_get_width))
<BR><BR>[Called By]<UL><LI><a href="#[a1]">&gt;&gt;</a>&nbsp;&nbsp;&nbsp;lv_label_signal
</UL>

<P><STRONG><a name="[26b]"></a>lv_font_get_line_height</STRONG> (Thumb, 6 bytes, Stack size 0 bytes, lv_label.o(i.lv_font_get_line_height))
<BR><BR>[Called By]<UL><LI><a href="#[270]">&gt;&gt;</a>&nbsp;&nbsp;&nbsp;lv_label_refr_text
<LI><a href="#[a0]">&gt;&gt;</a>&nbsp;&nbsp;&nbsp;lv_label_design
<LI><a href="#[26e]">&gt;&gt;</a>&nbsp;&nbsp;&nbsp;lv_label_get_letter_on
</UL>

<P><STRONG><a name="[a0]"></a>lv_label_design</STRONG> (Thumb, 608 bytes, Stack size 96 bytes, lv_label.o(i.lv_label_design))
<BR><BR>[Stack]<UL><LI>Max Depth = 764 + Unknown Stack Size
<LI>Call Chain = lv_label_design &rArr; lv_draw_label &rArr; lv_draw_rect &rArr; lv_draw_shadow &rArr; lv_draw_shadow_full &rArr; lv_draw_shadow_full_straight &rArr; lv_draw_fill &rArr; sw_color_fill &rArr; lv_color_mix
</UL>
<BR>[Calls]<UL><LI><a href="#[1b8]">&gt;&gt;</a>&nbsp;&nbsp;&nbsp;lv_group_get_focused
<LI><a href="#[1eb]">&gt;&gt;</a>&nbsp;&nbsp;&nbsp;lv_draw_rect
<LI><a href="#[1e3]">&gt;&gt;</a>&nbsp;&nbsp;&nbsp;lv_obj_get_style
<LI><a href="#[1e4]">&gt;&gt;</a>&nbsp;&nbsp;&nbsp;lv_obj_get_opa_scale
<LI><a href="#[188]">&gt;&gt;</a>&nbsp;&nbsp;&nbsp;lv_obj_get_ext_attr
<LI><a href="#[1ae]">&gt;&gt;</a>&nbsp;&nbsp;&nbsp;lv_obj_get_width
<LI><a href="#[1af]">&gt;&gt;</a>&nbsp;&nbsp;&nbsp;lv_obj_get_height
<LI><a href="#[1c7]">&gt;&gt;</a>&nbsp;&nbsp;&nbsp;lv_obj_get_group
<LI><a href="#[19f]">&gt;&gt;</a>&nbsp;&nbsp;&nbsp;lv_obj_get_coords
<LI><a href="#[1ec]">&gt;&gt;</a>&nbsp;&nbsp;&nbsp;lv_txt_get_size
<LI><a href="#[223]">&gt;&gt;</a>&nbsp;&nbsp;&nbsp;lv_font_get_glyph_width
<LI><a href="#[1ed]">&gt;&gt;</a>&nbsp;&nbsp;&nbsp;lv_draw_label
<LI><a href="#[26a]">&gt;&gt;</a>&nbsp;&nbsp;&nbsp;lv_label_get_text_sel_start
<LI><a href="#[269]">&gt;&gt;</a>&nbsp;&nbsp;&nbsp;lv_label_get_text_sel_end
<LI><a href="#[26b]">&gt;&gt;</a>&nbsp;&nbsp;&nbsp;lv_font_get_line_height
</UL>
<BR>[Address Reference Count : 1]<UL><LI> lv_label.o(i.lv_label_create)
</UL>
<P><STRONG><a name="[26c]"></a>lv_label_dot_tmp_free</STRONG> (Thumb, 44 bytes, Stack size 16 bytes, lv_label.o(i.lv_label_dot_tmp_free))
<BR><BR>[Stack]<UL><LI>Max Depth = 48 + Unknown Stack Size
<LI>Call Chain = lv_label_dot_tmp_free &rArr; lv_mem_free &rArr; ent_get_next
</UL>
<BR>[Calls]<UL><LI><a href="#[189]">&gt;&gt;</a>&nbsp;&nbsp;&nbsp;lv_mem_free
<LI><a href="#[188]">&gt;&gt;</a>&nbsp;&nbsp;&nbsp;lv_obj_get_ext_attr
</UL>
<BR>[Called By]<UL><LI><a href="#[a1]">&gt;&gt;</a>&nbsp;&nbsp;&nbsp;lv_label_signal
<LI><a href="#[267]">&gt;&gt;</a>&nbsp;&nbsp;&nbsp;lv_label_set_dot_tmp
<LI><a href="#[273]">&gt;&gt;</a>&nbsp;&nbsp;&nbsp;lv_label_revert_dots
</UL>

<P><STRONG><a name="[26d]"></a>lv_label_get_dot_tmp</STRONG> (Thumb, 28 bytes, Stack size 16 bytes, lv_label.o(i.lv_label_get_dot_tmp))
<BR><BR>[Stack]<UL><LI>Max Depth = 16<LI>Call Chain = lv_label_get_dot_tmp
</UL>
<BR>[Calls]<UL><LI><a href="#[188]">&gt;&gt;</a>&nbsp;&nbsp;&nbsp;lv_obj_get_ext_attr
</UL>
<BR>[Called By]<UL><LI><a href="#[273]">&gt;&gt;</a>&nbsp;&nbsp;&nbsp;lv_label_revert_dots
</UL>

<P><STRONG><a name="[270]"></a>lv_label_refr_text</STRONG> (Thumb, 978 bytes, Stack size 80 bytes, lv_label.o(i.lv_label_refr_text))
<BR><BR>[Stack]<UL><LI>Max Depth = 332 + Unknown Stack Size
<LI>Call Chain = lv_label_refr_text &rArr; lv_obj_set_height &rArr; lv_obj_set_size &rArr; lv_obj_realign &rArr; lv_obj_align &rArr; lv_obj_set_pos &rArr; lv_obj_invalidate &rArr; lv_inv_area &rArr; lv_area_intersect
</UL>
<BR>[Calls]<UL><LI><a href="#[19c]">&gt;&gt;</a>&nbsp;&nbsp;&nbsp;lv_obj_invalidate
<LI><a href="#[1d2]">&gt;&gt;</a>&nbsp;&nbsp;&nbsp;lv_anim_del
<LI><a href="#[1dd]">&gt;&gt;</a>&nbsp;&nbsp;&nbsp;lv_obj_set_size
<LI><a href="#[272]">&gt;&gt;</a>&nbsp;&nbsp;&nbsp;lv_obj_set_height
<LI><a href="#[1e3]">&gt;&gt;</a>&nbsp;&nbsp;&nbsp;lv_obj_get_style
<LI><a href="#[188]">&gt;&gt;</a>&nbsp;&nbsp;&nbsp;lv_obj_get_ext_attr
<LI><a href="#[1ae]">&gt;&gt;</a>&nbsp;&nbsp;&nbsp;lv_obj_get_width
<LI><a href="#[1af]">&gt;&gt;</a>&nbsp;&nbsp;&nbsp;lv_obj_get_height
<LI><a href="#[1ec]">&gt;&gt;</a>&nbsp;&nbsp;&nbsp;lv_txt_get_size
<LI><a href="#[223]">&gt;&gt;</a>&nbsp;&nbsp;&nbsp;lv_font_get_glyph_width
<LI><a href="#[271]">&gt;&gt;</a>&nbsp;&nbsp;&nbsp;lv_anim_speed_to_time
<LI><a href="#[1d1]">&gt;&gt;</a>&nbsp;&nbsp;&nbsp;lv_anim_create
<LI><a href="#[267]">&gt;&gt;</a>&nbsp;&nbsp;&nbsp;lv_label_set_dot_tmp
<LI><a href="#[26b]">&gt;&gt;</a>&nbsp;&nbsp;&nbsp;lv_font_get_line_height
<LI><a href="#[26e]">&gt;&gt;</a>&nbsp;&nbsp;&nbsp;lv_label_get_letter_on
</UL>
<BR>[Called By]<UL><LI><a href="#[197]">&gt;&gt;</a>&nbsp;&nbsp;&nbsp;lv_label_set_text
<LI><a href="#[265]">&gt;&gt;</a>&nbsp;&nbsp;&nbsp;lv_label_set_static_text
<LI><a href="#[206]">&gt;&gt;</a>&nbsp;&nbsp;&nbsp;lv_label_set_recolor
<LI><a href="#[203]">&gt;&gt;</a>&nbsp;&nbsp;&nbsp;lv_label_set_long_mode
<LI><a href="#[a1]">&gt;&gt;</a>&nbsp;&nbsp;&nbsp;lv_label_signal
</UL>

<P><STRONG><a name="[273]"></a>lv_label_revert_dots</STRONG> (Thumb, 116 bytes, Stack size 32 bytes, lv_label.o(i.lv_label_revert_dots))
<BR><BR>[Stack]<UL><LI>Max Depth = 80 + Unknown Stack Size
<LI>Call Chain = lv_label_revert_dots &rArr; lv_label_dot_tmp_free &rArr; lv_mem_free &rArr; ent_get_next
</UL>
<BR>[Calls]<UL><LI><a href="#[188]">&gt;&gt;</a>&nbsp;&nbsp;&nbsp;lv_obj_get_ext_attr
<LI><a href="#[26d]">&gt;&gt;</a>&nbsp;&nbsp;&nbsp;lv_label_get_dot_tmp
<LI><a href="#[26c]">&gt;&gt;</a>&nbsp;&nbsp;&nbsp;lv_label_dot_tmp_free
</UL>
<BR>[Called By]<UL><LI><a href="#[203]">&gt;&gt;</a>&nbsp;&nbsp;&nbsp;lv_label_set_long_mode
<LI><a href="#[a1]">&gt;&gt;</a>&nbsp;&nbsp;&nbsp;lv_label_signal
</UL>

<P><STRONG><a name="[267]"></a>lv_label_set_dot_tmp</STRONG> (Thumb, 96 bytes, Stack size 24 bytes, lv_label.o(i.lv_label_set_dot_tmp))
<BR><BR>[Stack]<UL><LI>Max Depth = 72 + Unknown Stack Size
<LI>Call Chain = lv_label_set_dot_tmp &rArr; lv_label_dot_tmp_free &rArr; lv_mem_free &rArr; ent_get_next
</UL>
<BR>[Calls]<UL><LI><a href="#[188]">&gt;&gt;</a>&nbsp;&nbsp;&nbsp;lv_obj_get_ext_attr
<LI><a href="#[18a]">&gt;&gt;</a>&nbsp;&nbsp;&nbsp;lv_mem_alloc
<LI><a href="#[26c]">&gt;&gt;</a>&nbsp;&nbsp;&nbsp;lv_label_dot_tmp_free
<LI><a href="#[1f2]">&gt;&gt;</a>&nbsp;&nbsp;&nbsp;__aeabi_memcpy
</UL>
<BR>[Called By]<UL><LI><a href="#[202]">&gt;&gt;</a>&nbsp;&nbsp;&nbsp;lv_label_create
<LI><a href="#[270]">&gt;&gt;</a>&nbsp;&nbsp;&nbsp;lv_label_refr_text
</UL>

<P><STRONG><a name="[a3]"></a>lv_label_set_offset_x</STRONG> (Thumb, 24 bytes, Stack size 16 bytes, lv_label.o(i.lv_label_set_offset_x))
<BR><BR>[Stack]<UL><LI>Max Depth = 108<LI>Call Chain = lv_label_set_offset_x &rArr; lv_obj_invalidate &rArr; lv_inv_area &rArr; lv_area_intersect
</UL>
<BR>[Calls]<UL><LI><a href="#[19c]">&gt;&gt;</a>&nbsp;&nbsp;&nbsp;lv_obj_invalidate
<LI><a href="#[188]">&gt;&gt;</a>&nbsp;&nbsp;&nbsp;lv_obj_get_ext_attr
</UL>
<BR>[Address Reference Count : 2]<UL><LI> lv_label.o(i.lv_label_refr_text)
<LI> lv_label.o(i.lv_label_set_long_mode)
</UL>
<P><STRONG><a name="[a4]"></a>lv_label_set_offset_y</STRONG> (Thumb, 24 bytes, Stack size 16 bytes, lv_label.o(i.lv_label_set_offset_y))
<BR><BR>[Stack]<UL><LI>Max Depth = 108<LI>Call Chain = lv_label_set_offset_y &rArr; lv_obj_invalidate &rArr; lv_inv_area &rArr; lv_area_intersect
</UL>
<BR>[Calls]<UL><LI><a href="#[19c]">&gt;&gt;</a>&nbsp;&nbsp;&nbsp;lv_obj_invalidate
<LI><a href="#[188]">&gt;&gt;</a>&nbsp;&nbsp;&nbsp;lv_obj_get_ext_attr
</UL>
<BR>[Address Reference Count : 2]<UL><LI> lv_label.o(i.lv_label_refr_text)
<LI> lv_label.o(i.lv_label_set_long_mode)
</UL>
<P><STRONG><a name="[a1]"></a>lv_label_signal</STRONG> (Thumb, 310 bytes, Stack size 32 bytes, lv_label.o(i.lv_label_signal))
<BR><BR>[Stack]<UL><LI>Max Depth = 364 + Unknown Stack Size
<LI>Call Chain = lv_label_signal &rArr; lv_label_refr_text &rArr; lv_obj_set_height &rArr; lv_obj_set_size &rArr; lv_obj_realign &rArr; lv_obj_align &rArr; lv_obj_set_pos &rArr; lv_obj_invalidate &rArr; lv_inv_area &rArr; lv_area_intersect
</UL>
<BR>[Calls]<UL><LI><a href="#[189]">&gt;&gt;</a>&nbsp;&nbsp;&nbsp;lv_mem_free
<LI><a href="#[1e3]">&gt;&gt;</a>&nbsp;&nbsp;&nbsp;lv_obj_get_style
<LI><a href="#[188]">&gt;&gt;</a>&nbsp;&nbsp;&nbsp;lv_obj_get_ext_attr
<LI><a href="#[273]">&gt;&gt;</a>&nbsp;&nbsp;&nbsp;lv_label_revert_dots
<LI><a href="#[270]">&gt;&gt;</a>&nbsp;&nbsp;&nbsp;lv_label_refr_text
<LI><a href="#[26c]">&gt;&gt;</a>&nbsp;&nbsp;&nbsp;lv_label_dot_tmp_free
<LI><a href="#[276]">&gt;&gt;</a>&nbsp;&nbsp;&nbsp;lv_area_get_width
<LI><a href="#[277]">&gt;&gt;</a>&nbsp;&nbsp;&nbsp;lv_area_get_height
</UL>
<BR>[Address Reference Count : 1]<UL><LI> lv_label.o(i.lv_label_create)
</UL>
<P><STRONG><a name="[a9]"></a>disp_flush</STRONG> (Thumb, 38 bytes, Stack size 24 bytes, lv_port_disp.o(i.disp_flush))
<BR><BR>[Stack]<UL><LI>Max Depth = 116<LI>Call Chain = disp_flush &rArr; LCD_Color_Fill &rArr; LTDC_Color_Fill
</UL>
<BR>[Calls]<UL><LI><a href="#[192]">&gt;&gt;</a>&nbsp;&nbsp;&nbsp;lv_disp_flush_ready
<LI><a href="#[148]">&gt;&gt;</a>&nbsp;&nbsp;&nbsp;LCD_Color_Fill
</UL>
<BR>[Address Reference Count : 1]<UL><LI> lv_port_disp.o(i.lv_port_disp_init)
</UL>
<P><STRONG><a name="[aa]"></a>touchpad_read</STRONG> (Thumb, 76 bytes, Stack size 0 bytes, lv_port_indev.o(i.touchpad_read))
<BR>[Address Reference Count : 1]<UL><LI> lv_port_indev.o(i.lv_port_indev_init)
</UL>
<P><STRONG><a name="[95]"></a>event_handler</STRONG> (Thumb, 200 bytes, Stack size 16 bytes, lv_btnm_test.o(i.event_handler))
<BR><BR>[Stack]<UL><LI>Max Depth = 372 + Unknown Stack Size
<LI>Call Chain = event_handler &rArr; lv_label_set_text &rArr; lv_label_refr_text &rArr; lv_obj_set_height &rArr; lv_obj_set_size &rArr; lv_obj_realign &rArr; lv_obj_align &rArr; lv_obj_set_pos &rArr; lv_obj_invalidate &rArr; lv_inv_area &rArr; lv_area_intersect
</UL>
<BR>[Calls]<UL><LI><a href="#[198]">&gt;&gt;</a>&nbsp;&nbsp;&nbsp;HAL_GPIO_TogglePin
<LI><a href="#[172]">&gt;&gt;</a>&nbsp;&nbsp;&nbsp;RS485_Send_Data
<LI><a href="#[195]">&gt;&gt;</a>&nbsp;&nbsp;&nbsp;lv_btnm_get_active_btn_text
<LI><a href="#[196]">&gt;&gt;</a>&nbsp;&nbsp;&nbsp;lv_btnm_get_active_btn
<LI><a href="#[197]">&gt;&gt;</a>&nbsp;&nbsp;&nbsp;lv_label_set_text
<LI><a href="#[c4]">&gt;&gt;</a>&nbsp;&nbsp;&nbsp;__2sprintf
<LI><a href="#[c2]">&gt;&gt;</a>&nbsp;&nbsp;&nbsp;__2printf
</UL>
<BR>[Address Reference Count : 1]<UL><LI> lv_btnm_test.o(i.lv_btnm_test_start)
</UL>
<P><STRONG><a name="[88]"></a>_printf_input_char</STRONG> (Thumb, 10 bytes, Stack size 0 bytes, _printf_char_common.o(.text))
<BR>[Address Reference Count : 1]<UL><LI> _printf_char_common.o(.text)
</UL><P>
<H3>
Undefined Global Symbols
</H3><HR></body></html>
